<html>
<body>
<pre>
<h1>µVision Build Log</h1>
<h2>Tool Versions:</h2>
IDE-Version: ¦ÌVision V5.26.2.0
Copyright (C) 2018 ARM Ltd and ARM Germany GmbH. All rights reserved.
License Information: a a, a, LIC=EXJT4-FN42X-2ZUW4-FZMXV-ILF25-JUCTG
 
Tool Versions:
Toolchain:       MDK-ARM Plus  Version: 5.26.2.0
Toolchain Path:  C:\Keil_v5\ARM\ARMCLANG\Bin
C Compiler:      ArmClang.exe V6.10.1
Assembler:       Armasm.exe V6.10.1
Linker/Locator:  ArmLink.exe V6.10.1
Library Manager: ArmAr.exe V6.10.1
Hex Converter:   FromElf.exe V6.10.1
CPU DLL:         SARMCM3.DLL V5.26.2.0
Dialog DLL:      DCM.DLL V1.17.2.0
Target DLL:      Segger\JL2CM3.dll V2.99.31.0
Dialog DLL:      TCM.DLL V1.36.1.0
 
<h2>Project:</h2>
C:\Users\70941\Desktop\Code\MicroCalorimeter\MDK-ARM\MicroCalorimeter.uvprojx
Project File Date:  08/31/2024

<h2>Output:</h2>
*** Using Compiler 'V6.10.1', folder: 'C:\Keil_v5\ARM\ARMCLANG\Bin'
Rebuild target 'MicroCalorimeter'
assembling startup_stm32f103xe.s...
compiling cpu_usage.c...
compiling IOSPI.c...
compiling eeprom.c...
compiling I2C.c...
compiling InitAD7177.c...
compiling board.c...
compiling AD717X.c...
compiling DataConversion.c...
compiling DataProcess.c...
compiling CRC16.c...
compiling ModbusRtu.c...
compiling MainTask.c...
compiling main.c...
compiling gpio.c...
compiling dma.c...
compiling iwdg.c...
compiling stm32f1xx_it.c...
compiling stm32f1xx_hal_msp.c...
compiling usart.c...
compiling stm32f1xx_hal_gpio_ex.c...
compiling stm32f1xx_hal_iwdg.c...
compiling stm32f1xx_hal.c...
compiling stm32f1xx_hal_rcc.c...
compiling stm32f1xx_hal_rcc_ex.c...
compiling stm32f1xx_hal_gpio.c...
compiling stm32f1xx_hal_dma.c...
compiling stm32f1xx_hal_pwr.c...
compiling stm32f1xx_hal_cortex.c...
compiling stm32f1xx_hal_flash.c...
compiling stm32f1xx_hal_flash_ex.c...
compiling stm32f1xx_hal_exti.c...
compiling stm32f1xx_hal_tim.c...
compiling stm32f1xx_hal_tim_ex.c...
compiling clock.c...
compiling system_stm32f1xx.c...
compiling components.c...
compiling cpu.c...
compiling stm32f1xx_hal_uart.c...
compiling idle.c...
compiling ipc.c...
compiling irq.c...
compiling memheap.c...
compiling mempool.c...
compiling kservice.c...
compiling mem.c...
compiling object.c...
compiling scheduler.c...
compiling slab.c...
assembling context_rvds.S...
compiling thread.c...
compiling cpuport.c...
compiling timer.c...
linking...
Program Size: Code=27392 RO-data=816 RW-data=1120 ZI-data=40136  
FromELF: creating hex file...
"MicroCalorimeter\MicroCalorimeter.axf" - 0 Error(s), 0 Warning(s).

<h2>Software Packages used:</h2>

Package Vendor: ARM
                http://www.keil.com/pack/ARM.CMSIS.5.4.0.pack
                ARM.CMSIS.5.4.0
                CMSIS (Cortex Microcontroller Software Interface Standard)
   * Component: CORE Version: 5.1.2

Package Vendor: Keil
                http://www.keil.com/pack/Keil.STM32F1xx_DFP.2.2.0.pack
                Keil.STM32F1xx_DFP.2.2.0
                STMicroelectronics STM32F1 Series Device Support, Drivers and Examples

<h2>Collection of Component include folders:</h2>
  .\RTE\_MicroCalorimeter
  C:\Keil_v5\ARM\PACK\ARM\CMSIS\5.4.0\CMSIS\Core\Include
  C:\Keil_v5\ARM\PACK\Keil\STM32F1xx_DFP\2.2.0\Device\Include

<h2>Collection of Component Files used:</h2>

   * Component: ARM::CMSIS:CORE:5.1.2
Build Time Elapsed:  00:00:24
</pre>
</body>
</html>
