Component: ARM Compiler 6.10.1 Tool: armlink [5d142800]

==============================================================================

Section Cross References

    startup_stm32f103xe.o(RESET) refers to startup_stm32f103xe.o(STACK) for __initial_sp
    startup_stm32f103xe.o(RESET) refers to startup_stm32f103xe.o(.text) for Reset_Handler
    startup_stm32f103xe.o(RESET) refers to stm32f1xx_it.o(.text.NMI_Handler) for NMI_Handler
    startup_stm32f103xe.o(RESET) refers to context_rvds.o(.text) for HardFault_Handler
    startup_stm32f103xe.o(RESET) refers to stm32f1xx_it.o(.text.MemManage_Handler) for MemManage_Handler
    startup_stm32f103xe.o(RESET) refers to stm32f1xx_it.o(.text.BusFault_Handler) for BusFault_Handler
    startup_stm32f103xe.o(RESET) refers to stm32f1xx_it.o(.text.UsageFault_Handler) for UsageFault_Handler
    startup_stm32f103xe.o(RESET) refers to stm32f1xx_it.o(.text.SVC_Handler) for SVC_Handler
    startup_stm32f103xe.o(RESET) refers to stm32f1xx_it.o(.text.DebugMon_Handler) for DebugMon_Handler
    startup_stm32f103xe.o(RESET) refers to board.o(.text.SysTick_Handler) for SysTick_Handler
    startup_stm32f103xe.o(RESET) refers to stm32f1xx_it.o(.text.EXTI4_IRQHandler) for EXTI4_IRQHandler
    startup_stm32f103xe.o(RESET) refers to stm32f1xx_it.o(.text.DMA1_Channel3_IRQHandler) for DMA1_Channel3_IRQHandler
    startup_stm32f103xe.o(RESET) refers to stm32f1xx_it.o(.text.USART1_IRQHandler) for USART1_IRQHandler
    startup_stm32f103xe.o(RESET) refers to stm32f1xx_it.o(.text.USART3_IRQHandler) for USART3_IRQHandler
    startup_stm32f103xe.o(.text) refers to system_stm32f1xx.o(.text.SystemInit) for SystemInit
    startup_stm32f103xe.o(.text) refers to entry.o(.ARM.Collect$$$$00000000) for __main
    board.o(.text.rt_hw_us_delay) refers to system_stm32f1xx.o(.data.SystemCoreClock) for SystemCoreClock
    board.o(.ARM.exidx.text.rt_hw_us_delay) refers to board.o(.text.rt_hw_us_delay) for [Anonymous Symbol]
    board.o(.text.rt_hw_console_output) refers to stm32f1xx_hal_uart.o(.text.HAL_UART_Transmit) for HAL_UART_Transmit
    board.o(.text.rt_hw_console_output) refers to usart.o(.bss.huart3) for huart3
    board.o(.ARM.exidx.text.rt_hw_console_output) refers to board.o(.text.rt_hw_console_output) for [Anonymous Symbol]
    board.o(.text.rt_heap_begin_get) refers to board.o(.bss.rt_heap) for [Anonymous Symbol]
    board.o(.ARM.exidx.text.rt_heap_begin_get) refers to board.o(.text.rt_heap_begin_get) for [Anonymous Symbol]
    board.o(.text.rt_heap_end_get) refers to board.o(.bss.rt_heap) for [Anonymous Symbol]
    board.o(.ARM.exidx.text.rt_heap_end_get) refers to board.o(.text.rt_heap_end_get) for [Anonymous Symbol]
    board.o(.text.rt_hw_board_init) refers to system_stm32f1xx.o(.text.SystemCoreClockUpdate) for SystemCoreClockUpdate
    board.o(.text.rt_hw_board_init) refers to components.o(.text.rt_components_board_init) for rt_components_board_init
    board.o(.text.rt_hw_board_init) refers to board.o(.text.rt_heap_begin_get) for rt_heap_begin_get
    board.o(.text.rt_hw_board_init) refers to board.o(.text.rt_heap_end_get) for rt_heap_end_get
    board.o(.text.rt_hw_board_init) refers to mem.o(.text.rt_system_heap_init) for rt_system_heap_init
    board.o(.text.rt_hw_board_init) refers to system_stm32f1xx.o(.data.SystemCoreClock) for SystemCoreClock
    board.o(.ARM.exidx.text.rt_hw_board_init) refers to board.o(.text.rt_hw_board_init) for [Anonymous Symbol]
    board.o(.text.SysTick_Handler) refers to irq.o(.text.rt_interrupt_enter) for rt_interrupt_enter
    board.o(.text.SysTick_Handler) refers to clock.o(.text.rt_tick_increase) for rt_tick_increase
    board.o(.text.SysTick_Handler) refers to irq.o(.text.rt_interrupt_leave) for rt_interrupt_leave
    board.o(.ARM.exidx.text.SysTick_Handler) refers to board.o(.text.SysTick_Handler) for [Anonymous Symbol]
    cpu_usage.o(.text.cpu_usage_get) refers to cpu_usage.o(.bss..L_MergedGlobals) for [Anonymous Symbol]
    cpu_usage.o(.ARM.exidx.text.cpu_usage_get) refers to cpu_usage.o(.text.cpu_usage_get) for [Anonymous Symbol]
    cpu_usage.o(.text.cpu_usage_init) refers to idle.o(.text.rt_thread_idle_sethook) for rt_thread_idle_sethook
    cpu_usage.o(.text.cpu_usage_init) refers to cpu_usage.o(.text.cpu_usage_idle_hook) for cpu_usage_idle_hook
    cpu_usage.o(.ARM.exidx.text.cpu_usage_init) refers to cpu_usage.o(.text.cpu_usage_init) for [Anonymous Symbol]
    cpu_usage.o(.text.cpu_usage_idle_hook) refers to scheduler.o(.text.rt_enter_critical) for rt_enter_critical
    cpu_usage.o(.text.cpu_usage_idle_hook) refers to clock.o(.text.rt_tick_get) for rt_tick_get
    cpu_usage.o(.text.cpu_usage_idle_hook) refers to scheduler.o(.text.rt_exit_critical) for rt_exit_critical
    cpu_usage.o(.text.cpu_usage_idle_hook) refers to cpu_usage.o(.bss..L_MergedGlobals) for [Anonymous Symbol]
    cpu_usage.o(.ARM.exidx.text.cpu_usage_idle_hook) refers to cpu_usage.o(.text.cpu_usage_idle_hook) for [Anonymous Symbol]
[...]
    rt_object_detach_hook                    0x20008c84   Data           4  object.o(.bss.rt_object_detach_hook)
    [Anonymous Symbol]                       0x20008c94   Section        0  thread.o(.bss.rt_thread_inited_hook)
    rt_thread_inited_hook                    0x20008c94   Data           4  thread.o(.bss.rt_thread_inited_hook)
    [Anonymous Symbol]                       0x20008d98   Section        0  thread.o(.bss.rt_thread_resume_hook)
    rt_thread_resume_hook                    0x20008d98   Data           4  thread.o(.bss.rt_thread_resume_hook)
    [Anonymous Symbol]                       0x20008d9c   Section        0  idle.o(.bss.rt_thread_stack)
    rt_thread_stack                          0x20008d9c   Data         256  idle.o(.bss.rt_thread_stack)
    [Anonymous Symbol]                       0x20008e9c   Section        0  thread.o(.bss.rt_thread_suspend_hook)
    rt_thread_suspend_hook                   0x20008e9c   Data           4  thread.o(.bss.rt_thread_suspend_hook)
    [Anonymous Symbol]                       0x20008ea4   Section        0  clock.o(.bss.rt_tick)
    rt_tick                                  0x20008ea4   Data           4  clock.o(.bss.rt_tick)
    STACK                                    0x200093b0   Section     1024  startup_stm32f103xe.o(STACK)

    Global Symbols

    Symbol Name                              Value     Ov Type        Size  Object(Section)

    BuildAttributes$$THM_ISAv4$P$D$K$B$S$PE$A:L22UL41UL21$X:L11$S22US41US21$IEEE1$IW$~IW$USESV6$~STKCKD$USESV7$~SHL$OTIME$ROPI$EBA8$MICROLIB$REQ8$PRES8$EABIv2 0x00000000   Number         0  anon$$obj.o ABSOLUTE
    _printf_a                                0x00000000   Number         0  stubs.o ABSOLUTE
    _printf_c                                0x00000000   Number         0  stubs.o ABSOLUTE
    _printf_charcount                        0x00000000   Number         0  stubs.o ABSOLUTE
    _printf_d                                0x00000000   Number         0  stubs.o ABSOLUTE
    _printf_e                                0x00000000   Number         0  stubs.o ABSOLUTE
    _printf_f                                0x00000000   Number         0  stubs.o ABSOLUTE
    _printf_flags                            0x00000000   Number         0  stubs.o ABSOLUTE
    _printf_fp_dec                           0x00000000   Number         0  stubs.o ABSOLUTE
    _printf_fp_hex                           0x00000000   Number         0  stubs.o ABSOLUTE
    _printf_g                                0x00000000   Number         0  stubs.o ABSOLUTE
    _printf_i                                0x00000000   Number         0  stubs.o ABSOLUTE
    _printf_int_dec                          0x00000000   Number         0  stubs.o ABSOLUTE
    _printf_l                                0x00000000   Number         0  stubs.o ABSOLUTE
    _printf_lc                               0x00000000   Number         0  stubs.o ABSOLUTE
    _printf_ll                               0x00000000   Number         0  stubs.o ABSOLUTE
    _printf_lld                              0x00000000   Number         0  stubs.o ABSOLUTE
    _printf_lli                              0x00000000   Number         0  stubs.o ABSOLUTE
    _printf_llo                              0x00000000   Number         0  stubs.o ABSOLUTE
    _printf_llu                              0x00000000   Number         0  stubs.o ABSOLUTE
    _printf_llx                              0x00000000   Number         0  stubs.o ABSOLUTE
    _printf_longlong_dec                     0x00000000   Number         0  stubs.o ABSOLUTE
    _printf_longlong_hex                     0x00000000   Number         0  stubs.o ABSOLUTE
    _printf_longlong_oct                     0x00000000   Number         0  stubs.o ABSOLUTE
    _printf_ls                               0x00000000   Number         0  stubs.o ABSOLUTE
    _printf_mbtowc                           0x00000000   Number         0  stubs.o ABSOLUTE
    _printf_n                                0x00000000   Number         0  stubs.o ABSOLUTE
    _printf_o                                0x00000000   Number         0  stubs.o ABSOLUTE
    _printf_p                                0x00000000   Number         0  stubs.o ABSOLUTE
    _printf_percent                          0x00000000   Number         0  stubs.o ABSOLUTE
    _printf_pre_padding                      0x00000000   Number         0  stubs.o ABSOLUTE
    _printf_return_value                     0x00000000   Number         0  stubs.o ABSOLUTE
    _printf_s                                0x00000000   Number         0  stubs.o ABSOLUTE
    _printf_sizespec                         0x00000000   Number         0  stubs.o ABSOLUTE
    _printf_str                              0x00000000   Number         0  stubs.o ABSOLUTE
    _printf_truncate_signed                  0x00000000   Number         0  stubs.o ABSOLUTE
    _printf_truncate_unsigned                0x00000000   Number         0  stubs.o ABSOLUTE
    _printf_u                                0x00000000   Number         0  stubs.o ABSOLUTE
    _printf_wc                               0x00000000   Number         0  stubs.o ABSOLUTE
    _printf_wctomb                           0x00000000   Number         0  stubs.o ABSOLUTE
    _printf_widthprec                        0x00000000   Number         0  stubs.o ABSOLUTE
    _printf_x                                0x00000000   Number         0  stubs.o ABSOLUTE
    __cpp_initialize__aeabi_                  - Undefined Weak Reference
    __cxa_finalize                            - Undefined Weak Reference
    _clock_init                               - Undefined Weak Reference
    _microlib_exit                            - Undefined Weak Reference
    __Vectors_Size                           0x00000130   Number         0  startup_stm32f103xe.o ABSOLUTE
    __Vectors                                0x08000000   Data           4  startup_stm32f103xe.o(RESET)
    __Vectors_End                            0x08000130   Data           0  startup_stm32f103xe.o(RESET)
    __main                                   0x08000131   Thumb Code     0  entry.o(.ARM.Collect$$$$00000000)
    _main_stk                                0x08000131   Thumb Code     0  entry2.o(.ARM.Collect$$$$00000001)
    _main_scatterload                        0x08000135   Thumb Code     0  entry5.o(.ARM.Collect$$$$00000004)
    __main_after_scatterload                 0x08000139   Thumb Code     0  entry5.o(.ARM.Collect$$$$00000004)
    _main_clock                              0x08000139   Thumb Code     0  entry7b.o(.ARM.Collect$$$$00000008)
    _main_cpp_init                           0x08000139   Thumb Code     0  entry8b.o(.ARM.Collect$$$$0000000A)
    _main_init                               0x08000139   Thumb Code     0  entry9a.o(.ARM.Collect$$$$0000000B)
    __rt_final_cpp                           0x08000141   Thumb Code     0  entry10a.o(.ARM.Collect$$$$0000000D)
    __rt_final_exit                          0x08000141   Thumb Code     0  entry11a.o(.ARM.Collect$$$$0000000F)
    Reset_Handler                            0x08000145   Thumb Code     8  startup_stm32f103xe.o(.text)
    ADC1_2_IRQHandler                        0x0800015f   Thumb Code     0  startup_stm32f103xe.o(.text)
    ADC3_IRQHandler                          0x0800015f   Thumb Code     0  startup_stm32f103xe.o(.text)
    CAN1_RX1_IRQHandler                      0x0800015f   Thumb Code     0  startup_stm32f103xe.o(.text)
    CAN1_SCE_IRQHandler                      0x0800015f   Thumb Code     0  startup_stm32f103xe.o(.text)
    DMA1_Channel1_IRQHandler                 0x0800015f   Thumb Code     0  startup_stm32f103xe.o(.text)
    DMA1_Channel2_IRQHandler                 0x0800015f   Thumb Code     0  startup_stm32f103xe.o(.text)
    DMA1_Channel4_IRQHandler                 0x0800015f   Thumb Code     0  startup_stm32f103xe.o(.text)
    DMA1_Channel5_IRQHandler                 0x0800015f   Thumb Code     0  startup_stm32f103xe.o(.text)
    DMA1_Channel6_IRQHandler                 0x0800015f   Thumb Code     0  startup_stm32f103xe.o(.text)
    DMA1_Channel7_IRQHandler                 0x0800015f   Thumb Code     0  startup_stm32f103xe.o(.text)
    DMA2_Channel1_IRQHandler                 0x0800015f   Thumb Code     0  startup_stm32f103xe.o(.text)
    DMA2_Channel2_IRQHandler                 0x0800015f   Thumb Code     0  startup_stm32f103xe.o(.text)
    DMA2_Channel3_IRQHandler                 0x0800015f   Thumb Code     0  startup_stm32f103xe.o(.text)
    DMA2_Channel4_5_IRQHandler               0x0800015f   Thumb Code     0  startup_stm32f103xe.o(.text)
    EXTI0_IRQHandler                         0x0800015f   Thumb Code     0  startup_stm32f103xe.o(.text)
    EXTI15_10_IRQHandler                     0x0800015f   Thumb Code     0  startup_stm32f103xe.o(.text)
    EXTI1_IRQHandler                         0x0800015f   Thumb Code     0  startup_stm32f103xe.o(.text)
    EXTI2_IRQHandler                         0x0800015f   Thumb Code     0  startup_stm32f103xe.o(.text)
    EXTI3_IRQHandler                         0x0800015f   Thumb Code     0  startup_stm32f103xe.o(.text)
    EXTI9_5_IRQHandler                       0x0800015f   Thumb Code     0  startup_stm32f103xe.o(.text)
    FLASH_IRQHandler                         0x0800015f   Thumb Code     0  startup_stm32f103xe.o(.text)
    FSMC_IRQHandler                          0x0800015f   Thumb Code     0  startup_stm32f103xe.o(.text)
    I2C1_ER_IRQHandler                       0x0800015f   Thumb Code     0  startup_stm32f103xe.o(.text)
    I2C1_EV_IRQHandler                       0x0800015f   Thumb Code     0  startup_stm32f103xe.o(.text)
    I2C2_ER_IRQHandler                       0x0800015f   Thumb Code     0  startup_stm32f103xe.o(.text)
    I2C2_EV_IRQHandler                       0x0800015f   Thumb Code     0  startup_stm32f103xe.o(.text)
    PVD_IRQHandler                           0x0800015f   Thumb Code     0  startup_stm32f103xe.o(.text)
    RCC_IRQHandler                           0x0800015f   Thumb Code     0  startup_stm32f103xe.o(.text)
    RTC_Alarm_IRQHandler                     0x0800015f   Thumb Code     0  startup_stm32f103xe.o(.text)
    RTC_IRQHandler                           0x0800015f   Thumb Code     0  startup_stm32f103xe.o(.text)
    SDIO_IRQHandler                          0x0800015f   Thumb Code     0  startup_stm32f103xe.o(.text)
    SPI1_IRQHandler                          0x0800015f   Thumb Code     0  startup_stm32f103xe.o(.text)
    SPI2_IRQHandler                          0x0800015f   Thumb Code     0  startup_stm32f103xe.o(.text)
    SPI3_IRQHandler                          0x0800015f   Thumb Code     0  startup_stm32f103xe.o(.text)
    TAMPER_IRQHandler                        0x0800015f   Thumb Code     0  startup_stm32f103xe.o(.text)
    TIM1_BRK_IRQHandler                      0x0800015f   Thumb Code     0  startup_stm32f103xe.o(.text)
    TIM1_CC_IRQHandler                       0x0800015f   Thumb Code     0  startup_stm32f103xe.o(.text)
    TIM1_TRG_COM_IRQHandler                  0x0800015f   Thumb Code     0  startup_stm32f103xe.o(.text)
    TIM1_UP_IRQHandler                       0x0800015f   Thumb Code     0  startup_stm32f103xe.o(.text)
    TIM2_IRQHandler                          0x0800015f   Thumb Code     0  startup_stm32f103xe.o(.text)
    TIM3_IRQHandler                          0x0800015f   Thumb Code     0  startup_stm32f103xe.o(.text)
    TIM4_IRQHandler                          0x0800015f   Thumb Code     0  startup_stm32f103xe.o(.text)
    TIM5_IRQHandler                          0x0800015f   Thumb Code     0  startup_stm32f103xe.o(.text)
    TIM6_IRQHandler                          0x0800015f   Thumb Code     0  startup_stm32f103xe.o(.text)
    TIM7_IRQHandler                          0x0800015f   Thumb Code     0  startup_stm32f103xe.o(.text)
    TIM8_BRK_IRQHandler                      0x0800015f   Thumb Code     0  startup_stm32f103xe.o(.text)
    TIM8_CC_IRQHandler                       0x0800015f   Thumb Code     0  startup_stm32f103xe.o(.text)
    TIM8_TRG_COM_IRQHandler                  0x0800015f   Thumb Code     0  startup_stm32f103xe.o(.text)
    TIM8_UP_IRQHandler                       0x0800015f   Thumb Code     0  startup_stm32f103xe.o(.text)
    UART4_IRQHandler                         0x0800015f   Thumb Code     0  startup_stm32f103xe.o(.text)
    UART5_IRQHandler                         0x0800015f   Thumb Code     0  startup_stm32f103xe.o(.text)
    USART2_IRQHandler                        0x0800015f   Thumb Code     0  startup_stm32f103xe.o(.text)
    USBWakeUp_IRQHandler                     0x0800015f   Thumb Code     0  startup_stm32f103xe.o(.text)
    USB_HP_CAN1_TX_IRQHandler                0x0800015f   Thumb Code     0  startup_stm32f103xe.o(.text)
    USB_LP_CAN1_RX0_IRQHandler               0x0800015f   Thumb Code     0  startup_stm32f103xe.o(.text)
    WWDG_IRQHandler                          0x0800015f   Thumb Code     0  startup_stm32f103xe.o(.text)
    rt_hw_interrupt_disable                  0x08000169   Thumb Code     8  context_rvds.o(.text)
    rt_hw_interrupt_enable                   0x08000171   Thumb Code     6  context_rvds.o(.text)
    rt_hw_context_switch                     0x08000177   Thumb Code    32  context_rvds.o(.text)
    rt_hw_context_switch_interrupt           0x08000177   Thumb Code     0  context_rvds.o(.text)
    PendSV_Handler                           0x08000197   Thumb Code    60  context_rvds.o(.text)
    rt_hw_context_switch_to                  0x080001d3   Thumb Code    56  context_rvds.o(.text)
    rt_hw_interrupt_thread_switch            0x0800020b   Thumb Code     2  context_rvds.o(.text)
    HardFault_Handler                        0x0800020d   Thumb Code    52  context_rvds.o(.text)
    __aeabi_memcpy                           0x0800025d   Thumb Code    36  memcpya.o(.text)
    __aeabi_memcpy4                          0x0800025d   Thumb Code     0  memcpya.o(.text)
    __aeabi_memcpy8                          0x0800025d   Thumb Code     0  memcpya.o(.text)
    __aeabi_memset                           0x08000281   Thumb Code    14  memseta.o(.text)
    __aeabi_memset4                          0x08000281   Thumb Code     0  memseta.o(.text)
    __aeabi_memset8                          0x08000281   Thumb Code     0  memseta.o(.text)
    __aeabi_memclr                           0x0800028f   Thumb Code     4  memseta.o(.text)
    __aeabi_memclr4                          0x0800028f   Thumb Code     0  memseta.o(.text)
    __aeabi_memclr8                          0x0800028f   Thumb Code     0  memseta.o(.text)
    _memset$wrapper                          0x08000293   Thumb Code    18  memseta.o(.text)
    __aeabi_fadd                             0x080002a5   Thumb Code   164  fadd.o(.text)
    __aeabi_fsub                             0x08000349   Thumb Code     6  fadd.o(.text)
    __aeabi_frsub                            0x0800034f   Thumb Code     6  fadd.o(.text)
    __aeabi_fmul                             0x08000355   Thumb Code   100  fmul.o(.text)
    __aeabi_fdiv                             0x080003b9   Thumb Code   124  fdiv.o(.text)
    __aeabi_dadd                             0x08000435   Thumb Code   322  dadd.o(.text)
    __aeabi_dsub                             0x08000577   Thumb Code     6  dadd.o(.text)
    __aeabi_drsub                            0x0800057d   Thumb Code     6  dadd.o(.text)
    __aeabi_dmul                             0x08000583   Thumb Code   228  dmul.o(.text)
    __aeabi_ddiv                             0x08000667   Thumb Code   222  ddiv.o(.text)
    __aeabi_fcmple                           0x08000745   Thumb Code    28  fcmple.o(.text)
    __aeabi_fcmplt                           0x08000761   Thumb Code    28  fcmplt.o(.text)
    __aeabi_fcmpge                           0x0800077d   Thumb Code    28  fcmpge.o(.text)
    __aeabi_fcmpgt                           0x08000799   Thumb Code    28  fcmpgt.o(.text)
    __aeabi_dcmpge                           0x080007b5   Thumb Code    54  dcmpge.o(.text)
    __aeabi_dcmpgt                           0x080007eb   Thumb Code    54  dcmpgt.o(.text)
    __aeabi_i2d                              0x08000821   Thumb Code    34  dflti.o(.text)
    __aeabi_ui2d                             0x08000843   Thumb Code    26  dfltui.o(.text)
    __aeabi_f2d                              0x0800085d   Thumb Code    38  f2d.o(.text)
    __aeabi_d2f                              0x08000883   Thumb Code    56  d2f.o(.text)
    __aeabi_uidiv                            0x080008bb   Thumb Code     0  uidiv.o(.text)
    __aeabi_uidivmod                         0x080008bb   Thumb Code    44  uidiv.o(.text)
    __aeabi_uldivmod                         0x080008e7   Thumb Code    98  uldiv.o(.text)
    __aeabi_llsl                             0x08000949   Thumb Code    30  llshl.o(.text)
    _ll_shift_l                              0x08000949   Thumb Code     0  llshl.o(.text)
    __aeabi_lasr                             0x08000967   Thumb Code    36  llsshr.o(.text)
    _ll_sshift_r                             0x08000967   Thumb Code     0  llsshr.o(.text)
    __I$use$fp                               0x0800098b   Thumb Code     0  iusefp.o(.text)
    _float_round                             0x0800098b   Thumb Code    18  fepilogue.o(.text)
    _float_epilogue                          0x0800099d   Thumb Code    92  fepilogue.o(.text)
    _double_round                            0x080009f9   Thumb Code    30  depilogue.o(.text)
    _double_epilogue                         0x08000a17   Thumb Code   156  depilogue.o(.text)
    __aeabi_d2ulz                            0x08000ab3   Thumb Code    48  dfixul.o(.text)
    __aeabi_cdrcmple                         0x08000ae5   Thumb Code    48  cdrcmple.o(.text)
    __scatterload                            0x08000b15   Thumb Code    28  init.o(.text)
    __scatterload_rt2                        0x08000b15   Thumb Code     0  init.o(.text)
    __aeabi_llsr                             0x08000b39   Thumb Code    32  llushr.o(.text)
    _ll_ushift_r                             0x08000b39   Thumb Code     0  llushr.o(.text)
    __decompress                             0x08000b59   Thumb Code     0  __dczerorl.o(.text)
    __decompress0                            0x08000b59   Thumb Code    58  __dczerorl.o(.text)
    main                                     0x08000b93   Thumb Code    10  components.o(.text.$Sub$$main)
    AD717X_ComputeCRC8                       0x08000b9d   Thumb Code    68  ad717x.o(.text.AD717X_ComputeCRC8)
    AD717X_GetReg                            0x08000be1   Thumb Code    52  ad717x.o(.text.AD717X_GetReg)
    AD717X_ReadRegister                      0x08000c15   Thumb Code   218  ad717x.o(.text.AD717X_ReadRegister)
    AD717X_Reset                             0x08000cef   Thumb Code    30  ad717x.o(.text.AD717X_Reset)
    AD717X_WriteRegister                     0x08000d0d   Thumb Code   122  ad717x.o(.text.AD717X_WriteRegister)
    AD_IOSPI_Init                            0x08000d89   Thumb Code    68  iospi.o(.text.AD_IOSPI_Init)
    AT24Cxx_ReadOneByte                      0x08000dcd   Thumb Code    76  eeprom.o(.text.AT24Cxx_ReadOneByte)
    AT24Cxx_WRCheck                          0x08000e11   Thumb Code    28  eeprom.o(.text.AT24Cxx_WRCheck)
    AT24Cxx_WriteOneByte                     0x08000e2d   Thumb Code    68  eeprom.o(.text.AT24Cxx_WriteOneByte)
    AT_Controller                            0x08000e71   Thumb Code   416  maintask.o(.text.AT_Controller)
    Baseline_Controller                      0x08001009   Thumb Code   104  maintask.o(.text.Baseline_Controller)
    BusFault_Handler                         0x0800106d   Thumb Code     2  stm32f1xx_it.o(.text.BusFault_Handler)
    DMA1_Channel3_IRQHandler                 0x08001071   Thumb Code    12  stm32f1xx_it.o(.text.DMA1_Channel3_IRQHandler)
    DataConversion_Task                      0x080010a5   Thumb Code   220  dataconversion.o(.text.DataConversion_Task)
    DebugMon_Handler                         0x08001181   Thumb Code     2  stm32f1xx_it.o(.text.DebugMon_Handler)
    DisableIOSPI                             0x08001185   Thumb Code   120  iospi.o(.text.DisableIOSPI)
    EEPROM_Data_Init                         0x080011f9   Thumb Code   252  eeprom.o(.text.EEPROM_Data_Init)
    EXTI4_IRQHandler                         0x080012f5   Thumb Code     6  stm32f1xx_it.o(.text.EXTI4_IRQHandler)
    EnableIOSPI                              0x080012fd   Thumb Code   120  iospi.o(.text.EnableIOSPI)
    Error_Handler                            0x08001375   Thumb Code     8  main.o(.text.Error_Handler)
    Get_R1                                   0x0800137d   Thumb Code   500  dataconversion.o(.text.Get_R1)
    Get_R2                                   0x08001559   Thumb Code   480  dataconversion.o(.text.Get_R2)
    Get_R3                                   0x08001739   Thumb Code   480  dataconversion.o(.text.Get_R3)
    Get_R4                                   0x08001919   Thumb Code   480  dataconversion.o(.text.Get_R4)
    Get_Voltage                              0x08001af9   Thumb Code  1316  dataconversion.o(.text.Get_Voltage)
    HAL_DMA_Abort                            0x0800201d   Thumb Code    62  stm32f1xx_hal_dma.o(.text.HAL_DMA_Abort)
    HAL_DMA_Abort_IT                         0x0800205d   Thumb Code   252  stm32f1xx_hal_dma.o(.text.HAL_DMA_Abort_IT)
    HAL_DMA_IRQHandler                       0x0800212d   Thumb Code   504  stm32f1xx_hal_dma.o(.text.HAL_DMA_IRQHandler)
    HAL_DMA_Init                             0x08002325   Thumb Code   132  stm32f1xx_hal_dma.o(.text.HAL_DMA_Init)
    HAL_DMA_Start_IT                         0x080023a9   Thumb Code   110  stm32f1xx_hal_dma.o(.text.HAL_DMA_Start_IT)
    HAL_GPIO_EXTI_Callback                   0x08002419   Thumb Code    36  gpio.o(.text.HAL_GPIO_EXTI_Callback)
    HAL_GPIO_EXTI_IRQHandler                 0x0800243d   Thumb Code    20  stm32f1xx_hal_gpio.o(.text.HAL_GPIO_EXTI_IRQHandler)
    HAL_GPIO_Init                            0x08002451   Thumb Code   436  stm32f1xx_hal_gpio.o(.text.HAL_GPIO_Init)
    HAL_GPIO_ReadPin                         0x08002601   Thumb Code    10  stm32f1xx_hal_gpio.o(.text.HAL_GPIO_ReadPin)
    HAL_GPIO_TogglePin                       0x0800260b   Thumb Code    16  stm32f1xx_hal_gpio.o(.text.HAL_GPIO_TogglePin)
    HAL_GPIO_WritePin                        0x0800261b   Thumb Code    10  stm32f1xx_hal_gpio.o(.text.HAL_GPIO_WritePin)
    HAL_GetTick                              0x08002625   Thumb Code    12  stm32f1xx_hal.o(.text.HAL_GetTick)
    HAL_IWDG_Init                            0x0800262d   Thumb Code    84  stm32f1xx_hal_iwdg.o(.text.HAL_IWDG_Init)
    HAL_IWDG_Refresh                         0x08002681   Thumb Code    12  stm32f1xx_hal_iwdg.o(.text.HAL_IWDG_Refresh)
    HAL_Init                                 0x0800268d   Thumb Code    36  stm32f1xx_hal.o(.text.HAL_Init)
    HAL_InitTick                             0x080026b1   Thumb Code    64  stm32f1xx_hal.o(.text.HAL_InitTick)
    HAL_MspInit                              0x080026ed   Thumb Code    64  stm32f1xx_hal_msp.o(.text.HAL_MspInit)
    HAL_NVIC_DisableIRQ                      0x0800272d   Thumb Code    36  stm32f1xx_hal_cortex.o(.text.HAL_NVIC_DisableIRQ)
    HAL_NVIC_EnableIRQ                       0x08002751   Thumb Code    28  stm32f1xx_hal_cortex.o(.text.HAL_NVIC_EnableIRQ)
    HAL_NVIC_SetPriority                     0x0800276d   Thumb Code    72  stm32f1xx_hal_cortex.o(.text.HAL_NVIC_SetPriority)
    HAL_NVIC_SetPriorityGrouping             0x080027b1   Thumb Code    32  stm32f1xx_hal_cortex.o(.text.HAL_NVIC_SetPriorityGrouping)
    HAL_RCC_ClockConfig                      0x080027d1   Thumb Code   312  stm32f1xx_hal_rcc.o(.text.HAL_RCC_ClockConfig)
    HAL_RCC_GetPCLK1Freq                     0x08002905   Thumb Code    32  stm32f1xx_hal_rcc.o(.text.HAL_RCC_GetPCLK1Freq)
    HAL_RCC_GetPCLK2Freq                     0x08002919   Thumb Code    32  stm32f1xx_hal_rcc.o(.text.HAL_RCC_GetPCLK2Freq)
    HAL_RCC_GetSysClockFreq                  0x08002935   Thumb Code    88  stm32f1xx_hal_rcc.o(.text.HAL_RCC_GetSysClockFreq)
    HAL_RCC_OscConfig                        0x0800298d   Thumb Code   884  stm32f1xx_hal_rcc.o(.text.HAL_RCC_OscConfig)
    HAL_SYSTICK_Config                       0x08002d01   Thumb Code    40  stm32f1xx_hal_cortex.o(.text.HAL_SYSTICK_Config)
    HAL_UARTEx_RxEventCallback               0x08002d29   Thumb Code     2  stm32f1xx_hal_uart.o(.text.HAL_UARTEx_RxEventCallback)
    HAL_UART_DMAStop                         0x08002d2b   Thumb Code   116  stm32f1xx_hal_uart.o(.text.HAL_UART_DMAStop)
    HAL_UART_ErrorCallback                   0x08002d9f   Thumb Code     2  stm32f1xx_hal_uart.o(.text.HAL_UART_ErrorCallback)
    HAL_UART_IRQHandler                      0x08002da1   Thumb Code   676  stm32f1xx_hal_uart.o(.text.HAL_UART_IRQHandler)
    HAL_UART_Init                            0x08003045   Thumb Code    94  stm32f1xx_hal_uart.o(.text.HAL_UART_Init)
    HAL_UART_MspInit                         0x080030a5   Thumb Code   296  usart.o(.text.HAL_UART_MspInit)
    HAL_UART_Receive_DMA                     0x080031c9   Thumb Code    32  stm32f1xx_hal_uart.o(.text.HAL_UART_Receive_DMA)
    HAL_UART_RxCpltCallback                  0x080031e9   Thumb Code     2  stm32f1xx_hal_uart.o(.text.HAL_UART_RxCpltCallback)
    HAL_UART_RxHalfCpltCallback              0x080031eb   Thumb Code     2  stm32f1xx_hal_uart.o(.text.HAL_UART_RxHalfCpltCallback)
    HAL_UART_Transmit                        0x080031ed   Thumb Code   170  stm32f1xx_hal_uart.o(.text.HAL_UART_Transmit)
    HAL_UART_TxCpltCallback                  0x08003297   Thumb Code     2  stm32f1xx_hal_uart.o(.text.HAL_UART_TxCpltCallback)
    I2C_ACK                                  0x08003299   Thumb Code    56  i2c.o(.text.I2C_ACK)
    I2C_Config                               0x080032c9   Thumb Code    72  i2c.o(.text.I2C_Config)
    I2C_NACK                                 0x0800330d   Thumb Code    56  i2c.o(.text.I2C_NACK)
    I2C_Read_Byte                            0x0800333d   Thumb Code    88  i2c.o(.text.I2C_Read_Byte)
    I2C_SDA_IN                               0x08003391   Thumb Code    28  i2c.o(.text.I2C_SDA_IN)
    I2C_SDA_OUT                              0x080033a9   Thumb Code    32  i2c.o(.text.I2C_SDA_OUT)
    I2C_Send_Byte                            0x080033c5   Thumb Code    80  i2c.o(.text.I2C_Send_Byte)
    I2C_Start                                0x08003411   Thumb Code    56  i2c.o(.text.I2C_Start)
    I2C_Stop                                 0x08003441   Thumb Code    56  i2c.o(.text.I2C_Stop)
    I2C_Wait_ACK                             0x08003475   Thumb Code    80  i2c.o(.text.I2C_Wait_ACK)
    IOSPI1_Read8Bits                         0x080034c5   Thumb Code    72  iospi.o(.text.IOSPI1_Read8Bits)
    IOSPI1_Write8Bits                        0x0800350d   Thumb Code    76  iospi.o(.text.IOSPI1_Write8Bits)
    IOSPI_ReadData                           0x08003555   Thumb Code   140  iospi.o(.text.IOSPI_ReadData)
    IOSPI_writeData                          0x080035e1   Thumb Code   106  iospi.o(.text.IOSPI_writeData)
    IWDG_Refresh                             0x0800364d   Thumb Code    56  iwdg.o(.text.IWDG_Refresh)
    InitAD7177                               0x08003685   Thumb Code   168  initad7177.o(.text.InitAD7177)
    MX_DMA_Init                              0x0800372d   Thumb Code    48  dma.o(.text.MX_DMA_Init)
    MX_GPIO_Init                             0x0800375d   Thumb Code   396  gpio.o(.text.MX_GPIO_Init)
    MX_IWDG_Init                             0x080038e9   Thumb Code    44  iwdg.o(.text.MX_IWDG_Init)
    MX_USART1_UART_Init                      0x08003915   Thumb Code    60  usart.o(.text.MX_USART1_UART_Init)
    MX_USART3_UART_Init                      0x08003951   Thumb Code    60  usart.o(.text.MX_USART3_UART_Init)
    MemManage_Handler                        0x0800398d   Thumb Code     2  stm32f1xx_it.o(.text.MemManage_Handler)
    ModbusRtuTask                            0x08003991   Thumb Code  1524  modbusrtu.o(.text.ModbusRtuTask)
    NMI_Handler                              0x08003f81   Thumb Code     2  stm32f1xx_it.o(.text.NMI_Handler)
    PID_Controller                           0x08003f85   Thumb Code   300  maintask.o(.text.PID_Controller)
    RegValue_To_Voltage                      0x080040b1   Thumb Code    44  dataconversion.o(.text.RegValue_To_Voltage)
    SVC_Handler                              0x080040dd   Thumb Code     2  stm32f1xx_it.o(.text.SVC_Handler)
    SysTick_Handler                          0x080040df   Thumb Code    18  board.o(.text.SysTick_Handler)
    SystemClock_Config                       0x080040f1   Thumb Code   104  main.o(.text.SystemClock_Config)
    SystemCoreClockUpdate                    0x08004159   Thumb Code    88  system_stm32f1xx.o(.text.SystemCoreClockUpdate)
    SystemInit                               0x080041b1   Thumb Code     2  system_stm32f1xx.o(.text.SystemInit)
    UART_Start_Receive_DMA                   0x08004461   Thumb Code   152  stm32f1xx_hal_uart.o(.text.UART_Start_Receive_DMA)
    USART1_IRQHandler                        0x08004569   Thumb Code    12  stm32f1xx_it.o(.text.USART1_IRQHandler)
    USART3_IRQHandler                        0x08004571   Thumb Code   100  stm32f1xx_it.o(.text.USART3_IRQHandler)
    UpdatePWM                                0x080045d5   Thumb Code   124  maintask.o(.text.UpdatePWM)
    UsageFault_Handler                       0x08004651   Thumb Code     2  stm32f1xx_it.o(.text.UsageFault_Handler)
    __rt_ffs                                 0x08004679   Thumb Code    52  kservice.o(.text.__rt_ffs)
    calculate_crc16_modbus                   0x08004749   Thumb Code    52  crc16.o(.text.calculate_crc16_modbus)
    cpu_usage_init                           0x0800480d   Thumb Code    12  cpu_usage.o(.text.cpu_usage_init)
    data_conversion_thread_entry             0x08004819   Thumb Code    24  dataconversion.o(.text.data_conversion_thread_entry)
    data_process_thread_entry                0x08004831   Thumb Code   344  dataprocess.o(.text.data_process_thread_entry)
    data_send_thread_entry                   0x08004989   Thumb Code    32  modbusrtu.o(.text.data_send_thread_entry)
    eeprom_thread_entry                      0x080049a9   Thumb Code   572  eeprom.o(.text.eeprom_thread_entry)
    get_data_process_sem                     0x08004be1   Thumb Code    12  main.o(.text.get_data_process_sem)
    get_eeprom_sem                           0x08004be9   Thumb Code    12  main.o(.text.get_eeprom_sem)
    get_semaphore                            0x08004bf1   Thumb Code    12  main.o(.text.get_semaphore)
    get_uart3_sem                            0x08004bf9   Thumb Code    12  main.o(.text.get_uart3_sem)
    init_sliding_average                     0x08004c01   Thumb Code    30  dataprocess.o(.text.init_sliding_average)
    $Super$$main                             0x08004c49   Thumb Code   820  main.o(.text.main)
    main_task_thread_entry                   0x08004f7d   Thumb Code   100  maintask.o(.text.main_task_thread_entry)
    main_thread_entry                        0x08004fe1   Thumb Code    32  components.o(.text.main_thread_entry)
    rt_application_init                      0x080051d5   Thumb Code    44  components.o(.text.rt_application_init)
    rt_components_board_init                 0x08005201   Thumb Code    28  components.o(.text.rt_components_board_init)
    rt_enter_critical                        0x0800521d   Thumb Code    28  scheduler.o(.text.rt_enter_critical)
    rt_exit_critical                         0x08005235   Thumb Code    64  scheduler.o(.text.rt_exit_critical)
    rt_free                                  0x08005275   Thumb Code   212  mem.o(.text.rt_free)
    rt_heap_begin_get                        0x08005349   Thumb Code     8  board.o(.text.rt_heap_begin_get)
    rt_heap_end_get                          0x0800534d   Thumb Code    12  board.o(.text.rt_heap_end_get)
    rt_hw_board_init                         0x08005359   Thumb Code    84  board.o(.text.rt_hw_board_init)
    rt_hw_console_output                     0x080053a9   Thumb Code    80  board.o(.text.rt_hw_console_output)
    rt_hw_hard_fault_exception               0x080053f9   Thumb Code   344  cpuport.o(.text.rt_hw_hard_fault_exception)
    rt_hw_stack_init                         0x08005551   Thumb Code    60  cpuport.o(.text.rt_hw_stack_init)
    rt_hw_us_delay                           0x0800558d   Thumb Code    48  board.o(.text.rt_hw_us_delay)
    rt_interrupt_enter                       0x080055bd   Thumb Code    44  irq.o(.text.rt_interrupt_enter)
    rt_interrupt_leave                       0x080055e5   Thumb Code    44  irq.o(.text.rt_interrupt_leave)
    rt_kprintf                               0x08005669   Thumb Code    44  kservice.o(.text.rt_kprintf)
    rt_malloc                                0x08005695   Thumb Code   260  mem.o(.text.rt_malloc)
    rt_memset                                0x08005795   Thumb Code   136  kservice.o(.text.rt_memset)
    rt_object_allocate                       0x0800581d   Thumb Code   128  object.o(.text.rt_object_allocate)
    rt_object_delete                         0x08005895   Thumb Code    60  object.o(.text.rt_object_delete)
    rt_object_detach                         0x080058cd   Thumb Code    52  object.o(.text.rt_object_detach)
    rt_object_init                           0x08005901   Thumb Code   120  object.o(.text.rt_object_init)
    rt_object_is_systemobject                0x08005979   Thumb Code     6  object.o(.text.rt_object_is_systemobject)
    rt_schedule                              0x08005981   Thumb Code   116  scheduler.o(.text.rt_schedule)
    rt_schedule_insert_thread                0x080059e9   Thumb Code    76  scheduler.o(.text.rt_schedule_insert_thread)
    rt_schedule_remove_thread                0x08005a2d   Thumb Code    72  scheduler.o(.text.rt_schedule_remove_thread)
    rt_sem_create                            0x08005a6d   Thumb Code    30  ipc.o(.text.rt_sem_create)
    rt_sem_init                              0x08005a8b   Thumb Code    32  ipc.o(.text.rt_sem_init)
    rt_sem_release                           0x08005aad   Thumb Code    88  ipc.o(.text.rt_sem_release)
    rt_sem_take                              0x08005b05   Thumb Code   140  ipc.o(.text.rt_sem_take)
    rt_show_version                          0x08005b91   Thumb Code   176  kservice.o(.text.rt_show_version)
    rt_strncpy                               0x08005c41   Thumb Code    52  kservice.o(.text.rt_strncpy)
    rt_system_heap_init                      0x08005c75   Thumb Code   176  mem.o(.text.rt_system_heap_init)
    rt_system_scheduler_init                 0x08005d25   Thumb Code    60  scheduler.o(.text.rt_system_scheduler_init)
    rt_system_scheduler_start                0x08005d59   Thumb Code    44  scheduler.o(.text.rt_system_scheduler_start)
    rt_system_timer_init                     0x08005d85   Thumb Code    16  timer.o(.text.rt_system_timer_init)
    rt_system_timer_thread_init              0x08005d95   Thumb Code     2  timer.o(.text.rt_system_timer_thread_init)
    rt_thread_create                         0x08005d97   Thumb Code    66  thread.o(.text.rt_thread_create)
    rt_thread_delay                          0x08005dd9   Thumb Code    10  thread.o(.text.rt_thread_delay)
    rt_thread_exit                           0x08005de5   Thumb Code    96  thread.o(.text.rt_thread_exit)
    rt_thread_idle_excute                    0x08005e5d   Thumb Code    68  idle.o(.text.rt_thread_idle_excute)
    rt_thread_idle_init                      0x08005ea1   Thumb Code    68  idle.o(.text.rt_thread_idle_init)
    rt_thread_idle_sethook                   0x08005ee5   Thumb Code    48  idle.o(.text.rt_thread_idle_sethook)
    rt_thread_init                           0x08005f15   Thumb Code    46  thread.o(.text.rt_thread_init)
    rt_thread_resume                         0x08005f45   Thumb Code    84  thread.o(.text.rt_thread_resume)
    rt_thread_self                           0x08005f99   Thumb Code    12  thread.o(.text.rt_thread_self)
    rt_thread_sleep                          0x08005fa1   Thumb Code    72  thread.o(.text.rt_thread_sleep)
    rt_thread_startup                        0x08005fe5   Thumb Code    48  thread.o(.text.rt_thread_startup)
    rt_thread_suspend                        0x08006011   Thumb Code    84  thread.o(.text.rt_thread_suspend)
    rt_thread_timeout                        0x08006065   Thumb Code    38  thread.o(.text.rt_thread_timeout)
    rt_thread_yield                          0x0800608d   Thumb Code   100  thread.o(.text.rt_thread_yield)
    rt_tick_get                              0x080060f1   Thumb Code    12  clock.o(.text.rt_tick_get)
    rt_tick_increase                         0x080060f9   Thumb Code    44  clock.o(.text.rt_tick_increase)
    rt_timer_check                           0x08006125   Thumb Code   192  timer.o(.text.rt_timer_check)
    rt_timer_control                         0x080061dd   Thumb Code    74  timer.o(.text.rt_timer_control)
    rt_timer_detach                          0x08006227   Thumb Code    48  timer.o(.text.rt_timer_detach)
    rt_timer_init                            0x08006257   Thumb Code    46  timer.o(.text.rt_timer_init)
    rt_timer_start                           0x08006285   Thumb Code   148  timer.o(.text.rt_timer_start)
    rt_timer_stop                            0x08006319   Thumb Code    72  timer.o(.text.rt_timer_stop)
    rt_vsnprintf                             0x08006361   Thumb Code   680  kservice.o(.text.rt_vsnprintf)
    rtthread_startup                         0x08006619   Thumb Code    42  components.o(.text.rtthread_startup)
    update_sliding_average                   0x08006667   Thumb Code   142  dataprocess.o(.text.update_sliding_average)
    watchdog_thread_entry                    0x080066f5   Thumb Code    16  iwdg.o(.text.watchdog_thread_entry)
    __0sprintf                               0x08006705   Thumb Code    34  printfa.o(i.__0sprintf)
    __1sprintf                               0x08006705   Thumb Code     0  printfa.o(i.__0sprintf)
    __2sprintf                               0x08006705   Thumb Code     0  printfa.o(i.__0sprintf)
    __c89sprintf                             0x08006705   Thumb Code     0  printfa.o(i.__0sprintf)
    sprintf                                  0x08006705   Thumb Code     0  printfa.o(i.__0sprintf)
    __scatterload_copy                       0x0800672d   Thumb Code    14  handlers.o(i.__scatterload_copy)
    __scatterload_null                       0x0800673b   Thumb Code     2  handlers.o(i.__scatterload_null)
    __scatterload_zeroinit                   0x0800673d   Thumb Code    14  handlers.o(i.__scatterload_zeroinit)
    AHBPrescTable                            0x08007008   Data          16  system_stm32f1xx.o(.rodata.AHBPrescTable)
    APBPrescTable                            0x08007018   Data           8  system_stm32f1xx.o(.rodata.APBPrescTable)
    __lowest_bit_bitmap                      0x08007020   Data         256  kservice.o(.rodata.__lowest_bit_bitmap)
    __rt_init_rti_start                      0x080071a8   Data           4  components.o(.rti_fn.0)
    __rt_init_rti_board_start                0x080071ac   Data           4  components.o(.rti_fn.0.end)
    __rt_init_rti_board_end                  0x080071b0   Data           4  components.o(.rti_fn.1.end)
    __rt_init_rti_end                        0x080071b4   Data           4  components.o(.rti_fn.6.end)
    Region$$Table$$Base                      0x080071b8   Number         0  anon$$obj.o(Region$$Table)
    Region$$Table$$Limit                     0x080071d8   Number         0  anon$$obj.o(Region$$Table)
    Device_Status                            0x20000000   Data           1  maintask.o(.data..L_MergedGlobals)
    Kd                                       0x20000004   Data           4  maintask.o(.data..L_MergedGlobals)
    current                                  0x20000008   Data           4  maintask.o(.data..L_MergedGlobals)
    setpoint                                 0x2000000c   Data           4  maintask.o(.data..L_MergedGlobals)
    error                                    0x20000010   Data           4  maintask.o(.data..L_MergedGlobals)
    errorSum                                 0x20000014   Data           4  maintask.o(.data..L_MergedGlobals)
    lastError                                0x20000018   Data           4  maintask.o(.data..L_MergedGlobals)
    dError                                   0x2000001c   Data           4  maintask.o(.data..L_MergedGlobals)
    output                                   0x20000020   Data           4  maintask.o(.data..L_MergedGlobals)
    prevOutput                               0x20000024   Data           4  maintask.o(.data..L_MergedGlobals)
    alpha                                    0x20000028   Data           4  maintask.o(.data..L_MergedGlobals)
    Max_errorSum                             0x2000002c   Data           4  maintask.o(.data..L_MergedGlobals)
    Max_Power                                0x20000030   Data           4  maintask.o(.data..L_MergedGlobals)
    Kd_AT                                    0x20000034   Data           4  maintask.o(.data..L_MergedGlobals)
    Tc                                       0x20000038   Data           4  maintask.o(.data..L_MergedGlobals)
    Tmax                                     0x2000003c   Data           4  maintask.o(.data..L_MergedGlobals)
    Tmin                                     0x20000040   Data           4  maintask.o(.data..L_MergedGlobals)
    Kc                                       0x20000044   Data           4  maintask.o(.data..L_MergedGlobals)
    HeatRod_Power                            0x20000048   Data           4  maintask.o(.data..L_MergedGlobals)
    Kp                                       0x2000004c   Data           4  maintask.o(.data..L_MergedGlobals)
    Ki                                       0x20000050   Data           4  maintask.o(.data..L_MergedGlobals)
    Kp_AT                                    0x20000054   Data           4  maintask.o(.data..L_MergedGlobals)
    Ki_AT                                    0x20000058   Data           4  maintask.o(.data..L_MergedGlobals)
    uwTickFreq                               0x2000005c   Data           1  stm32f1xx_hal.o(.data..L_MergedGlobals)
    uwTickPrio                               0x20000060   Data           4  stm32f1xx_hal.o(.data..L_MergedGlobals)
    uwTick                                   0x20000064   Data           4  stm32f1xx_hal.o(.data..L_MergedGlobals)
    SystemCoreClock                          0x20000068   Data           4  system_stm32f1xx.o(.data.SystemCoreClock)
    ad7177_2_regs                            0x2000006c   Data         324  initad7177.o(.data.ad7177_2_regs)
    crc16_modbus_table                       0x200001b0   Data         512  crc16.o(.data.crc16_modbus_table)
    device1                                  0x200003b0   Data          12  initad7177.o(.data.device1)
    device2                                  0x200003bc   Data          12  initad7177.o(.data.device2)
    device3                                  0x200003c8   Data          12  initad7177.o(.data.device3)
    device4                                  0x200003d4   Data          12  initad7177.o(.data.device4)
    device5                                  0x200003e0   Data          12  initad7177.o(.data.device5)
    device6                                  0x200003ec   Data          12  initad7177.o(.data.device6)
    device7                                  0x200003f8   Data          12  initad7177.o(.data.device7)
    device8                                  0x20000404   Data          12  initad7177.o(.data.device8)
    UnionDataERW                             0x20000458   Data           4  eeprom.o(.bss..L_MergedGlobals)
    UnionDataERW_Double                      0x20000460   Data           8  eeprom.o(.bss..L_MergedGlobals)
    AD_State                                 0x20000470   Data           1  dataconversion.o(.bss..L_MergedGlobals)
    AD_Channel_State                         0x20000471   Data           1  dataconversion.o(.bss..L_MergedGlobals)
    RegisterValue                            0x20000474   Data           4  dataconversion.o(.bss..L_MergedGlobals)
    Vref_P                                   0x20000478   Data           8  dataconversion.o(.bss..L_MergedGlobals)
    V8                                       0x20000480   Data           8  dataconversion.o(.bss..L_MergedGlobals)
    Vsam_P                                   0x20000488   Data           8  dataconversion.o(.bss..L_MergedGlobals)
    Vsam_N                                   0x20000490   Data           8  dataconversion.o(.bss..L_MergedGlobals)
    Vref_N                                   0x20000498   Data           8  dataconversion.o(.bss..L_MergedGlobals)
    V1                                       0x200004a0   Data           8  dataconversion.o(.bss..L_MergedGlobals)
    V2                                       0x200004a8   Data           8  dataconversion.o(.bss..L_MergedGlobals)
    V3                                       0x200004b0   Data           8  dataconversion.o(.bss..L_MergedGlobals)
    V4                                       0x200004b8   Data           8  dataconversion.o(.bss..L_MergedGlobals)
    V5                                       0x200004c0   Data           8  dataconversion.o(.bss..L_MergedGlobals)
    V6                                       0x200004c8   Data           8  dataconversion.o(.bss..L_MergedGlobals)
    V7                                       0x200004d0   Data           8  dataconversion.o(.bss..L_MergedGlobals)
    crc_result                               0x200004d8   Data           2  modbusrtu.o(.bss..L_MergedGlobals)
    Data_CRC                                 0x200004da   Data           2  modbusrtu.o(.bss..L_MergedGlobals)
    Register_Addr                            0x200004dc   Data           2  modbusrtu.o(.bss..L_MergedGlobals)
    Register_Num                             0x200004e0   Data           4  modbusrtu.o(.bss..L_MergedGlobals)
    rt_current_priority                      0x20000550   Data           1  scheduler.o(.bss..L_MergedGlobals)
    rt_current_thread                        0x20000554   Data           4  scheduler.o(.bss..L_MergedGlobals)
    rt_thread_ready_priority_group           0x20000558   Data           4  scheduler.o(.bss..L_MergedGlobals)
    rt_thread_defunct                        0x2000055c   Data           8  scheduler.o(.bss..L_MergedGlobals)
    Data_Without_CRC                         0x20000594   Data         256  modbusrtu.o(.bss.Data_Without_CRC)
    Flag                                     0x20000694   Data          15  dataprocess.o(.bss.Flag)
    PWM_Duty                                 0x200006a8   Data          16  maintask.o(.bss.PWM_Duty)
    Register                                 0x200006b8   Data         156  modbusrtu.o(.bss.Register)
    Register_Array                           0x20000754   Data         256  modbusrtu.o(.bss.Register_Array)
    Register_Value                           0x20000854   Data         256  modbusrtu.o(.bss.Register_Value)
    data                                     0x20000958   Data         280  dataprocess.o(.bss.data)
    hdma_usart3_rx                           0x20000a70   Data          68  usart.o(.bss.hdma_usart3_rx)
    hiwdg                                    0x20000ab4   Data          12  iwdg.o(.bss.hiwdg)
    huart1                                   0x20000ac0   Data          72  usart.o(.bss.huart1)
    huart3                                   0x20000b08   Data          72  usart.o(.bss.huart3)
    rt_interrupt_from_thread                 0x20008bf0   Data           4  cpuport.o(.bss.rt_interrupt_from_thread)
    rt_interrupt_nest                        0x20008bf8   Data           1  irq.o(.bss.rt_interrupt_nest)
    rt_interrupt_to_thread                   0x20008bfc   Data           4  cpuport.o(.bss.rt_interrupt_to_thread)
    rt_object_put_hook                       0x20008c88   Data           4  object.o(.bss.rt_object_put_hook)
    rt_object_take_hook                      0x20008c8c   Data           4  object.o(.bss.rt_object_take_hook)
    rt_object_trytake_hook                   0x20008c90   Data           4  object.o(.bss.rt_object_trytake_hook)
    rt_thread_priority_table                 0x20008c98   Data         256  scheduler.o(.bss.rt_thread_priority_table)
    rt_thread_switch_interrupt_flag          0x20008ea0   Data           4  cpuport.o(.bss.rt_thread_switch_interrupt_flag)
    tx_data                                  0x20008ea8   Data         256  modbusrtu.o(.bss.tx_data)
    uart1                                    0x20008fa8   Data         514  maintask.o(.bss.uart1)
    uart3                                    0x200091aa   Data         513  modbusrtu.o(.bss.uart3)
    __initial_sp                             0x200097b0   Data           0  startup_stm32f103xe.o(STACK)



==============================================================================

Memory Map of the image

  Image Entry point : 0x08000131

  Load Region LR_IROM1 (Base: 0x08000000, Size: 0x00007630, Max: 0x00080000, ABSOLUTE, COMPRESSED[0x000074c0])

    Execution Region ER_IROM1 (Exec base: 0x08000000, Load base: 0x08000000, Size: 0x000071d8, Max: 0x00080000, ABSOLUTE)

    Exec Addr    Load Addr    Size         Type   Attr      Idx    E Section Name        Object

    0x08000000   0x08000000   0x00000130   Data   RO            3    RESET               startup_stm32f103xe.o
    0x08000130   0x08000130   0x00000000   Code   RO         1479  * .ARM.Collect$$$$00000000  mc_w.l(entry.o)
    0x08000130   0x08000130   0x00000004   Code   RO         1781    .ARM.Collect$$$$00000001  mc_w.l(entry2.o)
    0x08000134   0x08000134   0x00000004   Code   RO         1784    .ARM.Collect$$$$00000004  mc_w.l(entry5.o)
    0x08000138   0x08000138   0x00000000   Code   RO         1786    .ARM.Collect$$$$00000008  mc_w.l(entry7b.o)
    0x08000138   0x08000138   0x00000000   Code   RO         1788    .ARM.Collect$$$$0000000A  mc_w.l(entry8b.o)
    0x08000138   0x08000138   0x00000008   Code   RO         1789    .ARM.Collect$$$$0000000B  mc_w.l(entry9a.o)
    0x08000140   0x08000140   0x00000000   Code   RO         1791    .ARM.Collect$$$$0000000D  mc_w.l(entry10a.o)
    0x08000140   0x08000140   0x00000000   Code   RO         1793    .ARM.Collect$$$$0000000F  mc_w.l(entry11a.o)
    0x08000140   0x08000140   0x00000004   Code   RO         1782    .ARM.Collect$$$$00002712  mc_w.l(entry2.o)
    0x08000144   0x08000144   0x00000024   Code   RO            4    .text               startup_stm32f103xe.o
    0x08000168   0x08000168   0x000000f4   Code   RO         1449    .text               context_rvds.o
    0x0800025c   0x0800025c   0x00000024   Code   RO         1482    .text               mc_w.l(memcpya.o)
    0x08000280   0x08000280   0x00000024   Code   RO         1484    .text               mc_w.l(memseta.o)
    0x080002a4   0x080002a4   0x000000b0   Code   RO         1749    .text               mf_w.l(fadd.o)
    0x08000354   0x08000354   0x00000064   Code   RO         1751    .text               mf_w.l(fmul.o)
    0x080003b8   0x080003b8   0x0000007c   Code   RO         1753    .text               mf_w.l(fdiv.o)
    0x08000434   0x08000434   0x0000014e   Code   RO         1755    .text               mf_w.l(dadd.o)
    0x08000582   0x08000582   0x000000e4   Code   RO         1757    .text               mf_w.l(dmul.o)
    0x08000666   0x08000666   0x000000de   Code   RO         1759    .text               mf_w.l(ddiv.o)
    0x08000744   0x08000744   0x0000001c   Code   RO         1761    .text               mf_w.l(fcmple.o)
    0x08000760   0x08000760   0x0000001c   Code   RO         1763    .text               mf_w.l(fcmplt.o)
    0x0800077c   0x0800077c   0x0000001c   Code   RO         1765    .text               mf_w.l(fcmpge.o)
    0x08000798   0x08000798   0x0000001c   Code   RO         1767    .text               mf_w.l(fcmpgt.o)
    0x080007b4   0x080007b4   0x00000036   Code   RO         1769    .text               mf_w.l(dcmpge.o)
    0x080007ea   0x080007ea   0x00000036   Code   RO         1771    .text               mf_w.l(dcmpgt.o)
    0x08000820   0x08000820   0x00000022   Code   RO         1773    .text               mf_w.l(dflti.o)
    0x08000842   0x08000842   0x0000001a   Code   RO         1775    .text               mf_w.l(dfltui.o)
    0x0800085c   0x0800085c   0x00000026   Code   RO         1777    .text               mf_w.l(f2d.o)
    0x08000882   0x08000882   0x00000038   Code   RO         1779    .text               mf_w.l(d2f.o)
    0x080008ba   0x080008ba   0x0000002c   Code   RO         1800    .text               mc_w.l(uidiv.o)
    0x080008e6   0x080008e6   0x00000062   Code   RO         1802    .text               mc_w.l(uldiv.o)
    0x08000948   0x08000948   0x0000001e   Code   RO         1804    .text               mc_w.l(llshl.o)
    0x08000966   0x08000966   0x00000024   Code   RO         1806    .text               mc_w.l(llsshr.o)
    0x0800098a   0x0800098a   0x00000000   Code   RO         1808    .text               mc_w.l(iusefp.o)
    0x0800098a   0x0800098a   0x0000006e   Code   RO         1809    .text               mf_w.l(fepilogue.o)
    0x080009f8   0x080009f8   0x000000ba   Code   RO         1811    .text               mf_w.l(depilogue.o)
    0x08000ab2   0x08000ab2   0x00000030   Code   RO         1813    .text               mf_w.l(dfixul.o)
    0x08000ae2   0x08000ae2   0x00000002   PAD
    0x08000ae4   0x08000ae4   0x00000030   Code   RO         1815    .text               mf_w.l(cdrcmple.o)
    0x08000b14   0x08000b14   0x00000024   Code   RO         1817    .text               mc_w.l(init.o)
    0x08000b38   0x08000b38   0x00000020   Code   RO         1820    .text               mc_w.l(llushr.o)
    0x08000b58   0x08000b58   0x0000003a   Code   RO         1831    .text               mc_w.l(__dczerorl.o)
    0x08000b92   0x08000b92   0x0000000a   Code   RO         1047    .text.$Sub$$main    components.o
    0x08000b9c   0x08000b9c   0x00000044   Code   RO          110    .text.AD717X_ComputeCRC8  ad717x.o
    0x08000be0   0x08000be0   0x00000034   Code   RO          106    .text.AD717X_GetReg  ad717x.o
    0x08000c14   0x08000c14   0x000000da   Code   RO          108    .text.AD717X_ReadRegister  ad717x.o
    0x08000cee   0x08000cee   0x0000001e   Code   RO          116    .text.AD717X_Reset  ad717x.o
    0x08000d0c   0x08000d0c   0x0000007a   Code   RO          114    .text.AD717X_WriteRegister  ad717x.o
    0x08000d86   0x08000d86   0x00000002   PAD
    0x08000d88   0x08000d88   0x00000044   Code   RO          163    .text.AD_IOSPI_Init  iospi.o
    0x08000dcc   0x08000dcc   0x00000044   Code   RO           90    .text.AT24Cxx_ReadOneByte  eeprom.o
    0x08000e10   0x08000e10   0x0000001c   Code   RO           92    .text.AT24Cxx_WRCheck  eeprom.o
    0x08000e2c   0x08000e2c   0x00000044   Code   RO           88    .text.AT24Cxx_WriteOneByte  eeprom.o
    0x08000e70   0x08000e70   0x00000198   Code   RO          296    .text.AT_Controller  maintask.o
    0x08001008   0x08001008   0x00000064   Code   RO          298    .text.Baseline_Controller  maintask.o
    0x0800106c   0x0800106c   0x00000002   Code   RO          420    .text.BusFault_Handler  stm32f1xx_it.o
    0x0800106e   0x0800106e   0x00000002   PAD
    0x08001070   0x08001070   0x0000000c   Code   RO          430    .text.DMA1_Channel3_IRQHandler  stm32f1xx_it.o
    0x0800107c   0x0800107c   0x00000028   Code   RO          643    .text.DMA_SetConfig  stm32f1xx_hal_dma.o
    0x080010a4   0x080010a4   0x000000dc   Code   RO          192    .text.DataConversion_Task  dataconversion.o
    0x08001180   0x08001180   0x00000002   Code   RO          426    .text.DebugMon_Handler  stm32f1xx_it.o
    0x08001182   0x08001182   0x00000002   PAD
    0x08001184   0x08001184   0x00000074   Code   RO          167    .text.DisableIOSPI  iospi.o
    0x080011f8   0x080011f8   0x000000fc   Code   RO           86    .text.EEPROM_Data_Init  eeprom.o
    0x080012f4   0x080012f4   0x00000006   Code   RO          428    .text.EXTI4_IRQHandler  stm32f1xx_it.o
    0x080012fa   0x080012fa   0x00000002   PAD
    0x080012fc   0x080012fc   0x00000078   Code   RO          165    .text.EnableIOSPI   iospi.o
    0x08001374   0x08001374   0x00000008   Code   RO          333    .text.Error_Handler  main.o
    0x0800137c   0x0800137c   0x000001dc   Code   RO          194    .text.Get_R1        dataconversion.o
    0x08001558   0x08001558   0x000001e0   Code   RO          198    .text.Get_R2        dataconversion.o
    0x08001738   0x08001738   0x000001e0   Code   RO          200    .text.Get_R3        dataconversion.o
    0x08001918   0x08001918   0x000001e0   Code   RO          202    .text.Get_R4        dataconversion.o
    0x08001af8   0x08001af8   0x00000524   Code   RO          196    .text.Get_Voltage   dataconversion.o
    0x0800201c   0x0800201c   0x0000003e   Code   RO          647    .text.HAL_DMA_Abort  stm32f1xx_hal_dma.o
    0x0800205a   0x0800205a   0x00000002   PAD
    0x0800205c   0x0800205c   0x000000d0   Code   RO          649    .text.HAL_DMA_Abort_IT  stm32f1xx_hal_dma.o
    0x0800212c   0x0800212c   0x000001f8   Code   RO          653    .text.HAL_DMA_IRQHandler  stm32f1xx_hal_dma.o
    0x08002324   0x08002324   0x00000084   Code   RO          637    .text.HAL_DMA_Init  stm32f1xx_hal_dma.o
    0x080023a8   0x080023a8   0x0000006e   Code   RO          645    .text.HAL_DMA_Start_IT  stm32f1xx_hal_dma.o
    0x08002416   0x08002416   0x00000002   PAD
    0x08002418   0x08002418   0x00000024   Code   RO          348    .text.HAL_GPIO_EXTI_Callback  gpio.o
    0x0800243c   0x0800243c   0x00000014   Code   RO          622    .text.HAL_GPIO_EXTI_IRQHandler  stm32f1xx_hal_gpio.o
    0x08002450   0x08002450   0x000001b0   Code   RO          610    .text.HAL_GPIO_Init  stm32f1xx_hal_gpio.o
    0x08002600   0x08002600   0x0000000a   Code   RO          614    .text.HAL_GPIO_ReadPin  stm32f1xx_hal_gpio.o
    0x0800260a   0x0800260a   0x00000010   Code   RO          618    .text.HAL_GPIO_TogglePin  stm32f1xx_hal_gpio.o
    0x0800261a   0x0800261a   0x0000000a   Code   RO          616    .text.HAL_GPIO_WritePin  stm32f1xx_hal_gpio.o
    0x08002624   0x08002624   0x00000008   Code   RO          504    .text.HAL_GetTick   stm32f1xx_hal.o
    0x0800262c   0x0800262c   0x00000054   Code   RO          477    .text.HAL_IWDG_Init  stm32f1xx_hal_iwdg.o
    0x08002680   0x08002680   0x0000000c   Code   RO          479    .text.HAL_IWDG_Refresh  stm32f1xx_hal_iwdg.o
    0x0800268c   0x0800268c   0x00000024   Code   RO          492    .text.HAL_Init      stm32f1xx_hal.o
    0x080026b0   0x080026b0   0x0000003c   Code   RO          494    .text.HAL_InitTick  stm32f1xx_hal.o
    0x080026ec   0x080026ec   0x00000040   Code   RO          447    .text.HAL_MspInit   stm32f1xx_hal_msp.o
    0x0800272c   0x0800272c   0x00000024   Code   RO          682    .text.HAL_NVIC_DisableIRQ  stm32f1xx_hal_cortex.o
    0x08002750   0x08002750   0x0000001c   Code   RO          680    .text.HAL_NVIC_EnableIRQ  stm32f1xx_hal_cortex.o
    0x0800276c   0x0800276c   0x00000044   Code   RO          676    .text.HAL_NVIC_SetPriority  stm32f1xx_hal_cortex.o
    0x080027b0   0x080027b0   0x00000020   Code   RO          674    .text.HAL_NVIC_SetPriorityGrouping  stm32f1xx_hal_cortex.o
    0x080027d0   0x080027d0   0x00000134   Code   RO          558    .text.HAL_RCC_ClockConfig  stm32f1xx_hal_rcc.o
    0x08002904   0x08002904   0x00000014   Code   RO          570    .text.HAL_RCC_GetPCLK1Freq  stm32f1xx_hal_rcc.o
    0x08002918   0x08002918   0x0000001c   Code   RO          572    .text.HAL_RCC_GetPCLK2Freq  stm32f1xx_hal_rcc.o
    0x08002934   0x08002934   0x00000058   Code   RO          560    .text.HAL_RCC_GetSysClockFreq  stm32f1xx_hal_rcc.o
    0x0800298c   0x0800298c   0x00000374   Code   RO          556    .text.HAL_RCC_OscConfig  stm32f1xx_hal_rcc.o
    0x08002d00   0x08002d00   0x00000028   Code   RO          688    .text.HAL_SYSTICK_Config  stm32f1xx_hal_cortex.o
    0x08002d28   0x08002d28   0x00000002   Code   RO          956    .text.HAL_UARTEx_RxEventCallback  stm32f1xx_hal_uart.o
    0x08002d2a   0x08002d2a   0x00000074   Code   RO          908    .text.HAL_UART_DMAStop  stm32f1xx_hal_uart.o
    0x08002d9e   0x08002d9e   0x00000002   Code   RO          954    .text.HAL_UART_ErrorCallback  stm32f1xx_hal_uart.o
    0x08002da0   0x08002da0   0x000002a4   Code   RO          948    .text.HAL_UART_IRQHandler  stm32f1xx_hal_uart.o
    0x08003044   0x08003044   0x0000005e   Code   RO          864    .text.HAL_UART_Init  stm32f1xx_hal_uart.o
    0x080030a2   0x080030a2   0x00000002   PAD
    0x080030a4   0x080030a4   0x00000124   Code   RO          398    .text.HAL_UART_MspInit  usart.o
    0x080031c8   0x080031c8   0x00000020   Code   RO          900    .text.HAL_UART_Receive_DMA  stm32f1xx_hal_uart.o
    0x080031e8   0x080031e8   0x00000002   Code   RO          962    .text.HAL_UART_RxCpltCallback  stm32f1xx_hal_uart.o
    0x080031ea   0x080031ea   0x00000002   Code   RO          964    .text.HAL_UART_RxHalfCpltCallback  stm32f1xx_hal_uart.o
    0x080031ec   0x080031ec   0x000000aa   Code   RO          880    .text.HAL_UART_Transmit  stm32f1xx_hal_uart.o
    0x08003296   0x08003296   0x00000002   Code   RO          958    .text.HAL_UART_TxCpltCallback  stm32f1xx_hal_uart.o
    0x08003298   0x08003298   0x00000030   Code   RO           63    .text.I2C_ACK       i2c.o
    0x080032c8   0x080032c8   0x00000044   Code   RO           53    .text.I2C_Config    i2c.o
    0x0800330c   0x0800330c   0x00000030   Code   RO           65    .text.I2C_NACK      i2c.o
    0x0800333c   0x0800333c   0x00000054   Code   RO           71    .text.I2C_Read_Byte  i2c.o
    0x08003390   0x08003390   0x00000018   Code   RO           57    .text.I2C_SDA_IN    i2c.o
    0x080033a8   0x080033a8   0x0000001c   Code   RO           55    .text.I2C_SDA_OUT   i2c.o
    0x080033c4   0x080033c4   0x0000004c   Code   RO           69    .text.I2C_Send_Byte  i2c.o
    0x08003410   0x08003410   0x00000030   Code   RO           59    .text.I2C_Start     i2c.o
    0x08003440   0x08003440   0x00000034   Code   RO           61    .text.I2C_Stop      i2c.o
    0x08003474   0x08003474   0x00000050   Code   RO           67    .text.I2C_Wait_ACK  i2c.o
    0x080034c4   0x080034c4   0x00000048   Code   RO          173    .text.IOSPI1_Read8Bits  iospi.o
    0x0800350c   0x0800350c   0x00000048   Code   RO          171    .text.IOSPI1_Write8Bits  iospi.o
    0x08003554   0x08003554   0x0000008c   Code   RO          175    .text.IOSPI_ReadData  iospi.o
    0x080035e0   0x080035e0   0x0000006a   Code   RO          169    .text.IOSPI_writeData  iospi.o
    0x0800364a   0x0800364a   0x00000002   PAD
    0x0800364c   0x0800364c   0x00000038   Code   RO          378    .text.IWDG_Refresh  iwdg.o
    0x08003684   0x08003684   0x000000a8   Code   RO          141    .text.InitAD7177    initad7177.o
    0x0800372c   0x0800372c   0x00000030   Code   RO          363    .text.MX_DMA_Init   dma.o
    0x0800375c   0x0800375c   0x0000018c   Code   RO          350    .text.MX_GPIO_Init  gpio.o
    0x080038e8   0x080038e8   0x0000002c   Code   RO          376    .text.MX_IWDG_Init  iwdg.o
    0x08003914   0x08003914   0x0000003c   Code   RO          394    .text.MX_USART1_UART_Init  usart.o
    0x08003950   0x08003950   0x0000003c   Code   RO          396    .text.MX_USART3_UART_Init  usart.o
    0x0800398c   0x0800398c   0x00000002   Code   RO          418    .text.MemManage_Handler  stm32f1xx_it.o
    0x0800398e   0x0800398e   0x00000002   PAD
    0x08003990   0x08003990   0x000005f0   Code   RO          266    .text.ModbusRtuTask  modbusrtu.o
    0x08003f80   0x08003f80   0x00000002   Code   RO          416    .text.NMI_Handler   stm32f1xx_it.o
    0x08003f82   0x08003f82   0x00000002   PAD
    0x08003f84   0x08003f84   0x0000012c   Code   RO          294    .text.PID_Controller  maintask.o
    0x080040b0   0x080040b0   0x0000002c   Code   RO          204    .text.RegValue_To_Voltage  dataconversion.o
    0x080040dc   0x080040dc   0x00000002   Code   RO          424    .text.SVC_Handler   stm32f1xx_it.o
    0x080040de   0x080040de   0x00000012   Code   RO           21    .text.SysTick_Handler  board.o
    0x080040f0   0x080040f0   0x00000068   Code   RO          329    .text.SystemClock_Config  main.o
    0x08004158   0x08004158   0x00000058   Code   RO          997    .text.SystemCoreClockUpdate  system_stm32f1xx.o
    0x080041b0   0x080041b0   0x00000002   Code   RO          995    .text.SystemInit    system_stm32f1xx.o
    0x080041b2   0x080041b2   0x0000000c   Code   RO          952    .text.UART_DMAAbortOnError  stm32f1xx_hal_uart.o
    0x080041be   0x080041be   0x00000052   Code   RO          898    .text.UART_DMAError  stm32f1xx_hal_uart.o
    0x08004210   0x08004210   0x00000080   Code   RO          980    .text.UART_DMAReceiveCplt  stm32f1xx_hal_uart.o
    0x08004290   0x08004290   0x00000018   Code   RO          982    .text.UART_DMARxHalfCplt  stm32f1xx_hal_uart.o
    0x080042a8   0x080042a8   0x0000004e   Code   RO          912    .text.UART_EndRxTransfer  stm32f1xx_hal_uart.o
    0x080042f6   0x080042f6   0x0000001c   Code   RO          910    .text.UART_EndTxTransfer  stm32f1xx_hal_uart.o
    0x08004312   0x08004312   0x000000c8   Code   RO          950    .text.UART_Receive_IT  stm32f1xx_hal_uart.o
    0x080043da   0x080043da   0x00000002   PAD
    0x080043dc   0x080043dc   0x00000084   Code   RO          868    .text.UART_SetConfig  stm32f1xx_hal_uart.o
    0x08004460   0x08004460   0x00000098   Code   RO          902    .text.UART_Start_Receive_DMA  stm32f1xx_hal_uart.o
    0x080044f8   0x080044f8   0x0000006e   Code   RO          882    .text.UART_WaitOnFlagUntilTimeout  stm32f1xx_hal_uart.o
    0x08004566   0x08004566   0x00000002   PAD
    0x08004568   0x08004568   0x00000008   Code   RO          432    .text.USART1_IRQHandler  stm32f1xx_it.o
    0x08004570   0x08004570   0x00000064   Code   RO          434    .text.USART3_IRQHandler  stm32f1xx_it.o
    0x080045d4   0x080045d4   0x0000007c   Code   RO          300    .text.UpdatePWM     maintask.o
    0x08004650   0x08004650   0x00000002   Code   RO          422    .text.UsageFault_Handler  stm32f1xx_it.o
    0x08004652   0x08004652   0x00000002   PAD
    0x08004654   0x08004654   0x00000024   Code   RO          678    .text.__NVIC_SetPriority  stm32f1xx_hal_cortex.o
    0x08004678   0x08004678   0x00000034   Code   RO         1224    .text.__rt_ffs      kservice.o
    0x080046ac   0x080046ac   0x0000007c   Code   RO         1366    .text._rt_thread_init  thread.o
    0x08004728   0x08004728   0x0000001e   Code   RO         1362    .text._thread_cleanup_execute  thread.o
    0x08004746   0x08004746   0x00000002   PAD
    0x08004748   0x08004748   0x00000034   Code   RO          250    .text.calculate_crc16_modbus  crc16.o
    0x0800477c   0x0800477c   0x00000090   Code   RO           39    .text.cpu_usage_idle_hook  cpu_usage.o
    0x0800480c   0x0800480c   0x0000000c   Code   RO           37    .text.cpu_usage_init  cpu_usage.o
    0x08004818   0x08004818   0x00000018   Code   RO          190    .text.data_conversion_thread_entry  dataconversion.o
    0x08004830   0x08004830   0x00000158   Code   RO          235    .text.data_process_thread_entry  dataprocess.o
    0x08004988   0x08004988   0x00000020   Code   RO          264    .text.data_send_thread_entry  modbusrtu.o
    0x080049a8   0x080049a8   0x00000238   Code   RO           84    .text.eeprom_thread_entry  eeprom.o
    0x08004be0   0x08004be0   0x00000008   Code   RO          321    .text.get_data_process_sem  main.o
    0x08004be8   0x08004be8   0x00000008   Code   RO          325    .text.get_eeprom_sem  main.o
    0x08004bf0   0x08004bf0   0x00000008   Code   RO          319    .text.get_semaphore  main.o
    0x08004bf8   0x08004bf8   0x00000008   Code   RO          323    .text.get_uart3_sem  main.o
    0x08004c00   0x08004c00   0x0000001e   Code   RO          231    .text.init_sliding_average  dataprocess.o
    0x08004c1e   0x08004c1e   0x00000002   PAD
    0x08004c20   0x08004c20   0x00000028   Code   RO          331    .text.led1_thread_entry  main.o
    0x08004c48   0x08004c48   0x00000334   Code   RO          327    .text.main          main.o
    0x08004f7c   0x08004f7c   0x00000064   Code   RO          292    .text.main_task_thread_entry  maintask.o
    0x08004fe0   0x08004fe0   0x0000001c   Code   RO         1051    .text.main_thread_entry  components.o
    0x08004ffc   0x08004ffc   0x00000068   Code   RO         1252    .text.plug_holes    mem.o
    0x08005064   0x08005064   0x00000170   Code   RO         1208    .text.print_number  kservice.o
    0x080051d4   0x080051d4   0x0000002c   Code   RO         1053    .text.rt_application_init  components.o
    0x08005200   0x08005200   0x0000001c   Code   RO         1043    .text.rt_components_board_init  components.o
    0x0800521c   0x0800521c   0x00000018   Code   RO         1333    .text.rt_enter_critical  scheduler.o
    0x08005234   0x08005234   0x00000040   Code   RO         1335    .text.rt_exit_critical  scheduler.o
    0x08005274   0x08005274   0x000000d4   Code   RO         1250    .text.rt_free       mem.o
    0x08005348   0x08005348   0x00000004   Code   RO           15    .text.rt_heap_begin_get  board.o
    0x0800534c   0x0800534c   0x0000000c   Code   RO           17    .text.rt_heap_end_get  board.o
    0x08005358   0x08005358   0x00000050   Code   RO           19    .text.rt_hw_board_init  board.o
    0x080053a8   0x080053a8   0x00000050   Code   RO           13    .text.rt_hw_console_output  board.o
    0x080053f8   0x080053f8   0x00000158   Code   RO         1458    .text.rt_hw_hard_fault_exception  cpuport.o
    0x08005550   0x08005550   0x0000003c   Code   RO         1454    .text.rt_hw_stack_init  cpuport.o
    0x0800558c   0x0800558c   0x00000030   Code   RO           11    .text.rt_hw_us_delay  board.o
    0x080055bc   0x080055bc   0x00000028   Code   RO         1150    .text.rt_interrupt_enter  irq.o
    0x080055e4   0x080055e4   0x0000002c   Code   RO         1152    .text.rt_interrupt_leave  irq.o
    0x08005610   0x08005610   0x00000008   Code   RO         1115    .text.rt_ipc_list_resume  ipc.o
    0x08005618   0x08005618   0x0000004e   Code   RO         1109    .text.rt_ipc_list_suspend  ipc.o
    0x08005666   0x08005666   0x00000002   PAD
    0x08005668   0x08005668   0x0000002c   Code   RO         1202    .text.rt_kprintf    kservice.o
    0x08005694   0x08005694   0x00000100   Code   RO         1246    .text.rt_malloc     mem.o
    0x08005794   0x08005794   0x00000088   Code   RO         1176    .text.rt_memset     kservice.o
    0x0800581c   0x0800581c   0x00000078   Code   RO         1294    .text.rt_object_allocate  object.o
    0x08005894   0x08005894   0x00000038   Code   RO         1296    .text.rt_object_delete  object.o
    0x080058cc   0x080058cc   0x00000034   Code   RO         1292    .text.rt_object_detach  object.o
    0x08005900   0x08005900   0x00000078   Code   RO         1290    .text.rt_object_init  object.o
    0x08005978   0x08005978   0x00000006   Code   RO         1298    .text.rt_object_is_systemobject  object.o
    0x0800597e   0x0800597e   0x00000002   PAD
    0x08005980   0x08005980   0x00000068   Code   RO         1327    .text.rt_schedule   scheduler.o
    0x080059e8   0x080059e8   0x00000044   Code   RO         1329    .text.rt_schedule_insert_thread  scheduler.o
    0x08005a2c   0x08005a2c   0x00000040   Code   RO         1331    .text.rt_schedule_remove_thread  scheduler.o
    0x08005a6c   0x08005a6c   0x0000001e   Code   RO         1103    .text.rt_sem_create  ipc.o
    0x08005a8a   0x08005a8a   0x00000020   Code   RO         1097    .text.rt_sem_init   ipc.o
    0x08005aaa   0x08005aaa   0x00000002   PAD
    0x08005aac   0x08005aac   0x00000058   Code   RO         1113    .text.rt_sem_release  ipc.o
    0x08005b04   0x08005b04   0x0000008c   Code   RO         1107    .text.rt_sem_take   ipc.o
    0x08005b90   0x08005b90   0x000000b0   Code   RO         1200    .text.rt_show_version  kservice.o
    0x08005c40   0x08005c40   0x00000034   Code   RO         1190    .text.rt_strncpy    kservice.o
    0x08005c74   0x08005c74   0x000000b0   Code   RO         1244    .text.rt_system_heap_init  mem.o
    0x08005d24   0x08005d24   0x00000034   Code   RO         1323    .text.rt_system_scheduler_init  scheduler.o
    0x08005d58   0x08005d58   0x0000002c   Code   RO         1325    .text.rt_system_scheduler_start  scheduler.o
    0x08005d84   0x08005d84   0x00000010   Code   RO         1434    .text.rt_system_timer_init  timer.o
    0x08005d94   0x08005d94   0x00000002   Code   RO         1436    .text.rt_system_timer_thread_init  timer.o
    0x08005d96   0x08005d96   0x00000042   Code   RO         1376    .text.rt_thread_create  thread.o
    0x08005dd8   0x08005dd8   0x0000000a   Code   RO         1386    .text.rt_thread_delay  thread.o
    0x08005de2   0x08005de2   0x00000002   PAD
    0x08005de4   0x08005de4   0x00000058   Code   RO         1360    .text.rt_thread_exit  thread.o
    0x08005e3c   0x08005e3c   0x00000020   Code   RO         1079    .text.rt_thread_idle_entry  idle.o
    0x08005e5c   0x08005e5c   0x00000044   Code   RO         1075    .text.rt_thread_idle_excute  idle.o
    0x08005ea0   0x08005ea0   0x00000044   Code   RO         1077    .text.rt_thread_idle_init  idle.o
    0x08005ee4   0x08005ee4   0x00000030   Code   RO         1071    .text.rt_thread_idle_sethook  idle.o
    0x08005f14   0x08005f14   0x0000002e   Code   RO         1364    .text.rt_thread_init  thread.o
    0x08005f42   0x08005f42   0x00000002   PAD
    0x08005f44   0x08005f44   0x00000054   Code   RO         1372    .text.rt_thread_resume  thread.o
    0x08005f98   0x08005f98   0x00000008   Code   RO         1368    .text.rt_thread_self  thread.o
    0x08005fa0   0x08005fa0   0x00000044   Code   RO         1382    .text.rt_thread_sleep  thread.o
    0x08005fe4   0x08005fe4   0x0000002c   Code   RO         1370    .text.rt_thread_startup  thread.o
    0x08006010   0x08006010   0x00000054   Code   RO         1384    .text.rt_thread_suspend  thread.o
    0x08006064   0x08006064   0x00000026   Code   RO         1394    .text.rt_thread_timeout  thread.o
    0x0800608a   0x0800608a   0x00000002   PAD
    0x0800608c   0x0800608c   0x00000064   Code   RO         1380    .text.rt_thread_yield  thread.o
    0x080060f0   0x080060f0   0x00000008   Code   RO         1015    .text.rt_tick_get   clock.o
    0x080060f8   0x080060f8   0x0000002c   Code   RO         1019    .text.rt_tick_increase  clock.o
    0x08006124   0x08006124   0x000000b8   Code   RO         1430    .text.rt_timer_check  timer.o
    0x080061dc   0x080061dc   0x0000004a   Code   RO         1428    .text.rt_timer_control  timer.o
    0x08006226   0x08006226   0x00000030   Code   RO         1418    .text.rt_timer_detach  timer.o
    0x08006256   0x08006256   0x0000002e   Code   RO         1416    .text.rt_timer_init  timer.o
    0x08006284   0x08006284   0x00000094   Code   RO         1424    .text.rt_timer_start  timer.o
    0x08006318   0x08006318   0x00000048   Code   RO         1426    .text.rt_timer_stop  timer.o
    0x08006360   0x08006360   0x000002a8   Code   RO         1204    .text.rt_vsnprintf  kservice.o
    0x08006608   0x08006608   0x00000004   Code   RO         1039    .text.rti_board_end  components.o
    0x0800660c   0x0800660c   0x00000004   Code   RO         1037    .text.rti_board_start  components.o
    0x08006610   0x08006610   0x00000004   Code   RO         1041    .text.rti_end       components.o
    0x08006614   0x08006614   0x00000004   Code   RO         1035    .text.rti_start     components.o
    0x08006618   0x08006618   0x0000002a   Code   RO         1049    .text.rtthread_startup  components.o
    0x08006642   0x08006642   0x00000024   Code   RO         1206    .text.skip_atoi     kservice.o
    0x08006666   0x08006666   0x0000008e   Code   RO          233    .text.update_sliding_average  dataprocess.o
    0x080066f4   0x080066f4   0x00000010   Code   RO          380    .text.watchdog_thread_entry  iwdg.o
    0x08006704   0x08006704   0x00000028   Code   RO         1723    i.__0sprintf        mc_w.l(printfa.o)
    0x0800672c   0x0800672c   0x0000000e   Code   RO         1825    i.__scatterload_copy  mc_w.l(handlers.o)
    0x0800673a   0x0800673a   0x00000002   Code   RO         1826    i.__scatterload_null  mc_w.l(handlers.o)
    0x0800673c   0x0800673c   0x0000000e   Code   RO         1827    i.__scatterload_zeroinit  mc_w.l(handlers.o)
    0x0800674a   0x0800674a   0x00000002   PAD
    0x0800674c   0x0800674c   0x00000184   Code   RO         1728    i._fp_digits        mc_w.l(printfa.o)
    0x080068d0   0x080068d0   0x000006dc   Code   RO         1729    i._printf_core      mc_w.l(printfa.o)
    0x08006fac   0x08006fac   0x00000024   Code   RO         1730    i._printf_post_padding  mc_w.l(printfa.o)
    0x08006fd0   0x08006fd0   0x0000002e   Code   RO         1731    i._printf_pre_padding  mc_w.l(printfa.o)
    0x08006ffe   0x08006ffe   0x0000000a   Code   RO         1733    i._sputc            mc_w.l(printfa.o)
    0x08007008   0x08007008   0x00000010   Data   RO         1000    .rodata.AHBPrescTable  system_stm32f1xx.o
    0x08007018   0x08007018   0x00000008   Data   RO         1001    .rodata.APBPrescTable  system_stm32f1xx.o
    0x08007020   0x08007020   0x00000100   Data   RO         1228    .rodata.__lowest_bit_bitmap  kservice.o
    0x08007120   0x08007120   0x00000085   Data   RO         1465    .rodata.str1.1      cpuport.o
    0x080071a5   0x080071a5   0x00000003   PAD
    0x080071a8   0x080071a8   0x00000004   Data   RO         1055    .rti_fn.0           components.o
    0x080071ac   0x080071ac   0x00000004   Data   RO         1056    .rti_fn.0.end       components.o
    0x080071b0   0x080071b0   0x00000004   Data   RO         1057    .rti_fn.1.end       components.o
    0x080071b4   0x080071b4   0x00000004   Data   RO         1058    .rti_fn.6.end       components.o
    0x080071b8   0x080071b8   0x00000020   Data   RO         1823    Region$$Table       anon$$obj.o


    Execution Region RW_IRAM1 (Exec base: 0x20000000, Load base: 0x080071e0, Size: 0x000097b0, Max: 0x00010000, ABSOLUTE, COMPRESSED[0x000002e0])

    Exec Addr    Load Addr    Size         Type   Attr      Idx    E Section Name        Object

    0x20000000   COMPRESSED   0x0000005c   Data   RW          306    .data..L_MergedGlobals  maintask.o
    0x2000005c   COMPRESSED   0x0000000c   Data   RW          542    .data..L_MergedGlobals  stm32f1xx_hal.o
    0x20000068   COMPRESSED   0x00000004   Data   RW          999    .data.SystemCoreClock  system_stm32f1xx.o
    0x2000006c   COMPRESSED   0x00000144   Data   RW          151    .data.ad7177_2_regs  initad7177.o
    0x200001b0   COMPRESSED   0x00000200   Data   RW          252    .data.crc16_modbus_table  crc16.o
    0x200003b0   COMPRESSED   0x0000000c   Data   RW          143    .data.device1       initad7177.o
    0x200003bc   COMPRESSED   0x0000000c   Data   RW          144    .data.device2       initad7177.o
    0x200003c8   COMPRESSED   0x0000000c   Data   RW          145    .data.device3       initad7177.o
    0x200003d4   COMPRESSED   0x0000000c   Data   RW          146    .data.device4       initad7177.o
    0x200003e0   COMPRESSED   0x0000000c   Data   RW          147    .data.device5       initad7177.o
    0x200003ec   COMPRESSED   0x0000000c   Data   RW          148    .data.device6       initad7177.o
    0x200003f8   COMPRESSED   0x0000000c   Data   RW          149    .data.device7       initad7177.o
    0x20000404   COMPRESSED   0x0000000c   Data   RW          150    .data.device8       initad7177.o
    0x20000410   COMPRESSED   0x00000040   Data   RW         1309    .data.rt_object_container  object.o
    0x20000450        -       0x00000008   Zero   RW           41    .bss..L_MergedGlobals  cpu_usage.o
    0x20000458        -       0x00000010   Zero   RW           94    .bss..L_MergedGlobals  eeprom.o
    0x20000468   COMPRESSED   0x00000008   PAD
    0x20000470        -       0x00000068   Zero   RW          219    .bss..L_MergedGlobals  dataconversion.o
    0x200004d8        -       0x0000000c   Zero   RW          280    .bss..L_MergedGlobals  modbusrtu.o
    0x200004e4        -       0x00000010   Zero   RW          336    .bss..L_MergedGlobals  main.o
    0x200004f4   COMPRESSED   0x0000000c   PAD
    0x20000500        -       0x00000048   Zero   RW         1258    .bss..L_MergedGlobals  mem.o
    0x20000548   COMPRESSED   0x00000008   PAD
    0x20000550        -       0x00000014   Zero   RW         1340    .bss..L_MergedGlobals  scheduler.o
    0x20000564   COMPRESSED   0x0000000c   PAD
    0x20000570        -       0x00000014   Zero   RW         1438    .bss..L_MergedGlobals  timer.o
    0x20000584        -       0x00000008   Zero   RW          307    .bss..L_MergedGlobals.1  maintask.o
    0x2000058c        -       0x00000008   Zero   RW         1341    .bss..L_MergedGlobals.1  scheduler.o
    0x20000594        -       0x00000100   Zero   RW          275    .bss.Data_Without_CRC  modbusrtu.o
    0x20000694        -       0x0000000f   Zero   RW          238    .bss.Flag           dataprocess.o
    0x200006a3        -       0x00000001   Zero   RW          213    .bss.Get_R1.R1_Channel_State  dataconversion.o
    0x200006a4        -       0x00000001   Zero   RW          214    .bss.Get_R2.R2_Channel_State  dataconversion.o
    0x200006a5        -       0x00000001   Zero   RW          215    .bss.Get_R3.R3_Channel_State  dataconversion.o
    0x200006a6        -       0x00000001   Zero   RW          216    .bss.Get_R4.R4_Channel_State  dataconversion.o
    0x200006a7        -       0x00000001   Zero   RW          217    .bss.Get_Voltage.Voltage_Channel_State  dataconversion.o
    0x200006a8        -       0x00000010   Zero   RW          302    .bss.PWM_Duty       maintask.o
    0x200006b8        -       0x0000009c   Zero   RW          276    .bss.Register       modbusrtu.o
    0x20000754        -       0x00000100   Zero   RW          277    .bss.Register_Array  modbusrtu.o
    0x20000854        -       0x00000100   Zero   RW          278    .bss.Register_Value  modbusrtu.o
    0x20000954   COMPRESSED   0x00000004   PAD
    0x20000958        -       0x00000118   Zero   RW          237    .bss.data           dataprocess.o
    0x20000a70        -       0x00000044   Zero   RW          404    .bss.hdma_usart3_rx  usart.o
    0x20000ab4        -       0x0000000c   Zero   RW          382    .bss.hiwdg          iwdg.o
    0x20000ac0        -       0x00000048   Zero   RW          402    .bss.huart1         usart.o
    0x20000b08        -       0x00000048   Zero   RW          403    .bss.huart3         usart.o
    0x20000b50        -       0x00000088   Zero   RW         1084    .bss.idle           idle.o
    0x20000bd8        -       0x00000010   Zero   RW         1083    .bss.idle_hook_list  idle.o
    0x20000be8        -       0x00000004   Zero   RW         1464    .bss.rt_exception_hook  cpuport.o
    0x20000bec        -       0x00008000   Zero   RW           23    .bss.rt_heap        board.o
    0x20008bec        -       0x00000004   Zero   RW         1156    .bss.rt_interrupt_enter_hook  irq.o
    0x20008bf0        -       0x00000004   Zero   RW         1466    .bss.rt_interrupt_from_thread  cpuport.o
    0x20008bf4        -       0x00000004   Zero   RW         1157    .bss.rt_interrupt_leave_hook  irq.o
    0x20008bf8        -       0x00000001   Zero   RW         1158    .bss.rt_interrupt_nest  irq.o
    0x20008bf9   COMPRESSED   0x00000003   PAD
    0x20008bfc        -       0x00000004   Zero   RW         1467    .bss.rt_interrupt_to_thread  cpuport.o
    0x20008c00        -       0x00000080   Zero   RW         1227    .bss.rt_kprintf.rt_log_buf  kservice.o
    0x20008c80        -       0x00000004   Zero   RW         1304    .bss.rt_object_attach_hook  object.o
    0x20008c84        -       0x00000004   Zero   RW         1305    .bss.rt_object_detach_hook  object.o
    0x20008c88        -       0x00000004   Zero   RW         1308    .bss.rt_object_put_hook  object.o
    0x20008c8c        -       0x00000004   Zero   RW         1307    .bss.rt_object_take_hook  object.o
    0x20008c90        -       0x00000004   Zero   RW         1306    .bss.rt_object_trytake_hook  object.o
    0x20008c94        -       0x00000004   Zero   RW         1400    .bss.rt_thread_inited_hook  thread.o
    0x20008c98        -       0x00000100   Zero   RW         1339    .bss.rt_thread_priority_table  scheduler.o
    0x20008d98        -       0x00000004   Zero   RW         1399    .bss.rt_thread_resume_hook  thread.o
    0x20008d9c        -       0x00000100   Zero   RW         1085    .bss.rt_thread_stack  idle.o
    0x20008e9c        -       0x00000004   Zero   RW         1398    .bss.rt_thread_suspend_hook  thread.o
    0x20008ea0        -       0x00000004   Zero   RW         1468    .bss.rt_thread_switch_interrupt_flag  cpuport.o
    0x20008ea4        -       0x00000004   Zero   RW         1023    .bss.rt_tick        clock.o
    0x20008ea8        -       0x00000100   Zero   RW          279    .bss.tx_data        modbusrtu.o
    0x20008fa8        -       0x00000202   Zero   RW          304    .bss.uart1          maintask.o
    0x200091aa        -       0x00000201   Zero   RW          274    .bss.uart3          modbusrtu.o
    0x200093ab   COMPRESSED   0x00000005   PAD
    0x200093b0        -       0x00000400   Zero   RW            1    STACK               startup_stm32f103xe.o


==============================================================================

Image component sizes


      Code (inc. data)   RO Data    RW Data    ZI Data      Debug   Object Name

       490          0          0          0          0       6549   ad717x.o
       242         28          0          0      32768       2556   board.o
        52          4          0          0          4       2827   clock.o
       168         24         16          0          0       3749   components.o
       244         28          0          0          0        756   context_rvds.o
       156          8          0          0          8       1628   cpu_usage.o
       404        204        133          0         16       2995   cpuport.o
        52          4          0        512          0       1143   crc16.o
      3520        312          0          0        109       5725   dataconversion.o
       516         16          0          0        295       4349   dataprocess.o
        48          4          0          0          0       2450   dma.o
       984         24          0          0         16       4725   eeprom.o
       432         24          0          0          0       4380   gpio.o
       556         12          0          0          0       3191   i2c.o
       216         28          0          0        408       4169   idle.o
       168         12          0        420          0       2431   initad7177.o
       694         48          0          0          0       3421   iospi.o
       376         12          0          0          0      10413   ipc.o
        84         12          0          0          9       1661   irq.o
       116         40          0          0         12       1651   iwdg.o
      1544        206        256          0        128      13734   kservice.o
      1004        232          0          0         16       6790   main.o
      1032        102          0         92        538       4571   maintask.o
       748        156          0          0         72       5141   mem.o
      1552         54          0          0       1705       9087   modbusrtu.o
       354         12          0         64         20       7543   object.o
       420         24          0          0        284       5281   scheduler.o
        36          8        304          0       1024        780   startup_stm32f103xe.o
       104          8          0         12          0       6892   stm32f1xx_hal.o
       240         32          0          0          0       9213   stm32f1xx_hal_cortex.o
      1056         52          0          0          0       7164   stm32f1xx_hal_dma.o
       488         52          0          0          0       4772   stm32f1xx_hal_gpio.o
        96          0          0          0          0       1735   stm32f1xx_hal_iwdg.o
        64          8          0          0          0       1362   stm32f1xx_hal_msp.o
      1328         72          0          0          0       7675   stm32f1xx_hal_rcc.o
      2044         20          0          0          0      23849   stm32f1xx_hal_uart.o
       138         16          0          0          0       2515   stm32f1xx_it.o
        90         20         24          4          0       1722   system_stm32f1xx.o
       790         28          0          0         12       9794   thread.o
       590         26          0          0         20       8634   timer.o
       412         36          0          0        212       6730   usart.o

    ----------------------------------------------------------------------
     23690       2008        768       1104      37728     215753   Object Totals
         0          0         32          0          0          0   (incl. Generated)
        42          0          3          0         52          0   (incl. Padding)

    ----------------------------------------------------------------------

      Code (inc. data)   RO Data    RW Data    ZI Data      Debug   Library Member Name

        58          0          0          0          0          0   __dczerorl.o
         0          0          0          0          0          0   entry.o
         0          0          0          0          0          0   entry10a.o
         0          0          0          0          0          0   entry11a.o
         8          4          0          0          0          0   entry2.o
         4          0          0          0          0          0   entry5.o
         0          0          0          0          0          0   entry7b.o
         0          0          0          0          0          0   entry8b.o
         8          4          0          0          0          0   entry9a.o
        30          0          0          0          0          0   handlers.o
        36          8          0          0          0         68   init.o
         0          0          0          0          0          0   iusefp.o
        30          0          0          0          0         68   llshl.o
        36          0          0          0          0         68   llsshr.o
        32          0          0          0          0         68   llushr.o
        36          0          0          0          0         68   memcpya.o
        36          0          0          0          0        108   memseta.o
      2276         86          0          0          0        520   printfa.o
        44          0          0          0          0         80   uidiv.o
        98          0          0          0          0         92   uldiv.o
        48          0          0          0          0         68   cdrcmple.o
        56          0          0          0          0         88   d2f.o
       334          0          0          0          0        148   dadd.o
        54          0          0          0          0         80   dcmpge.o
        54          0          0          0          0         80   dcmpgt.o
       222          0          0          0          0        100   ddiv.o
       186          0          0          0          0        176   depilogue.o
        48          0          0          0          0         68   dfixul.o
        34          0          0          0          0         76   dflti.o
        26          0          0          0          0         76   dfltui.o
       228          0          0          0          0         96   dmul.o
        38          0          0          0          0         68   f2d.o
       176          0          0          0          0        140   fadd.o
        28          0          0          0          0         68   fcmpge.o
        28          0          0          0          0         68   fcmpgt.o
        28          0          0          0          0         68   fcmple.o
        28          0          0          0          0         68   fcmplt.o
       124          0          0          0          0         88   fdiv.o
       110          0          0          0          0        168   fepilogue.o
       100          0          0          0          0         76   fmul.o

    ----------------------------------------------------------------------
      4686        102          0          0          0       3008   Library Totals
         4          0          0          0          0          0   (incl. Padding)

    ----------------------------------------------------------------------

      Code (inc. data)   RO Data    RW Data    ZI Data      Debug   Library Name

      2732        102          0          0          0       1140   mc_w.l
      1950          0          0          0          0       1868   mf_w.l

    ----------------------------------------------------------------------
      4686        102          0          0          0       3008   Library Totals

    ----------------------------------------------------------------------

==============================================================================


      Code (inc. data)   RO Data    RW Data    ZI Data      Debug   

     28376       2110        768       1104      37728     216721   Grand Totals
     28376       2110        768        736      37728     216721   ELF Image Totals (compressed)
     28376       2110        768        736          0          0   ROM Totals

==============================================================================

    Total RO  Size (Code + RO Data)                29144 (  28.46kB)
    Total RW  Size (RW Data + ZI Data)             38832 (  37.92kB)
    Total ROM Size (Code + RO Data + RW Data)      29880 (  29.18kB)

==============================================================================

