Component: ARM Compiler 6.10.1 Tool: armlink [5d142800]

==============================================================================

Section Cross References

    startup_stm32f103xe.o(RESET) refers to startup_stm32f103xe.o(STACK) for __initial_sp
    startup_stm32f103xe.o(RESET) refers to startup_stm32f103xe.o(.text) for Reset_Handler
    startup_stm32f103xe.o(RESET) refers to stm32f1xx_it.o(.text.NMI_Handler) for NMI_Handler
    startup_stm32f103xe.o(RESET) refers to context_rvds.o(.text) for HardFault_Handler
    startup_stm32f103xe.o(RESET) refers to stm32f1xx_it.o(.text.MemManage_Handler) for MemManage_Handler
    startup_stm32f103xe.o(RESET) refers to stm32f1xx_it.o(.text.BusFault_Handler) for BusFault_Handler
    startup_stm32f103xe.o(RESET) refers to stm32f1xx_it.o(.text.UsageFault_Handler) for UsageFault_Handler
    startup_stm32f103xe.o(RESET) refers to stm32f1xx_it.o(.text.SVC_Handler) for SVC_Handler
    startup_stm32f103xe.o(RESET) refers to stm32f1xx_it.o(.text.DebugMon_Handler) for DebugMon_Handler
    startup_stm32f103xe.o(RESET) refers to board.o(.text.SysTick_Handler) for SysTick_Handler
    startup_stm32f103xe.o(RESET) refers to stm32f1xx_it.o(.text.EXTI4_IRQHandler) for EXTI4_IRQHandler
    startup_stm32f103xe.o(RESET) refers to stm32f1xx_it.o(.text.DMA1_Channel3_IRQHandler) for DMA1_Channel3_IRQHandler
    startup_stm32f103xe.o(RESET) refers to stm32f1xx_it.o(.text.USART3_IRQHandler) for USART3_IRQHandler
    startup_stm32f103xe.o(.text) refers to system_stm32f1xx.o(.text.SystemInit) for SystemInit
    startup_stm32f103xe.o(.text) refers to entry.o(.ARM.Collect$$$$00000000) for __main
    board.o(.text.rt_hw_us_delay) refers to system_stm32f1xx.o(.data.SystemCoreClock) for SystemCoreClock
    board.o(.ARM.exidx.text.rt_hw_us_delay) refers to board.o(.text.rt_hw_us_delay) for [Anonymous Symbol]
    board.o(.text.rt_hw_console_output) refers to stm32f1xx_hal_uart.o(.text.HAL_UART_Transmit) for HAL_UART_Transmit
    board.o(.text.rt_hw_console_output) refers to usart.o(.bss.huart3) for huart3
    board.o(.ARM.exidx.text.rt_hw_console_output) refers to board.o(.text.rt_hw_console_output) for [Anonymous Symbol]
    board.o(.text.rt_heap_begin_get) refers to board.o(.bss.rt_heap) for [Anonymous Symbol]
    board.o(.ARM.exidx.text.rt_heap_begin_get) refers to board.o(.text.rt_heap_begin_get) for [Anonymous Symbol]
    board.o(.text.rt_heap_end_get) refers to board.o(.bss.rt_heap) for [Anonymous Symbol]
    board.o(.ARM.exidx.text.rt_heap_end_get) refers to board.o(.text.rt_heap_end_get) for [Anonymous Symbol]
    board.o(.text.rt_hw_board_init) refers to system_stm32f1xx.o(.text.SystemCoreClockUpdate) for SystemCoreClockUpdate
    board.o(.text.rt_hw_board_init) refers to components.o(.text.rt_components_board_init) for rt_components_board_init
    board.o(.text.rt_hw_board_init) refers to board.o(.text.rt_heap_begin_get) for rt_heap_begin_get
    board.o(.text.rt_hw_board_init) refers to board.o(.text.rt_heap_end_get) for rt_heap_end_get
    board.o(.text.rt_hw_board_init) refers to mem.o(.text.rt_system_heap_init) for rt_system_heap_init
    board.o(.text.rt_hw_board_init) refers to system_stm32f1xx.o(.data.SystemCoreClock) for SystemCoreClock
    board.o(.ARM.exidx.text.rt_hw_board_init) refers to board.o(.text.rt_hw_board_init) for [Anonymous Symbol]
    board.o(.text.SysTick_Handler) refers to irq.o(.text.rt_interrupt_enter) for rt_interrupt_enter
    board.o(.text.SysTick_Handler) refers to clock.o(.text.rt_tick_increase) for rt_tick_increase
    board.o(.text.SysTick_Handler) refers to irq.o(.text.rt_interrupt_leave) for rt_interrupt_leave
    board.o(.ARM.exidx.text.SysTick_Handler) refers to board.o(.text.SysTick_Handler) for [Anonymous Symbol]
    cpu_usage.o(.text.cpu_usage_get) refers to cpu_usage.o(.bss..L_MergedGlobals) for [Anonymous Symbol]
    cpu_usage.o(.ARM.exidx.text.cpu_usage_get) refers to cpu_usage.o(.text.cpu_usage_get) for [Anonymous Symbol]
    cpu_usage.o(.text.cpu_usage_init) refers to idle.o(.text.rt_thread_idle_sethook) for rt_thread_idle_sethook
    cpu_usage.o(.text.cpu_usage_init) refers to cpu_usage.o(.text.cpu_usage_idle_hook) for cpu_usage_idle_hook
    cpu_usage.o(.ARM.exidx.text.cpu_usage_init) refers to cpu_usage.o(.text.cpu_usage_init) for [Anonymous Symbol]
    cpu_usage.o(.text.cpu_usage_idle_hook) refers to scheduler.o(.text.rt_enter_critical) for rt_enter_critical
    cpu_usage.o(.text.cpu_usage_idle_hook) refers to clock.o(.text.rt_tick_get) for rt_tick_get
    cpu_usage.o(.text.cpu_usage_idle_hook) refers to scheduler.o(.text.rt_exit_critical) for rt_exit_critical
    cpu_usage.o(.text.cpu_usage_idle_hook) refers to cpu_usage.o(.bss..L_MergedGlobals) for [Anonymous Symbol]
    cpu_usage.o(.ARM.exidx.text.cpu_usage_idle_hook) refers to cpu_usage.o(.text.cpu_usage_idle_hook) for [Anonymous Symbol]
    i2c.o(.text.I2C_Config) refers to stm32f1xx_hal_gpio.o(.text.HAL_GPIO_WritePin) for HAL_GPIO_WritePin
[...]
    cpu_usage_major                          0x20000400   Data           1  cpu_usage.o(.bss..L_MergedGlobals)
    cpu_usage_minor                          0x20000401   Data           1  cpu_usage.o(.bss..L_MergedGlobals)
    total_count                              0x20000404   Data           4  cpu_usage.o(.bss..L_MergedGlobals)
    [Anonymous Symbol]                       0x20000410   Section        0  dataconversion.o(.bss..L_MergedGlobals)
    [Anonymous Symbol]                       0x20000490   Section        0  modbusrtu.o(.bss..L_MergedGlobals)
    [Anonymous Symbol]                       0x2000049c   Section        0  main.o(.bss..L_MergedGlobals)
    sem                                      0x2000049c   Data           4  main.o(.bss..L_MergedGlobals)
    data_process_sem                         0x200004a0   Data           4  main.o(.bss..L_MergedGlobals)
    uart3_sem                                0x200004a4   Data           4  main.o(.bss..L_MergedGlobals)
    eeprom_sem                               0x200004a8   Data           4  main.o(.bss..L_MergedGlobals)
    [Anonymous Symbol]                       0x200004b0   Section        0  mem.o(.bss..L_MergedGlobals)
    rt_malloc_hook                           0x200004b0   Data           4  mem.o(.bss..L_MergedGlobals)
    rt_free_hook                             0x200004b4   Data           4  mem.o(.bss..L_MergedGlobals)
    mem_size_aligned                         0x200004b8   Data           4  mem.o(.bss..L_MergedGlobals)
    heap_ptr                                 0x200004bc   Data           4  mem.o(.bss..L_MergedGlobals)
    heap_end                                 0x200004c0   Data           4  mem.o(.bss..L_MergedGlobals)
    lfree                                    0x200004c4   Data           4  mem.o(.bss..L_MergedGlobals)
    used_mem                                 0x200004c8   Data           4  mem.o(.bss..L_MergedGlobals)
    max_mem                                  0x200004cc   Data           4  mem.o(.bss..L_MergedGlobals)
    heap_sem                                 0x200004d0   Data          40  mem.o(.bss..L_MergedGlobals)
    [Anonymous Symbol]                       0x20000500   Section        0  scheduler.o(.bss..L_MergedGlobals)
    [Anonymous Symbol]                       0x20000520   Section        0  timer.o(.bss..L_MergedGlobals)
    rt_timer_enter_hook                      0x20000520   Data           4  timer.o(.bss..L_MergedGlobals)
    rt_timer_exit_hook                       0x20000524   Data           4  timer.o(.bss..L_MergedGlobals)
    rt_timer_start.random_nr                 0x20000528   Data           4  timer.o(.bss..L_MergedGlobals)
    rt_timer_list                            0x2000052c   Data           8  timer.o(.bss..L_MergedGlobals)
    [Anonymous Symbol]                       0x20000534   Section        0  scheduler.o(.bss..L_MergedGlobals.1)
    rt_scheduler_lock_nest                   0x20000534   Data           2  scheduler.o(.bss..L_MergedGlobals.1)
    rt_scheduler_hook                        0x20000538   Data           4  scheduler.o(.bss..L_MergedGlobals.1)
    [Anonymous Symbol]                       0x20000657   Section        0  dataconversion.o(.bss.Get_R1.R1_Channel_State)
    Get_R1.R1_Channel_State                  0x20000657   Data           1  dataconversion.o(.bss.Get_R1.R1_Channel_State)
    [Anonymous Symbol]                       0x20000658   Section        0  dataconversion.o(.bss.Get_R2.R2_Channel_State)
    Get_R2.R2_Channel_State                  0x20000658   Data           1  dataconversion.o(.bss.Get_R2.R2_Channel_State)
    [Anonymous Symbol]                       0x20000659   Section        0  dataconversion.o(.bss.Get_R3.R3_Channel_State)
    Get_R3.R3_Channel_State                  0x20000659   Data           1  dataconversion.o(.bss.Get_R3.R3_Channel_State)
    [Anonymous Symbol]                       0x2000065a   Section        0  dataconversion.o(.bss.Get_R4.R4_Channel_State)
    Get_R4.R4_Channel_State                  0x2000065a   Data           1  dataconversion.o(.bss.Get_R4.R4_Channel_State)
    [Anonymous Symbol]                       0x2000065b   Section        0  dataconversion.o(.bss.Get_Voltage.Voltage_Channel_State)
    Get_Voltage.Voltage_Channel_State        0x2000065b   Data           1  dataconversion.o(.bss.Get_Voltage.Voltage_Channel_State)
    [Anonymous Symbol]                       0x20000a80   Section        0  idle.o(.bss.idle)
    idle                                     0x20000a80   Data         136  idle.o(.bss.idle)
    [Anonymous Symbol]                       0x20000b08   Section        0  idle.o(.bss.idle_hook_list)
    idle_hook_list                           0x20000b08   Data          16  idle.o(.bss.idle_hook_list)
    [Anonymous Symbol]                       0x20000b18   Section        0  cpuport.o(.bss.rt_exception_hook)
    rt_exception_hook                        0x20000b18   Data           4  cpuport.o(.bss.rt_exception_hook)
    [Anonymous Symbol]                       0x20000b1c   Section        0  board.o(.bss.rt_heap)
    rt_heap                                  0x20000b1c   Data       32768  board.o(.bss.rt_heap)
    [Anonymous Symbol]                       0x20008b1c   Section        0  irq.o(.bss.rt_interrupt_enter_hook)
    rt_interrupt_enter_hook                  0x20008b1c   Data           4  irq.o(.bss.rt_interrupt_enter_hook)
    [Anonymous Symbol]                       0x20008b24   Section        0  irq.o(.bss.rt_interrupt_leave_hook)
    rt_interrupt_leave_hook                  0x20008b24   Data           4  irq.o(.bss.rt_interrupt_leave_hook)
    [Anonymous Symbol]                       0x20008b30   Section        0  kservice.o(.bss.rt_kprintf.rt_log_buf)
    rt_kprintf.rt_log_buf                    0x20008b30   Data         128  kservice.o(.bss.rt_kprintf.rt_log_buf)
    [Anonymous Symbol]                       0x20008bb0   Section        0  object.o(.bss.rt_object_attach_hook)
    rt_object_attach_hook                    0x20008bb0   Data           4  object.o(.bss.rt_object_attach_hook)
    [Anonymous Symbol]                       0x20008bb4   Section        0  object.o(.bss.rt_object_detach_hook)
    rt_object_detach_hook                    0x20008bb4   Data           4  object.o(.bss.rt_object_detach_hook)
    [Anonymous Symbol]                       0x20008bc4   Section        0  thread.o(.bss.rt_thread_inited_hook)
    rt_thread_inited_hook                    0x20008bc4   Data           4  thread.o(.bss.rt_thread_inited_hook)
    [Anonymous Symbol]                       0x20008cc8   Section        0  thread.o(.bss.rt_thread_resume_hook)
    rt_thread_resume_hook                    0x20008cc8   Data           4  thread.o(.bss.rt_thread_resume_hook)
    [Anonymous Symbol]                       0x20008ccc   Section        0  idle.o(.bss.rt_thread_stack)
    rt_thread_stack                          0x20008ccc   Data         256  idle.o(.bss.rt_thread_stack)
    [Anonymous Symbol]                       0x20008dcc   Section        0  thread.o(.bss.rt_thread_suspend_hook)
    rt_thread_suspend_hook                   0x20008dcc   Data           4  thread.o(.bss.rt_thread_suspend_hook)
    [Anonymous Symbol]                       0x20008dd4   Section        0  clock.o(.bss.rt_tick)
    rt_tick                                  0x20008dd4   Data           4  clock.o(.bss.rt_tick)
    STACK                                    0x200090e0   Section     1024  startup_stm32f103xe.o(STACK)

    Global Symbols

    Symbol Name                              Value     Ov Type        Size  Object(Section)

    BuildAttributes$$THM_ISAv4$P$D$K$B$S$PE$A:L22UL41UL21$X:L11$S22US41US21$IEEE1$IW$~IW$USESV6$~STKCKD$USESV7$~SHL$OTIME$ROPI$EBA8$MICROLIB$REQ8$PRES8$EABIv2 0x00000000   Number         0  anon$$obj.o ABSOLUTE
    _printf_a                                0x00000000   Number         0  stubs.o ABSOLUTE
    _printf_c                                0x00000000   Number         0  stubs.o ABSOLUTE
    _printf_charcount                        0x00000000   Number         0  stubs.o ABSOLUTE
    _printf_d                                0x00000000   Number         0  stubs.o ABSOLUTE
    _printf_e                                0x00000000   Number         0  stubs.o ABSOLUTE
    _printf_f                                0x00000000   Number         0  stubs.o ABSOLUTE
    _printf_flags                            0x00000000   Number         0  stubs.o ABSOLUTE
    _printf_fp_dec                           0x00000000   Number         0  stubs.o ABSOLUTE
    _printf_fp_hex                           0x00000000   Number         0  stubs.o ABSOLUTE
    _printf_g                                0x00000000   Number         0  stubs.o ABSOLUTE
    _printf_i                                0x00000000   Number         0  stubs.o ABSOLUTE
    _printf_int_dec                          0x00000000   Number         0  stubs.o ABSOLUTE
    _printf_l                                0x00000000   Number         0  stubs.o ABSOLUTE
    _printf_lc                               0x00000000   Number         0  stubs.o ABSOLUTE
    _printf_ll                               0x00000000   Number         0  stubs.o ABSOLUTE
    _printf_lld                              0x00000000   Number         0  stubs.o ABSOLUTE
    _printf_lli                              0x00000000   Number         0  stubs.o ABSOLUTE
    _printf_llo                              0x00000000   Number         0  stubs.o ABSOLUTE
    _printf_llu                              0x00000000   Number         0  stubs.o ABSOLUTE
    _printf_llx                              0x00000000   Number         0  stubs.o ABSOLUTE
    _printf_longlong_dec                     0x00000000   Number         0  stubs.o ABSOLUTE
    _printf_longlong_hex                     0x00000000   Number         0  stubs.o ABSOLUTE
    _printf_longlong_oct                     0x00000000   Number         0  stubs.o ABSOLUTE
    _printf_ls                               0x00000000   Number         0  stubs.o ABSOLUTE
    _printf_mbtowc                           0x00000000   Number         0  stubs.o ABSOLUTE
    _printf_n                                0x00000000   Number         0  stubs.o ABSOLUTE
    _printf_o                                0x00000000   Number         0  stubs.o ABSOLUTE
    _printf_p                                0x00000000   Number         0  stubs.o ABSOLUTE
    _printf_percent                          0x00000000   Number         0  stubs.o ABSOLUTE
    _printf_pre_padding                      0x00000000   Number         0  stubs.o ABSOLUTE
    _printf_return_value                     0x00000000   Number         0  stubs.o ABSOLUTE
    _printf_s                                0x00000000   Number         0  stubs.o ABSOLUTE
    _printf_sizespec                         0x00000000   Number         0  stubs.o ABSOLUTE
    _printf_str                              0x00000000   Number         0  stubs.o ABSOLUTE
    _printf_truncate_signed                  0x00000000   Number         0  stubs.o ABSOLUTE
    _printf_truncate_unsigned                0x00000000   Number         0  stubs.o ABSOLUTE
    _printf_u                                0x00000000   Number         0  stubs.o ABSOLUTE
    _printf_wc                               0x00000000   Number         0  stubs.o ABSOLUTE
    _printf_wctomb                           0x00000000   Number         0  stubs.o ABSOLUTE
    _printf_widthprec                        0x00000000   Number         0  stubs.o ABSOLUTE
    _printf_x                                0x00000000   Number         0  stubs.o ABSOLUTE
    __cpp_initialize__aeabi_                  - Undefined Weak Reference
    __cxa_finalize                            - Undefined Weak Reference
    _clock_init                               - Undefined Weak Reference
    _microlib_exit                            - Undefined Weak Reference
    __Vectors_Size                           0x00000130   Number         0  startup_stm32f103xe.o ABSOLUTE
    __Vectors                                0x08000000   Data           4  startup_stm32f103xe.o(RESET)
    __Vectors_End                            0x08000130   Data           0  startup_stm32f103xe.o(RESET)
    __main                                   0x08000131   Thumb Code     0  entry.o(.ARM.Collect$$$$00000000)
    _main_stk                                0x08000131   Thumb Code     0  entry2.o(.ARM.Collect$$$$00000001)
    _main_scatterload                        0x08000135   Thumb Code     0  entry5.o(.ARM.Collect$$$$00000004)
    __main_after_scatterload                 0x08000139   Thumb Code     0  entry5.o(.ARM.Collect$$$$00000004)
    _main_clock                              0x08000139   Thumb Code     0  entry7b.o(.ARM.Collect$$$$00000008)
    _main_cpp_init                           0x08000139   Thumb Code     0  entry8b.o(.ARM.Collect$$$$0000000A)
    _main_init                               0x08000139   Thumb Code     0  entry9a.o(.ARM.Collect$$$$0000000B)
    __rt_final_cpp                           0x08000141   Thumb Code     0  entry10a.o(.ARM.Collect$$$$0000000D)
    __rt_final_exit                          0x08000141   Thumb Code     0  entry11a.o(.ARM.Collect$$$$0000000F)
    Reset_Handler                            0x08000145   Thumb Code     8  startup_stm32f103xe.o(.text)
    ADC1_2_IRQHandler                        0x0800015f   Thumb Code     0  startup_stm32f103xe.o(.text)
    ADC3_IRQHandler                          0x0800015f   Thumb Code     0  startup_stm32f103xe.o(.text)
    CAN1_RX1_IRQHandler                      0x0800015f   Thumb Code     0  startup_stm32f103xe.o(.text)
    CAN1_SCE_IRQHandler                      0x0800015f   Thumb Code     0  startup_stm32f103xe.o(.text)
    DMA1_Channel1_IRQHandler                 0x0800015f   Thumb Code     0  startup_stm32f103xe.o(.text)
    DMA1_Channel2_IRQHandler                 0x0800015f   Thumb Code     0  startup_stm32f103xe.o(.text)
    DMA1_Channel4_IRQHandler                 0x0800015f   Thumb Code     0  startup_stm32f103xe.o(.text)
    DMA1_Channel5_IRQHandler                 0x0800015f   Thumb Code     0  startup_stm32f103xe.o(.text)
    DMA1_Channel6_IRQHandler                 0x0800015f   Thumb Code     0  startup_stm32f103xe.o(.text)
    DMA1_Channel7_IRQHandler                 0x0800015f   Thumb Code     0  startup_stm32f103xe.o(.text)
    DMA2_Channel1_IRQHandler                 0x0800015f   Thumb Code     0  startup_stm32f103xe.o(.text)
    DMA2_Channel2_IRQHandler                 0x0800015f   Thumb Code     0  startup_stm32f103xe.o(.text)
    DMA2_Channel3_IRQHandler                 0x0800015f   Thumb Code     0  startup_stm32f103xe.o(.text)
    DMA2_Channel4_5_IRQHandler               0x0800015f   Thumb Code     0  startup_stm32f103xe.o(.text)
    EXTI0_IRQHandler                         0x0800015f   Thumb Code     0  startup_stm32f103xe.o(.text)
    EXTI15_10_IRQHandler                     0x0800015f   Thumb Code     0  startup_stm32f103xe.o(.text)
    EXTI1_IRQHandler                         0x0800015f   Thumb Code     0  startup_stm32f103xe.o(.text)
    EXTI2_IRQHandler                         0x0800015f   Thumb Code     0  startup_stm32f103xe.o(.text)
    EXTI3_IRQHandler                         0x0800015f   Thumb Code     0  startup_stm32f103xe.o(.text)
    EXTI9_5_IRQHandler                       0x0800015f   Thumb Code     0  startup_stm32f103xe.o(.text)
    FLASH_IRQHandler                         0x0800015f   Thumb Code     0  startup_stm32f103xe.o(.text)
    FSMC_IRQHandler                          0x0800015f   Thumb Code     0  startup_stm32f103xe.o(.text)
    I2C1_ER_IRQHandler                       0x0800015f   Thumb Code     0  startup_stm32f103xe.o(.text)
    I2C1_EV_IRQHandler                       0x0800015f   Thumb Code     0  startup_stm32f103xe.o(.text)
    I2C2_ER_IRQHandler                       0x0800015f   Thumb Code     0  startup_stm32f103xe.o(.text)
    I2C2_EV_IRQHandler                       0x0800015f   Thumb Code     0  startup_stm32f103xe.o(.text)
    PVD_IRQHandler                           0x0800015f   Thumb Code     0  startup_stm32f103xe.o(.text)
    RCC_IRQHandler                           0x0800015f   Thumb Code     0  startup_stm32f103xe.o(.text)
    RTC_Alarm_IRQHandler                     0x0800015f   Thumb Code     0  startup_stm32f103xe.o(.text)
    RTC_IRQHandler                           0x0800015f   Thumb Code     0  startup_stm32f103xe.o(.text)
    SDIO_IRQHandler                          0x0800015f   Thumb Code     0  startup_stm32f103xe.o(.text)
    SPI1_IRQHandler                          0x0800015f   Thumb Code     0  startup_stm32f103xe.o(.text)
    SPI2_IRQHandler                          0x0800015f   Thumb Code     0  startup_stm32f103xe.o(.text)
    SPI3_IRQHandler                          0x0800015f   Thumb Code     0  startup_stm32f103xe.o(.text)
    TAMPER_IRQHandler                        0x0800015f   Thumb Code     0  startup_stm32f103xe.o(.text)
    TIM1_BRK_IRQHandler                      0x0800015f   Thumb Code     0  startup_stm32f103xe.o(.text)
    TIM1_CC_IRQHandler                       0x0800015f   Thumb Code     0  startup_stm32f103xe.o(.text)
    TIM1_TRG_COM_IRQHandler                  0x0800015f   Thumb Code     0  startup_stm32f103xe.o(.text)
    TIM1_UP_IRQHandler                       0x0800015f   Thumb Code     0  startup_stm32f103xe.o(.text)
    TIM2_IRQHandler                          0x0800015f   Thumb Code     0  startup_stm32f103xe.o(.text)
    TIM3_IRQHandler                          0x0800015f   Thumb Code     0  startup_stm32f103xe.o(.text)
    TIM4_IRQHandler                          0x0800015f   Thumb Code     0  startup_stm32f103xe.o(.text)
    TIM5_IRQHandler                          0x0800015f   Thumb Code     0  startup_stm32f103xe.o(.text)
    TIM6_IRQHandler                          0x0800015f   Thumb Code     0  startup_stm32f103xe.o(.text)
    TIM7_IRQHandler                          0x0800015f   Thumb Code     0  startup_stm32f103xe.o(.text)
    TIM8_BRK_IRQHandler                      0x0800015f   Thumb Code     0  startup_stm32f103xe.o(.text)
    TIM8_CC_IRQHandler                       0x0800015f   Thumb Code     0  startup_stm32f103xe.o(.text)
    TIM8_TRG_COM_IRQHandler                  0x0800015f   Thumb Code     0  startup_stm32f103xe.o(.text)
    TIM8_UP_IRQHandler                       0x0800015f   Thumb Code     0  startup_stm32f103xe.o(.text)
    UART4_IRQHandler                         0x0800015f   Thumb Code     0  startup_stm32f103xe.o(.text)
    UART5_IRQHandler                         0x0800015f   Thumb Code     0  startup_stm32f103xe.o(.text)
    USART1_IRQHandler                        0x0800015f   Thumb Code     0  startup_stm32f103xe.o(.text)
    USART2_IRQHandler                        0x0800015f   Thumb Code     0  startup_stm32f103xe.o(.text)
    USBWakeUp_IRQHandler                     0x0800015f   Thumb Code     0  startup_stm32f103xe.o(.text)
    USB_HP_CAN1_TX_IRQHandler                0x0800015f   Thumb Code     0  startup_stm32f103xe.o(.text)
    USB_LP_CAN1_RX0_IRQHandler               0x0800015f   Thumb Code     0  startup_stm32f103xe.o(.text)
    WWDG_IRQHandler                          0x0800015f   Thumb Code     0  startup_stm32f103xe.o(.text)
    rt_hw_interrupt_disable                  0x08000169   Thumb Code     8  context_rvds.o(.text)
    rt_hw_interrupt_enable                   0x08000171   Thumb Code     6  context_rvds.o(.text)
    rt_hw_context_switch                     0x08000177   Thumb Code    32  context_rvds.o(.text)
    rt_hw_context_switch_interrupt           0x08000177   Thumb Code     0  context_rvds.o(.text)
    PendSV_Handler                           0x08000197   Thumb Code    60  context_rvds.o(.text)
    rt_hw_context_switch_to                  0x080001d3   Thumb Code    56  context_rvds.o(.text)
    rt_hw_interrupt_thread_switch            0x0800020b   Thumb Code     2  context_rvds.o(.text)
    HardFault_Handler                        0x0800020d   Thumb Code    52  context_rvds.o(.text)
    __aeabi_memcpy                           0x0800025d   Thumb Code    36  memcpya.o(.text)
    __aeabi_memcpy4                          0x0800025d   Thumb Code     0  memcpya.o(.text)
    __aeabi_memcpy8                          0x0800025d   Thumb Code     0  memcpya.o(.text)
    __aeabi_memset                           0x08000281   Thumb Code    14  memseta.o(.text)
    __aeabi_memset4                          0x08000281   Thumb Code     0  memseta.o(.text)
    __aeabi_memset8                          0x08000281   Thumb Code     0  memseta.o(.text)
    __aeabi_memclr                           0x0800028f   Thumb Code     4  memseta.o(.text)
    __aeabi_memclr4                          0x0800028f   Thumb Code     0  memseta.o(.text)
    __aeabi_memclr8                          0x0800028f   Thumb Code     0  memseta.o(.text)
    _memset$wrapper                          0x08000293   Thumb Code    18  memseta.o(.text)
    __aeabi_fadd                             0x080002a5   Thumb Code   164  fadd.o(.text)
    __aeabi_fsub                             0x08000349   Thumb Code     6  fadd.o(.text)
    __aeabi_frsub                            0x0800034f   Thumb Code     6  fadd.o(.text)
    __aeabi_fmul                             0x08000355   Thumb Code   100  fmul.o(.text)
    __aeabi_fdiv                             0x080003b9   Thumb Code   124  fdiv.o(.text)
    __aeabi_dadd                             0x08000435   Thumb Code   322  dadd.o(.text)
    __aeabi_dsub                             0x08000577   Thumb Code     6  dadd.o(.text)
    __aeabi_drsub                            0x0800057d   Thumb Code     6  dadd.o(.text)
    __aeabi_dmul                             0x08000583   Thumb Code   228  dmul.o(.text)
    __aeabi_ddiv                             0x08000667   Thumb Code   222  ddiv.o(.text)
    __aeabi_fcmpge                           0x08000745   Thumb Code    28  fcmpge.o(.text)
    __aeabi_fcmpgt                           0x08000761   Thumb Code    28  fcmpgt.o(.text)
    __aeabi_i2f                              0x0800077d   Thumb Code    18  fflti.o(.text)
    __aeabi_ui2f                             0x0800078f   Thumb Code    10  ffltui.o(.text)
    __aeabi_f2d                              0x08000799   Thumb Code    38  f2d.o(.text)
    __aeabi_d2f                              0x080007bf   Thumb Code    56  d2f.o(.text)
    __aeabi_llsl                             0x080007f7   Thumb Code    30  llshl.o(.text)
    _ll_shift_l                              0x080007f7   Thumb Code     0  llshl.o(.text)
    __aeabi_lasr                             0x08000815   Thumb Code    36  llsshr.o(.text)
    _ll_sshift_r                             0x08000815   Thumb Code     0  llsshr.o(.text)
    __I$use$fp                               0x08000839   Thumb Code     0  iusefp.o(.text)
    _float_round                             0x08000839   Thumb Code    18  fepilogue.o(.text)
    _float_epilogue                          0x0800084b   Thumb Code    92  fepilogue.o(.text)
    _double_round                            0x080008a7   Thumb Code    30  depilogue.o(.text)
    _double_epilogue                         0x080008c5   Thumb Code   156  depilogue.o(.text)
    __scatterload                            0x08000961   Thumb Code    28  init.o(.text)
    __scatterload_rt2                        0x08000961   Thumb Code     0  init.o(.text)
    __aeabi_llsr                             0x08000985   Thumb Code    32  llushr.o(.text)
    _ll_ushift_r                             0x08000985   Thumb Code     0  llushr.o(.text)
    __decompress                             0x080009a5   Thumb Code     0  __dczerorl.o(.text)
    __decompress0                            0x080009a5   Thumb Code    58  __dczerorl.o(.text)
    main                                     0x080009df   Thumb Code    10  components.o(.text.$Sub$$main)
    AD717X_ComputeCRC8                       0x080009e9   Thumb Code    68  ad717x.o(.text.AD717X_ComputeCRC8)
    AD717X_GetReg                            0x08000a2d   Thumb Code    52  ad717x.o(.text.AD717X_GetReg)
    AD717X_ReadRegister                      0x08000a61   Thumb Code   218  ad717x.o(.text.AD717X_ReadRegister)
    AD717X_Reset                             0x08000b3b   Thumb Code    30  ad717x.o(.text.AD717X_Reset)
    AD717X_WriteRegister                     0x08000b59   Thumb Code   122  ad717x.o(.text.AD717X_WriteRegister)
    AD_IOSPI_Init                            0x08000bd5   Thumb Code    68  iospi.o(.text.AD_IOSPI_Init)
    AT24Cxx_ReadOneByte                      0x08000c19   Thumb Code    76  eeprom.o(.text.AT24Cxx_ReadOneByte)
    AT24Cxx_WRCheck                          0x08000c5d   Thumb Code    28  eeprom.o(.text.AT24Cxx_WRCheck)
    AT24Cxx_WriteOneByte                     0x08000c79   Thumb Code    68  eeprom.o(.text.AT24Cxx_WriteOneByte)
    BusFault_Handler                         0x08000cbd   Thumb Code     2  stm32f1xx_it.o(.text.BusFault_Handler)
    DMA1_Channel3_IRQHandler                 0x08000cc1   Thumb Code    12  stm32f1xx_it.o(.text.DMA1_Channel3_IRQHandler)
    DataConversion_Task                      0x08000cf5   Thumb Code   220  dataconversion.o(.text.DataConversion_Task)
    DebugMon_Handler                         0x08000dd1   Thumb Code     2  stm32f1xx_it.o(.text.DebugMon_Handler)
    DisableIOSPI                             0x08000dd5   Thumb Code   120  iospi.o(.text.DisableIOSPI)
    EEPROM_Data_Init                         0x08000e49   Thumb Code   664  eeprom.o(.text.EEPROM_Data_Init)
    EXTI4_IRQHandler                         0x080010e1   Thumb Code     6  stm32f1xx_it.o(.text.EXTI4_IRQHandler)
    EnableIOSPI                              0x080010e9   Thumb Code   120  iospi.o(.text.EnableIOSPI)
    Error_Handler                            0x08001161   Thumb Code     8  main.o(.text.Error_Handler)
    Get_R1                                   0x08001169   Thumb Code   396  dataconversion.o(.text.Get_R1)
    Get_R2                                   0x080012d9   Thumb Code   376  dataconversion.o(.text.Get_R2)
    Get_R3                                   0x08001441   Thumb Code   376  dataconversion.o(.text.Get_R3)
    Get_R4                                   0x080015b9   Thumb Code   376  dataconversion.o(.text.Get_R4)
    Get_Voltage                              0x08001731   Thumb Code   524  dataconversion.o(.text.Get_Voltage)
    HAL_DMA_Abort                            0x0800193d   Thumb Code    62  stm32f1xx_hal_dma.o(.text.HAL_DMA_Abort)
    HAL_DMA_Abort_IT                         0x0800197d   Thumb Code   252  stm32f1xx_hal_dma.o(.text.HAL_DMA_Abort_IT)
    HAL_DMA_IRQHandler                       0x08001a4d   Thumb Code   504  stm32f1xx_hal_dma.o(.text.HAL_DMA_IRQHandler)
    HAL_DMA_Init                             0x08001c45   Thumb Code   132  stm32f1xx_hal_dma.o(.text.HAL_DMA_Init)
    HAL_DMA_Start_IT                         0x08001cc9   Thumb Code   110  stm32f1xx_hal_dma.o(.text.HAL_DMA_Start_IT)
    HAL_GPIO_EXTI_Callback                   0x08001d39   Thumb Code    36  gpio.o(.text.HAL_GPIO_EXTI_Callback)
    HAL_GPIO_EXTI_IRQHandler                 0x08001d5d   Thumb Code    20  stm32f1xx_hal_gpio.o(.text.HAL_GPIO_EXTI_IRQHandler)
    HAL_GPIO_Init                            0x08001d71   Thumb Code   436  stm32f1xx_hal_gpio.o(.text.HAL_GPIO_Init)
    HAL_GPIO_ReadPin                         0x08001f21   Thumb Code    10  stm32f1xx_hal_gpio.o(.text.HAL_GPIO_ReadPin)
    HAL_GPIO_TogglePin                       0x08001f2b   Thumb Code    16  stm32f1xx_hal_gpio.o(.text.HAL_GPIO_TogglePin)
    HAL_GPIO_WritePin                        0x08001f3b   Thumb Code    10  stm32f1xx_hal_gpio.o(.text.HAL_GPIO_WritePin)
    HAL_GetTick                              0x08001f45   Thumb Code    12  stm32f1xx_hal.o(.text.HAL_GetTick)
    HAL_IWDG_Init                            0x08001f4d   Thumb Code    84  stm32f1xx_hal_iwdg.o(.text.HAL_IWDG_Init)
    HAL_IWDG_Refresh                         0x08001fa1   Thumb Code    12  stm32f1xx_hal_iwdg.o(.text.HAL_IWDG_Refresh)
    HAL_Init                                 0x08001fad   Thumb Code    36  stm32f1xx_hal.o(.text.HAL_Init)
    HAL_InitTick                             0x08001fd1   Thumb Code    64  stm32f1xx_hal.o(.text.HAL_InitTick)
    HAL_MspInit                              0x0800200d   Thumb Code    64  stm32f1xx_hal_msp.o(.text.HAL_MspInit)
    HAL_NVIC_DisableIRQ                      0x0800204d   Thumb Code    36  stm32f1xx_hal_cortex.o(.text.HAL_NVIC_DisableIRQ)
    HAL_NVIC_EnableIRQ                       0x08002071   Thumb Code    28  stm32f1xx_hal_cortex.o(.text.HAL_NVIC_EnableIRQ)
    HAL_NVIC_SetPriority                     0x0800208d   Thumb Code    72  stm32f1xx_hal_cortex.o(.text.HAL_NVIC_SetPriority)
    HAL_NVIC_SetPriorityGrouping             0x080020d1   Thumb Code    32  stm32f1xx_hal_cortex.o(.text.HAL_NVIC_SetPriorityGrouping)
    HAL_RCC_ClockConfig                      0x080020f1   Thumb Code   312  stm32f1xx_hal_rcc.o(.text.HAL_RCC_ClockConfig)
    HAL_RCC_GetPCLK1Freq                     0x08002225   Thumb Code    32  stm32f1xx_hal_rcc.o(.text.HAL_RCC_GetPCLK1Freq)
    HAL_RCC_GetPCLK2Freq                     0x08002239   Thumb Code    32  stm32f1xx_hal_rcc.o(.text.HAL_RCC_GetPCLK2Freq)
    HAL_RCC_GetSysClockFreq                  0x08002255   Thumb Code    88  stm32f1xx_hal_rcc.o(.text.HAL_RCC_GetSysClockFreq)
    HAL_RCC_OscConfig                        0x080022ad   Thumb Code   884  stm32f1xx_hal_rcc.o(.text.HAL_RCC_OscConfig)
    HAL_SYSTICK_Config                       0x08002621   Thumb Code    40  stm32f1xx_hal_cortex.o(.text.HAL_SYSTICK_Config)
    HAL_UARTEx_RxEventCallback               0x08002649   Thumb Code     2  stm32f1xx_hal_uart.o(.text.HAL_UARTEx_RxEventCallback)
    HAL_UART_DMAStop                         0x0800264b   Thumb Code   116  stm32f1xx_hal_uart.o(.text.HAL_UART_DMAStop)
    HAL_UART_ErrorCallback                   0x080026bf   Thumb Code     2  stm32f1xx_hal_uart.o(.text.HAL_UART_ErrorCallback)
    HAL_UART_IRQHandler                      0x080026c1   Thumb Code   676  stm32f1xx_hal_uart.o(.text.HAL_UART_IRQHandler)
    HAL_UART_Init                            0x08002965   Thumb Code    94  stm32f1xx_hal_uart.o(.text.HAL_UART_Init)
    HAL_UART_MspInit                         0x080029c5   Thumb Code   184  usart.o(.text.HAL_UART_MspInit)
    HAL_UART_Receive_DMA                     0x08002a75   Thumb Code    32  stm32f1xx_hal_uart.o(.text.HAL_UART_Receive_DMA)
    HAL_UART_RxCpltCallback                  0x08002a95   Thumb Code     2  stm32f1xx_hal_uart.o(.text.HAL_UART_RxCpltCallback)
    HAL_UART_RxHalfCpltCallback              0x08002a97   Thumb Code     2  stm32f1xx_hal_uart.o(.text.HAL_UART_RxHalfCpltCallback)
    HAL_UART_Transmit                        0x08002a99   Thumb Code   170  stm32f1xx_hal_uart.o(.text.HAL_UART_Transmit)
    HAL_UART_TxCpltCallback                  0x08002b43   Thumb Code     2  stm32f1xx_hal_uart.o(.text.HAL_UART_TxCpltCallback)
    I2C_ACK                                  0x08002b45   Thumb Code    56  i2c.o(.text.I2C_ACK)
    I2C_Config                               0x08002b75   Thumb Code    72  i2c.o(.text.I2C_Config)
    I2C_NACK                                 0x08002bb9   Thumb Code    56  i2c.o(.text.I2C_NACK)
    I2C_Read_Byte                            0x08002be9   Thumb Code    88  i2c.o(.text.I2C_Read_Byte)
    I2C_SDA_IN                               0x08002c3d   Thumb Code    28  i2c.o(.text.I2C_SDA_IN)
    I2C_SDA_OUT                              0x08002c55   Thumb Code    32  i2c.o(.text.I2C_SDA_OUT)
    I2C_Send_Byte                            0x08002c71   Thumb Code    80  i2c.o(.text.I2C_Send_Byte)
    I2C_Start                                0x08002cbd   Thumb Code    56  i2c.o(.text.I2C_Start)
    I2C_Stop                                 0x08002ced   Thumb Code    56  i2c.o(.text.I2C_Stop)
    I2C_Wait_ACK                             0x08002d21   Thumb Code    80  i2c.o(.text.I2C_Wait_ACK)
    IOSPI1_Read8Bits                         0x08002d71   Thumb Code    72  iospi.o(.text.IOSPI1_Read8Bits)
    IOSPI1_Write8Bits                        0x08002db5   Thumb Code    76  iospi.o(.text.IOSPI1_Write8Bits)
    IOSPI_ReadData                           0x08002dfd   Thumb Code   140  iospi.o(.text.IOSPI_ReadData)
    IOSPI_writeData                          0x08002e89   Thumb Code   106  iospi.o(.text.IOSPI_writeData)
    IWDG_Refresh                             0x08002ef5   Thumb Code    56  iwdg.o(.text.IWDG_Refresh)
    InitAD7177                               0x08002f2d   Thumb Code   168  initad7177.o(.text.InitAD7177)
    MX_DMA_Init                              0x08002fd1   Thumb Code    48  dma.o(.text.MX_DMA_Init)
    MX_GPIO_Init                             0x08003001   Thumb Code   356  gpio.o(.text.MX_GPIO_Init)
    MX_IWDG_Init                             0x08003165   Thumb Code    44  iwdg.o(.text.MX_IWDG_Init)
    MX_USART3_UART_Init                      0x08003191   Thumb Code    60  usart.o(.text.MX_USART3_UART_Init)
    MemManage_Handler                        0x080031cd   Thumb Code     2  stm32f1xx_it.o(.text.MemManage_Handler)
    ModbusRtuTask                            0x080031d1   Thumb Code  1524  modbusrtu.o(.text.ModbusRtuTask)
    NMI_Handler                              0x080037c1   Thumb Code     2  stm32f1xx_it.o(.text.NMI_Handler)
    RegValue_To_Voltage                      0x080037c5   Thumb Code    52  dataconversion.o(.text.RegValue_To_Voltage)
    SVC_Handler                              0x080037f9   Thumb Code     2  stm32f1xx_it.o(.text.SVC_Handler)
    SysTick_Handler                          0x080037fb   Thumb Code    18  board.o(.text.SysTick_Handler)
    SystemClock_Config                       0x0800380d   Thumb Code   104  main.o(.text.SystemClock_Config)
    SystemCoreClockUpdate                    0x08003875   Thumb Code    88  system_stm32f1xx.o(.text.SystemCoreClockUpdate)
    SystemInit                               0x080038cd   Thumb Code     2  system_stm32f1xx.o(.text.SystemInit)
    UART_Start_Receive_DMA                   0x08003b7d   Thumb Code   152  stm32f1xx_hal_uart.o(.text.UART_Start_Receive_DMA)
    USART3_IRQHandler                        0x08003c85   Thumb Code   100  stm32f1xx_it.o(.text.USART3_IRQHandler)
    UsageFault_Handler                       0x08003ce5   Thumb Code     2  stm32f1xx_it.o(.text.UsageFault_Handler)
    __rt_ffs                                 0x08003d0d   Thumb Code    52  kservice.o(.text.__rt_ffs)
    calculate_crc16_modbus                   0x08003ddd   Thumb Code    52  crc16.o(.text.calculate_crc16_modbus)
    cpu_usage_init                           0x08003ea1   Thumb Code    12  cpu_usage.o(.text.cpu_usage_init)
    data_conversion_thread_entry             0x08003ead   Thumb Code    24  dataconversion.o(.text.data_conversion_thread_entry)
    data_process_thread_entry                0x08003ec5   Thumb Code   276  dataprocess.o(.text.data_process_thread_entry)
    data_send_thread_entry                   0x08003fd9   Thumb Code    32  modbusrtu.o(.text.data_send_thread_entry)
    eeprom_thread_entry                      0x08003ff9   Thumb Code  1572  eeprom.o(.text.eeprom_thread_entry)
    get_data_process_sem                     0x0800461d   Thumb Code    12  main.o(.text.get_data_process_sem)
    get_eeprom_sem                           0x08004625   Thumb Code    12  main.o(.text.get_eeprom_sem)
    get_semaphore                            0x0800462d   Thumb Code    12  main.o(.text.get_semaphore)
    get_uart3_sem                            0x08004635   Thumb Code    12  main.o(.text.get_uart3_sem)
    init_sliding_average                     0x0800463d   Thumb Code    24  dataprocess.o(.text.init_sliding_average)
    $Super$$main                             0x08004681   Thumb Code   644  main.o(.text.main)
    main_thread_entry                        0x08004905   Thumb Code    32  components.o(.text.main_thread_entry)
    rt_application_init                      0x08004af9   Thumb Code    44  components.o(.text.rt_application_init)
    rt_components_board_init                 0x08004b25   Thumb Code    28  components.o(.text.rt_components_board_init)
    rt_enter_critical                        0x08004b41   Thumb Code    28  scheduler.o(.text.rt_enter_critical)
    rt_exit_critical                         0x08004b59   Thumb Code    64  scheduler.o(.text.rt_exit_critical)
    rt_free                                  0x08004b99   Thumb Code   212  mem.o(.text.rt_free)
    rt_heap_begin_get                        0x08004c6d   Thumb Code     8  board.o(.text.rt_heap_begin_get)
    rt_heap_end_get                          0x08004c71   Thumb Code    12  board.o(.text.rt_heap_end_get)
    rt_hw_board_init                         0x08004c7d   Thumb Code    84  board.o(.text.rt_hw_board_init)
    rt_hw_console_output                     0x08004ccd   Thumb Code    80  board.o(.text.rt_hw_console_output)
    rt_hw_hard_fault_exception               0x08004d1d   Thumb Code   344  cpuport.o(.text.rt_hw_hard_fault_exception)
    rt_hw_stack_init                         0x08004e75   Thumb Code    60  cpuport.o(.text.rt_hw_stack_init)
    rt_hw_us_delay                           0x08004eb1   Thumb Code    48  board.o(.text.rt_hw_us_delay)
    rt_interrupt_enter                       0x08004ee1   Thumb Code    44  irq.o(.text.rt_interrupt_enter)
    rt_interrupt_leave                       0x08004f09   Thumb Code    44  irq.o(.text.rt_interrupt_leave)
    rt_kprintf                               0x08004f8d   Thumb Code    44  kservice.o(.text.rt_kprintf)
    rt_malloc                                0x08004fb9   Thumb Code   260  mem.o(.text.rt_malloc)
    rt_memset                                0x080050b9   Thumb Code   136  kservice.o(.text.rt_memset)
    rt_object_allocate                       0x08005141   Thumb Code   128  object.o(.text.rt_object_allocate)
    rt_object_delete                         0x080051b9   Thumb Code    60  object.o(.text.rt_object_delete)
    rt_object_detach                         0x080051f1   Thumb Code    52  object.o(.text.rt_object_detach)
    rt_object_init                           0x08005225   Thumb Code   120  object.o(.text.rt_object_init)
    rt_object_is_systemobject                0x0800529d   Thumb Code     6  object.o(.text.rt_object_is_systemobject)
    rt_schedule                              0x080052a5   Thumb Code   116  scheduler.o(.text.rt_schedule)
    rt_schedule_insert_thread                0x0800530d   Thumb Code    76  scheduler.o(.text.rt_schedule_insert_thread)
    rt_schedule_remove_thread                0x08005351   Thumb Code    72  scheduler.o(.text.rt_schedule_remove_thread)
    rt_sem_create                            0x08005391   Thumb Code    30  ipc.o(.text.rt_sem_create)
    rt_sem_init                              0x080053af   Thumb Code    32  ipc.o(.text.rt_sem_init)
    rt_sem_release                           0x080053d1   Thumb Code    88  ipc.o(.text.rt_sem_release)
    rt_sem_take                              0x08005429   Thumb Code   140  ipc.o(.text.rt_sem_take)
    rt_show_version                          0x080054b5   Thumb Code   176  kservice.o(.text.rt_show_version)
    rt_strncpy                               0x08005565   Thumb Code    52  kservice.o(.text.rt_strncpy)
    rt_system_heap_init                      0x08005599   Thumb Code   176  mem.o(.text.rt_system_heap_init)
    rt_system_scheduler_init                 0x08005649   Thumb Code    60  scheduler.o(.text.rt_system_scheduler_init)
    rt_system_scheduler_start                0x0800567d   Thumb Code    44  scheduler.o(.text.rt_system_scheduler_start)
    rt_system_timer_init                     0x080056a9   Thumb Code    16  timer.o(.text.rt_system_timer_init)
    rt_system_timer_thread_init              0x080056b9   Thumb Code     2  timer.o(.text.rt_system_timer_thread_init)
    rt_thread_create                         0x080056bb   Thumb Code    66  thread.o(.text.rt_thread_create)
    rt_thread_delay                          0x080056fd   Thumb Code    10  thread.o(.text.rt_thread_delay)
    rt_thread_exit                           0x08005709   Thumb Code    96  thread.o(.text.rt_thread_exit)
    rt_thread_idle_excute                    0x08005781   Thumb Code    68  idle.o(.text.rt_thread_idle_excute)
    rt_thread_idle_init                      0x080057c5   Thumb Code    68  idle.o(.text.rt_thread_idle_init)
    rt_thread_idle_sethook                   0x08005809   Thumb Code    48  idle.o(.text.rt_thread_idle_sethook)
    rt_thread_init                           0x08005839   Thumb Code    46  thread.o(.text.rt_thread_init)
    rt_thread_resume                         0x08005869   Thumb Code    84  thread.o(.text.rt_thread_resume)
    rt_thread_self                           0x080058bd   Thumb Code    12  thread.o(.text.rt_thread_self)
    rt_thread_sleep                          0x080058c5   Thumb Code    72  thread.o(.text.rt_thread_sleep)
    rt_thread_startup                        0x08005909   Thumb Code    48  thread.o(.text.rt_thread_startup)
    rt_thread_suspend                        0x08005935   Thumb Code    84  thread.o(.text.rt_thread_suspend)
    rt_thread_timeout                        0x08005989   Thumb Code    38  thread.o(.text.rt_thread_timeout)
    rt_thread_yield                          0x080059b1   Thumb Code   100  thread.o(.text.rt_thread_yield)
    rt_tick_get                              0x08005a15   Thumb Code    12  clock.o(.text.rt_tick_get)
    rt_tick_increase                         0x08005a1d   Thumb Code    44  clock.o(.text.rt_tick_increase)
    rt_timer_check                           0x08005a49   Thumb Code   192  timer.o(.text.rt_timer_check)
    rt_timer_control                         0x08005b01   Thumb Code    74  timer.o(.text.rt_timer_control)
    rt_timer_detach                          0x08005b4b   Thumb Code    48  timer.o(.text.rt_timer_detach)
    rt_timer_init                            0x08005b7b   Thumb Code    46  timer.o(.text.rt_timer_init)
    rt_timer_start                           0x08005ba9   Thumb Code   148  timer.o(.text.rt_timer_start)
    rt_timer_stop                            0x08005c3d   Thumb Code    72  timer.o(.text.rt_timer_stop)
    rt_vsnprintf                             0x08005c85   Thumb Code   680  kservice.o(.text.rt_vsnprintf)
    rtthread_startup                         0x08005f3d   Thumb Code    42  components.o(.text.rtthread_startup)
    update_sliding_average                   0x08005f8b   Thumb Code   102  dataprocess.o(.text.update_sliding_average)
    watchdog_thread_entry                    0x08005ff1   Thumb Code    16  iwdg.o(.text.watchdog_thread_entry)
    __scatterload_copy                       0x08006001   Thumb Code    14  handlers.o(i.__scatterload_copy)
    __scatterload_null                       0x0800600f   Thumb Code     2  handlers.o(i.__scatterload_null)
    __scatterload_zeroinit                   0x08006011   Thumb Code    14  handlers.o(i.__scatterload_zeroinit)
    AHBPrescTable                            0x0800601e   Data          16  system_stm32f1xx.o(.rodata.AHBPrescTable)
    APBPrescTable                            0x0800602e   Data           8  system_stm32f1xx.o(.rodata.APBPrescTable)
    __lowest_bit_bitmap                      0x08006036   Data         256  kservice.o(.rodata.__lowest_bit_bitmap)
    __rt_init_rti_start                      0x080061bc   Data           4  components.o(.rti_fn.0)
    __rt_init_rti_board_start                0x080061c0   Data           4  components.o(.rti_fn.0.end)
    __rt_init_rti_board_end                  0x080061c4   Data           4  components.o(.rti_fn.1.end)
    __rt_init_rti_end                        0x080061c8   Data           4  components.o(.rti_fn.6.end)
    Region$$Table$$Base                      0x080061cc   Number         0  anon$$obj.o(Region$$Table)
    Region$$Table$$Limit                     0x080061ec   Number         0  anon$$obj.o(Region$$Table)
    Kp                                       0x20000000   Data           4  eeprom.o(.data..L_MergedGlobals)
    res                                      0x20000004   Data           4  eeprom.o(.data..L_MergedGlobals)
    UnionDataERW                             0x20000008   Data           4  eeprom.o(.data..L_MergedGlobals)
    uwTickFreq                               0x2000000c   Data           1  stm32f1xx_hal.o(.data..L_MergedGlobals)
    uwTickPrio                               0x20000010   Data           4  stm32f1xx_hal.o(.data..L_MergedGlobals)
    uwTick                                   0x20000014   Data           4  stm32f1xx_hal.o(.data..L_MergedGlobals)
    SystemCoreClock                          0x20000018   Data           4  system_stm32f1xx.o(.data.SystemCoreClock)
    ad7177_2_regs                            0x2000001c   Data         324  initad7177.o(.data.ad7177_2_regs)
    crc16_modbus_table                       0x20000160   Data         512  crc16.o(.data.crc16_modbus_table)
    device1                                  0x20000360   Data          12  initad7177.o(.data.device1)
    device2                                  0x2000036c   Data          12  initad7177.o(.data.device2)
    device3                                  0x20000378   Data          12  initad7177.o(.data.device3)
    device4                                  0x20000384   Data          12  initad7177.o(.data.device4)
    device5                                  0x20000390   Data          12  initad7177.o(.data.device5)
    device6                                  0x2000039c   Data          12  initad7177.o(.data.device6)
    device7                                  0x200003a8   Data          12  initad7177.o(.data.device7)
    device8                                  0x200003b4   Data          12  initad7177.o(.data.device8)
    AD1_Channel_State                        0x20000410   Data           1  dataconversion.o(.bss..L_MergedGlobals)
    AD_State                                 0x20000411   Data           1  dataconversion.o(.bss..L_MergedGlobals)
    AD_Channel_State                         0x20000412   Data           1  dataconversion.o(.bss..L_MergedGlobals)
    RegisterValue_AD1_Ch13                   0x20000414   Data           4  dataconversion.o(.bss..L_MergedGlobals)
    RegisterValue_AD1_Ch23                   0x20000418   Data           4  dataconversion.o(.bss..L_MergedGlobals)
    RegisterValue                            0x2000041c   Data           4  dataconversion.o(.bss..L_MergedGlobals)
    V_AD1_Ch13                               0x20000420   Data           4  dataconversion.o(.bss..L_MergedGlobals)
    V_AD1_Ch23                               0x20000424   Data           4  dataconversion.o(.bss..L_MergedGlobals)
    V_AD2_Ch13                               0x20000428   Data           4  dataconversion.o(.bss..L_MergedGlobals)
    V_AD2_Ch23                               0x2000042c   Data           4  dataconversion.o(.bss..L_MergedGlobals)
    V_AD3_Ch13                               0x20000430   Data           4  dataconversion.o(.bss..L_MergedGlobals)
    V_AD3_Ch23                               0x20000434   Data           4  dataconversion.o(.bss..L_MergedGlobals)
    V_AD4_Ch13                               0x20000438   Data           4  dataconversion.o(.bss..L_MergedGlobals)
    V_AD4_Ch23                               0x2000043c   Data           4  dataconversion.o(.bss..L_MergedGlobals)
    V_AD5_Ch13                               0x20000440   Data           4  dataconversion.o(.bss..L_MergedGlobals)
    V_AD5_Ch23                               0x20000444   Data           4  dataconversion.o(.bss..L_MergedGlobals)
    V_AD6_Ch13                               0x20000448   Data           4  dataconversion.o(.bss..L_MergedGlobals)
    V_AD6_Ch23                               0x2000044c   Data           4  dataconversion.o(.bss..L_MergedGlobals)
    V_AD7_Ch13                               0x20000450   Data           4  dataconversion.o(.bss..L_MergedGlobals)
    V_AD7_Ch23                               0x20000454   Data           4  dataconversion.o(.bss..L_MergedGlobals)
    V_AD8_Ch13                               0x20000458   Data           4  dataconversion.o(.bss..L_MergedGlobals)
    V_AD8_Ch23                               0x2000045c   Data           4  dataconversion.o(.bss..L_MergedGlobals)
    Vref_P                                   0x20000460   Data           4  dataconversion.o(.bss..L_MergedGlobals)
    V8                                       0x20000464   Data           4  dataconversion.o(.bss..L_MergedGlobals)
    Vsam_P                                   0x20000468   Data           4  dataconversion.o(.bss..L_MergedGlobals)
    Vsam_N                                   0x2000046c   Data           4  dataconversion.o(.bss..L_MergedGlobals)
    Vref_N                                   0x20000470   Data           4  dataconversion.o(.bss..L_MergedGlobals)
    V1                                       0x20000474   Data           4  dataconversion.o(.bss..L_MergedGlobals)
    V2                                       0x20000478   Data           4  dataconversion.o(.bss..L_MergedGlobals)
    V3                                       0x2000047c   Data           4  dataconversion.o(.bss..L_MergedGlobals)
    V4                                       0x20000480   Data           4  dataconversion.o(.bss..L_MergedGlobals)
    V5                                       0x20000484   Data           4  dataconversion.o(.bss..L_MergedGlobals)
    V6                                       0x20000488   Data           4  dataconversion.o(.bss..L_MergedGlobals)
    V7                                       0x2000048c   Data           4  dataconversion.o(.bss..L_MergedGlobals)
    crc_result                               0x20000490   Data           2  modbusrtu.o(.bss..L_MergedGlobals)
    Data_CRC                                 0x20000492   Data           2  modbusrtu.o(.bss..L_MergedGlobals)
    Register_Addr                            0x20000494   Data           2  modbusrtu.o(.bss..L_MergedGlobals)
    Register_Num                             0x20000498   Data           4  modbusrtu.o(.bss..L_MergedGlobals)
    rt_current_priority                      0x20000500   Data           1  scheduler.o(.bss..L_MergedGlobals)
    rt_current_thread                        0x20000504   Data           4  scheduler.o(.bss..L_MergedGlobals)
    rt_thread_ready_priority_group           0x20000508   Data           4  scheduler.o(.bss..L_MergedGlobals)
    rt_thread_defunct                        0x2000050c   Data           8  scheduler.o(.bss..L_MergedGlobals)
    Data_Without_CRC                         0x2000053c   Data         256  modbusrtu.o(.bss.Data_Without_CRC)
    Flag                                     0x2000063c   Data          27  dataprocess.o(.bss.Flag)
    Register                                 0x2000065c   Data         156  modbusrtu.o(.bss.Register)
    Register_Array                           0x200006f8   Data         256  modbusrtu.o(.bss.Register_Array)
    Register_Value                           0x200007f8   Data         256  modbusrtu.o(.bss.Register_Value)
    data                                     0x200008f8   Data         240  dataprocess.o(.bss.data)
    hdma_usart3_rx                           0x200009e8   Data          68  usart.o(.bss.hdma_usart3_rx)
    hiwdg                                    0x20000a2c   Data          12  iwdg.o(.bss.hiwdg)
    huart3                                   0x20000a38   Data          72  usart.o(.bss.huart3)
    rt_interrupt_from_thread                 0x20008b20   Data           4  cpuport.o(.bss.rt_interrupt_from_thread)
    rt_interrupt_nest                        0x20008b28   Data           1  irq.o(.bss.rt_interrupt_nest)
    rt_interrupt_to_thread                   0x20008b2c   Data           4  cpuport.o(.bss.rt_interrupt_to_thread)
    rt_object_put_hook                       0x20008bb8   Data           4  object.o(.bss.rt_object_put_hook)
    rt_object_take_hook                      0x20008bbc   Data           4  object.o(.bss.rt_object_take_hook)
    rt_object_trytake_hook                   0x20008bc0   Data           4  object.o(.bss.rt_object_trytake_hook)
    rt_thread_priority_table                 0x20008bc8   Data         256  scheduler.o(.bss.rt_thread_priority_table)
    rt_thread_switch_interrupt_flag          0x20008dd0   Data           4  cpuport.o(.bss.rt_thread_switch_interrupt_flag)
    tx_data                                  0x20008dd8   Data         256  modbusrtu.o(.bss.tx_data)
    uart3                                    0x20008ed8   Data         513  modbusrtu.o(.bss.uart3)
    __initial_sp                             0x200094e0   Data           0  startup_stm32f103xe.o(STACK)



==============================================================================

Memory Map of the image

  Image Entry point : 0x08000131

  Load Region LR_IROM1 (Base: 0x08000000, Size: 0x000065f0, Max: 0x00080000, ABSOLUTE, COMPRESSED[0x000064c0])

    Execution Region ER_IROM1 (Exec base: 0x08000000, Load base: 0x08000000, Size: 0x000061ec, Max: 0x00080000, ABSOLUTE)

    Exec Addr    Load Addr    Size         Type   Attr      Idx    E Section Name        Object

    0x08000000   0x08000000   0x00000130   Data   RO            3    RESET               startup_stm32f103xe.o
    0x08000130   0x08000130   0x00000000   Code   RO         1461  * .ARM.Collect$$$$00000000  mc_w.l(entry.o)
    0x08000130   0x08000130   0x00000004   Code   RO         1755    .ARM.Collect$$$$00000001  mc_w.l(entry2.o)
    0x08000134   0x08000134   0x00000004   Code   RO         1758    .ARM.Collect$$$$00000004  mc_w.l(entry5.o)
    0x08000138   0x08000138   0x00000000   Code   RO         1760    .ARM.Collect$$$$00000008  mc_w.l(entry7b.o)
    0x08000138   0x08000138   0x00000000   Code   RO         1762    .ARM.Collect$$$$0000000A  mc_w.l(entry8b.o)
    0x08000138   0x08000138   0x00000008   Code   RO         1763    .ARM.Collect$$$$0000000B  mc_w.l(entry9a.o)
    0x08000140   0x08000140   0x00000000   Code   RO         1765    .ARM.Collect$$$$0000000D  mc_w.l(entry10a.o)
    0x08000140   0x08000140   0x00000000   Code   RO         1767    .ARM.Collect$$$$0000000F  mc_w.l(entry11a.o)
    0x08000140   0x08000140   0x00000004   Code   RO         1756    .ARM.Collect$$$$00002712  mc_w.l(entry2.o)
    0x08000144   0x08000144   0x00000024   Code   RO            4    .text               startup_stm32f103xe.o
    0x08000168   0x08000168   0x000000f4   Code   RO         1431    .text               context_rvds.o
    0x0800025c   0x0800025c   0x00000024   Code   RO         1464    .text               mc_w.l(memcpya.o)
    0x08000280   0x08000280   0x00000024   Code   RO         1466    .text               mc_w.l(memseta.o)
    0x080002a4   0x080002a4   0x000000b0   Code   RO         1731    .text               mf_w.l(fadd.o)
    0x08000354   0x08000354   0x00000064   Code   RO         1733    .text               mf_w.l(fmul.o)
    0x080003b8   0x080003b8   0x0000007c   Code   RO         1735    .text               mf_w.l(fdiv.o)
    0x08000434   0x08000434   0x0000014e   Code   RO         1737    .text               mf_w.l(dadd.o)
    0x08000582   0x08000582   0x000000e4   Code   RO         1739    .text               mf_w.l(dmul.o)
    0x08000666   0x08000666   0x000000de   Code   RO         1741    .text               mf_w.l(ddiv.o)
    0x08000744   0x08000744   0x0000001c   Code   RO         1743    .text               mf_w.l(fcmpge.o)
    0x08000760   0x08000760   0x0000001c   Code   RO         1745    .text               mf_w.l(fcmpgt.o)
    0x0800077c   0x0800077c   0x00000012   Code   RO         1747    .text               mf_w.l(fflti.o)
    0x0800078e   0x0800078e   0x0000000a   Code   RO         1749    .text               mf_w.l(ffltui.o)
    0x08000798   0x08000798   0x00000026   Code   RO         1751    .text               mf_w.l(f2d.o)
    0x080007be   0x080007be   0x00000038   Code   RO         1753    .text               mf_w.l(d2f.o)
    0x080007f6   0x080007f6   0x0000001e   Code   RO         1778    .text               mc_w.l(llshl.o)
    0x08000814   0x08000814   0x00000024   Code   RO         1780    .text               mc_w.l(llsshr.o)
    0x08000838   0x08000838   0x00000000   Code   RO         1782    .text               mc_w.l(iusefp.o)
    0x08000838   0x08000838   0x0000006e   Code   RO         1783    .text               mf_w.l(fepilogue.o)
    0x080008a6   0x080008a6   0x000000ba   Code   RO         1785    .text               mf_w.l(depilogue.o)
    0x08000960   0x08000960   0x00000024   Code   RO         1791    .text               mc_w.l(init.o)
    0x08000984   0x08000984   0x00000020   Code   RO         1794    .text               mc_w.l(llushr.o)
    0x080009a4   0x080009a4   0x0000003a   Code   RO         1805    .text               mc_w.l(__dczerorl.o)
    0x080009de   0x080009de   0x0000000a   Code   RO         1029    .text.$Sub$$main    components.o
    0x080009e8   0x080009e8   0x00000044   Code   RO          113    .text.AD717X_ComputeCRC8  ad717x.o
    0x08000a2c   0x08000a2c   0x00000034   Code   RO          109    .text.AD717X_GetReg  ad717x.o
    0x08000a60   0x08000a60   0x000000da   Code   RO          111    .text.AD717X_ReadRegister  ad717x.o
    0x08000b3a   0x08000b3a   0x0000001e   Code   RO          119    .text.AD717X_Reset  ad717x.o
    0x08000b58   0x08000b58   0x0000007a   Code   RO          117    .text.AD717X_WriteRegister  ad717x.o
    0x08000bd2   0x08000bd2   0x00000002   PAD
    0x08000bd4   0x08000bd4   0x00000044   Code   RO          166    .text.AD_IOSPI_Init  iospi.o
    0x08000c18   0x08000c18   0x00000044   Code   RO           90    .text.AT24Cxx_ReadOneByte  eeprom.o
    0x08000c5c   0x08000c5c   0x0000001c   Code   RO           94    .text.AT24Cxx_WRCheck  eeprom.o
    0x08000c78   0x08000c78   0x00000044   Code   RO           88    .text.AT24Cxx_WriteOneByte  eeprom.o
    0x08000cbc   0x08000cbc   0x00000002   Code   RO          404    .text.BusFault_Handler  stm32f1xx_it.o
    0x08000cbe   0x08000cbe   0x00000002   PAD
    0x08000cc0   0x08000cc0   0x0000000c   Code   RO          414    .text.DMA1_Channel3_IRQHandler  stm32f1xx_it.o
    0x08000ccc   0x08000ccc   0x00000028   Code   RO          625    .text.DMA_SetConfig  stm32f1xx_hal_dma.o
    0x08000cf4   0x08000cf4   0x000000dc   Code   RO          195    .text.DataConversion_Task  dataconversion.o
    0x08000dd0   0x08000dd0   0x00000002   Code   RO          410    .text.DebugMon_Handler  stm32f1xx_it.o
    0x08000dd2   0x08000dd2   0x00000002   PAD
    0x08000dd4   0x08000dd4   0x00000074   Code   RO          170    .text.DisableIOSPI  iospi.o
    0x08000e48   0x08000e48   0x00000298   Code   RO           86    .text.EEPROM_Data_Init  eeprom.o
    0x080010e0   0x080010e0   0x00000006   Code   RO          412    .text.EXTI4_IRQHandler  stm32f1xx_it.o
    0x080010e6   0x080010e6   0x00000002   PAD
    0x080010e8   0x080010e8   0x00000078   Code   RO          168    .text.EnableIOSPI   iospi.o
    0x08001160   0x08001160   0x00000008   Code   RO          320    .text.Error_Handler  main.o
    0x08001168   0x08001168   0x00000170   Code   RO          197    .text.Get_R1        dataconversion.o
    0x080012d8   0x080012d8   0x00000168   Code   RO          201    .text.Get_R2        dataconversion.o
    0x08001440   0x08001440   0x00000178   Code   RO          203    .text.Get_R3        dataconversion.o
    0x080015b8   0x080015b8   0x00000178   Code   RO          205    .text.Get_R4        dataconversion.o
    0x08001730   0x08001730   0x0000020c   Code   RO          199    .text.Get_Voltage   dataconversion.o
    0x0800193c   0x0800193c   0x0000003e   Code   RO          629    .text.HAL_DMA_Abort  stm32f1xx_hal_dma.o
    0x0800197a   0x0800197a   0x00000002   PAD
    0x0800197c   0x0800197c   0x000000d0   Code   RO          631    .text.HAL_DMA_Abort_IT  stm32f1xx_hal_dma.o
    0x08001a4c   0x08001a4c   0x000001f8   Code   RO          635    .text.HAL_DMA_IRQHandler  stm32f1xx_hal_dma.o
    0x08001c44   0x08001c44   0x00000084   Code   RO          619    .text.HAL_DMA_Init  stm32f1xx_hal_dma.o
    0x08001cc8   0x08001cc8   0x0000006e   Code   RO          627    .text.HAL_DMA_Start_IT  stm32f1xx_hal_dma.o
    0x08001d36   0x08001d36   0x00000002   PAD
    0x08001d38   0x08001d38   0x00000024   Code   RO          335    .text.HAL_GPIO_EXTI_Callback  gpio.o
    0x08001d5c   0x08001d5c   0x00000014   Code   RO          604    .text.HAL_GPIO_EXTI_IRQHandler  stm32f1xx_hal_gpio.o
    0x08001d70   0x08001d70   0x000001b0   Code   RO          592    .text.HAL_GPIO_Init  stm32f1xx_hal_gpio.o
    0x08001f20   0x08001f20   0x0000000a   Code   RO          596    .text.HAL_GPIO_ReadPin  stm32f1xx_hal_gpio.o
    0x08001f2a   0x08001f2a   0x00000010   Code   RO          600    .text.HAL_GPIO_TogglePin  stm32f1xx_hal_gpio.o
    0x08001f3a   0x08001f3a   0x0000000a   Code   RO          598    .text.HAL_GPIO_WritePin  stm32f1xx_hal_gpio.o
    0x08001f44   0x08001f44   0x00000008   Code   RO          486    .text.HAL_GetTick   stm32f1xx_hal.o
    0x08001f4c   0x08001f4c   0x00000054   Code   RO          459    .text.HAL_IWDG_Init  stm32f1xx_hal_iwdg.o
    0x08001fa0   0x08001fa0   0x0000000c   Code   RO          461    .text.HAL_IWDG_Refresh  stm32f1xx_hal_iwdg.o
    0x08001fac   0x08001fac   0x00000024   Code   RO          474    .text.HAL_Init      stm32f1xx_hal.o
    0x08001fd0   0x08001fd0   0x0000003c   Code   RO          476    .text.HAL_InitTick  stm32f1xx_hal.o
    0x0800200c   0x0800200c   0x00000040   Code   RO          429    .text.HAL_MspInit   stm32f1xx_hal_msp.o
    0x0800204c   0x0800204c   0x00000024   Code   RO          664    .text.HAL_NVIC_DisableIRQ  stm32f1xx_hal_cortex.o
    0x08002070   0x08002070   0x0000001c   Code   RO          662    .text.HAL_NVIC_EnableIRQ  stm32f1xx_hal_cortex.o
    0x0800208c   0x0800208c   0x00000044   Code   RO          658    .text.HAL_NVIC_SetPriority  stm32f1xx_hal_cortex.o
    0x080020d0   0x080020d0   0x00000020   Code   RO          656    .text.HAL_NVIC_SetPriorityGrouping  stm32f1xx_hal_cortex.o
    0x080020f0   0x080020f0   0x00000134   Code   RO          540    .text.HAL_RCC_ClockConfig  stm32f1xx_hal_rcc.o
    0x08002224   0x08002224   0x00000014   Code   RO          552    .text.HAL_RCC_GetPCLK1Freq  stm32f1xx_hal_rcc.o
    0x08002238   0x08002238   0x0000001c   Code   RO          554    .text.HAL_RCC_GetPCLK2Freq  stm32f1xx_hal_rcc.o
    0x08002254   0x08002254   0x00000058   Code   RO          542    .text.HAL_RCC_GetSysClockFreq  stm32f1xx_hal_rcc.o
    0x080022ac   0x080022ac   0x00000374   Code   RO          538    .text.HAL_RCC_OscConfig  stm32f1xx_hal_rcc.o
    0x08002620   0x08002620   0x00000028   Code   RO          670    .text.HAL_SYSTICK_Config  stm32f1xx_hal_cortex.o
    0x08002648   0x08002648   0x00000002   Code   RO          938    .text.HAL_UARTEx_RxEventCallback  stm32f1xx_hal_uart.o
    0x0800264a   0x0800264a   0x00000074   Code   RO          890    .text.HAL_UART_DMAStop  stm32f1xx_hal_uart.o
    0x080026be   0x080026be   0x00000002   Code   RO          936    .text.HAL_UART_ErrorCallback  stm32f1xx_hal_uart.o
    0x080026c0   0x080026c0   0x000002a4   Code   RO          930    .text.HAL_UART_IRQHandler  stm32f1xx_hal_uart.o
    0x08002964   0x08002964   0x0000005e   Code   RO          846    .text.HAL_UART_Init  stm32f1xx_hal_uart.o
    0x080029c2   0x080029c2   0x00000002   PAD
    0x080029c4   0x080029c4   0x000000b0   Code   RO          383    .text.HAL_UART_MspInit  usart.o
    0x08002a74   0x08002a74   0x00000020   Code   RO          882    .text.HAL_UART_Receive_DMA  stm32f1xx_hal_uart.o
    0x08002a94   0x08002a94   0x00000002   Code   RO          944    .text.HAL_UART_RxCpltCallback  stm32f1xx_hal_uart.o
    0x08002a96   0x08002a96   0x00000002   Code   RO          946    .text.HAL_UART_RxHalfCpltCallback  stm32f1xx_hal_uart.o
    0x08002a98   0x08002a98   0x000000aa   Code   RO          862    .text.HAL_UART_Transmit  stm32f1xx_hal_uart.o
    0x08002b42   0x08002b42   0x00000002   Code   RO          940    .text.HAL_UART_TxCpltCallback  stm32f1xx_hal_uart.o
    0x08002b44   0x08002b44   0x00000030   Code   RO           63    .text.I2C_ACK       i2c.o
    0x08002b74   0x08002b74   0x00000044   Code   RO           53    .text.I2C_Config    i2c.o
    0x08002bb8   0x08002bb8   0x00000030   Code   RO           65    .text.I2C_NACK      i2c.o
    0x08002be8   0x08002be8   0x00000054   Code   RO           71    .text.I2C_Read_Byte  i2c.o
    0x08002c3c   0x08002c3c   0x00000018   Code   RO           57    .text.I2C_SDA_IN    i2c.o
    0x08002c54   0x08002c54   0x0000001c   Code   RO           55    .text.I2C_SDA_OUT   i2c.o
    0x08002c70   0x08002c70   0x0000004c   Code   RO           69    .text.I2C_Send_Byte  i2c.o
    0x08002cbc   0x08002cbc   0x00000030   Code   RO           59    .text.I2C_Start     i2c.o
    0x08002cec   0x08002cec   0x00000034   Code   RO           61    .text.I2C_Stop      i2c.o
    0x08002d20   0x08002d20   0x00000050   Code   RO           67    .text.I2C_Wait_ACK  i2c.o
    0x08002d70   0x08002d70   0x00000044   Code   RO          176    .text.IOSPI1_Read8Bits  iospi.o
    0x08002db4   0x08002db4   0x00000048   Code   RO          174    .text.IOSPI1_Write8Bits  iospi.o
    0x08002dfc   0x08002dfc   0x0000008c   Code   RO          178    .text.IOSPI_ReadData  iospi.o
    0x08002e88   0x08002e88   0x0000006a   Code   RO          172    .text.IOSPI_writeData  iospi.o
    0x08002ef2   0x08002ef2   0x00000002   PAD
    0x08002ef4   0x08002ef4   0x00000038   Code   RO          365    .text.IWDG_Refresh  iwdg.o
    0x08002f2c   0x08002f2c   0x000000a4   Code   RO          144    .text.InitAD7177    initad7177.o
    0x08002fd0   0x08002fd0   0x00000030   Code   RO          350    .text.MX_DMA_Init   dma.o
    0x08003000   0x08003000   0x00000164   Code   RO          337    .text.MX_GPIO_Init  gpio.o
    0x08003164   0x08003164   0x0000002c   Code   RO          363    .text.MX_IWDG_Init  iwdg.o
    0x08003190   0x08003190   0x0000003c   Code   RO          381    .text.MX_USART3_UART_Init  usart.o
    0x080031cc   0x080031cc   0x00000002   Code   RO          402    .text.MemManage_Handler  stm32f1xx_it.o
    0x080031ce   0x080031ce   0x00000002   PAD
    0x080031d0   0x080031d0   0x000005f0   Code   RO          280    .text.ModbusRtuTask  modbusrtu.o
    0x080037c0   0x080037c0   0x00000002   Code   RO          400    .text.NMI_Handler   stm32f1xx_it.o
    0x080037c2   0x080037c2   0x00000002   PAD
    0x080037c4   0x080037c4   0x00000034   Code   RO          207    .text.RegValue_To_Voltage  dataconversion.o
    0x080037f8   0x080037f8   0x00000002   Code   RO          408    .text.SVC_Handler   stm32f1xx_it.o
    0x080037fa   0x080037fa   0x00000012   Code   RO           21    .text.SysTick_Handler  board.o
    0x0800380c   0x0800380c   0x00000068   Code   RO          316    .text.SystemClock_Config  main.o
    0x08003874   0x08003874   0x00000058   Code   RO          979    .text.SystemCoreClockUpdate  system_stm32f1xx.o
    0x080038cc   0x080038cc   0x00000002   Code   RO          977    .text.SystemInit    system_stm32f1xx.o
    0x080038ce   0x080038ce   0x0000000c   Code   RO          934    .text.UART_DMAAbortOnError  stm32f1xx_hal_uart.o
    0x080038da   0x080038da   0x00000052   Code   RO          880    .text.UART_DMAError  stm32f1xx_hal_uart.o
    0x0800392c   0x0800392c   0x00000080   Code   RO          962    .text.UART_DMAReceiveCplt  stm32f1xx_hal_uart.o
    0x080039ac   0x080039ac   0x00000018   Code   RO          964    .text.UART_DMARxHalfCplt  stm32f1xx_hal_uart.o
    0x080039c4   0x080039c4   0x0000004e   Code   RO          894    .text.UART_EndRxTransfer  stm32f1xx_hal_uart.o
    0x08003a12   0x08003a12   0x0000001c   Code   RO          892    .text.UART_EndTxTransfer  stm32f1xx_hal_uart.o
    0x08003a2e   0x08003a2e   0x000000c8   Code   RO          932    .text.UART_Receive_IT  stm32f1xx_hal_uart.o
    0x08003af6   0x08003af6   0x00000002   PAD
    0x08003af8   0x08003af8   0x00000084   Code   RO          850    .text.UART_SetConfig  stm32f1xx_hal_uart.o
    0x08003b7c   0x08003b7c   0x00000098   Code   RO          884    .text.UART_Start_Receive_DMA  stm32f1xx_hal_uart.o
    0x08003c14   0x08003c14   0x0000006e   Code   RO          864    .text.UART_WaitOnFlagUntilTimeout  stm32f1xx_hal_uart.o
    0x08003c82   0x08003c82   0x00000002   PAD
    0x08003c84   0x08003c84   0x00000060   Code   RO          416    .text.USART3_IRQHandler  stm32f1xx_it.o
    0x08003ce4   0x08003ce4   0x00000002   Code   RO          406    .text.UsageFault_Handler  stm32f1xx_it.o
    0x08003ce6   0x08003ce6   0x00000002   PAD
    0x08003ce8   0x08003ce8   0x00000024   Code   RO          660    .text.__NVIC_SetPriority  stm32f1xx_hal_cortex.o
    0x08003d0c   0x08003d0c   0x00000034   Code   RO         1206    .text.__rt_ffs      kservice.o
    0x08003d40   0x08003d40   0x0000007c   Code   RO         1348    .text._rt_thread_init  thread.o
    0x08003dbc   0x08003dbc   0x0000001e   Code   RO         1344    .text._thread_cleanup_execute  thread.o
    0x08003dda   0x08003dda   0x00000002   PAD
    0x08003ddc   0x08003ddc   0x00000034   Code   RO          264    .text.calculate_crc16_modbus  crc16.o
    0x08003e10   0x08003e10   0x00000090   Code   RO           39    .text.cpu_usage_idle_hook  cpu_usage.o
    0x08003ea0   0x08003ea0   0x0000000c   Code   RO           37    .text.cpu_usage_init  cpu_usage.o
    0x08003eac   0x08003eac   0x00000018   Code   RO          193    .text.data_conversion_thread_entry  dataconversion.o
    0x08003ec4   0x08003ec4   0x00000114   Code   RO          249    .text.data_process_thread_entry  dataprocess.o
    0x08003fd8   0x08003fd8   0x00000020   Code   RO          278    .text.data_send_thread_entry  modbusrtu.o
    0x08003ff8   0x08003ff8   0x00000624   Code   RO           84    .text.eeprom_thread_entry  eeprom.o
    0x0800461c   0x0800461c   0x00000008   Code   RO          308    .text.get_data_process_sem  main.o
    0x08004624   0x08004624   0x00000008   Code   RO          312    .text.get_eeprom_sem  main.o
    0x0800462c   0x0800462c   0x00000008   Code   RO          306    .text.get_semaphore  main.o
    0x08004634   0x08004634   0x00000008   Code   RO          310    .text.get_uart3_sem  main.o
    0x0800463c   0x0800463c   0x00000018   Code   RO          245    .text.init_sliding_average  dataprocess.o
    0x08004654   0x08004654   0x0000002c   Code   RO          318    .text.led1_thread_entry  main.o
    0x08004680   0x08004680   0x00000284   Code   RO          314    .text.main          main.o
    0x08004904   0x08004904   0x0000001c   Code   RO         1033    .text.main_thread_entry  components.o
    0x08004920   0x08004920   0x00000068   Code   RO         1234    .text.plug_holes    mem.o
    0x08004988   0x08004988   0x00000170   Code   RO         1190    .text.print_number  kservice.o
    0x08004af8   0x08004af8   0x0000002c   Code   RO         1035    .text.rt_application_init  components.o
    0x08004b24   0x08004b24   0x0000001c   Code   RO         1025    .text.rt_components_board_init  components.o
    0x08004b40   0x08004b40   0x00000018   Code   RO         1315    .text.rt_enter_critical  scheduler.o
    0x08004b58   0x08004b58   0x00000040   Code   RO         1317    .text.rt_exit_critical  scheduler.o
    0x08004b98   0x08004b98   0x000000d4   Code   RO         1232    .text.rt_free       mem.o
    0x08004c6c   0x08004c6c   0x00000004   Code   RO           15    .text.rt_heap_begin_get  board.o
    0x08004c70   0x08004c70   0x0000000c   Code   RO           17    .text.rt_heap_end_get  board.o
    0x08004c7c   0x08004c7c   0x00000050   Code   RO           19    .text.rt_hw_board_init  board.o
    0x08004ccc   0x08004ccc   0x00000050   Code   RO           13    .text.rt_hw_console_output  board.o
    0x08004d1c   0x08004d1c   0x00000158   Code   RO         1440    .text.rt_hw_hard_fault_exception  cpuport.o
    0x08004e74   0x08004e74   0x0000003c   Code   RO         1436    .text.rt_hw_stack_init  cpuport.o
    0x08004eb0   0x08004eb0   0x00000030   Code   RO           11    .text.rt_hw_us_delay  board.o
    0x08004ee0   0x08004ee0   0x00000028   Code   RO         1132    .text.rt_interrupt_enter  irq.o
    0x08004f08   0x08004f08   0x0000002c   Code   RO         1134    .text.rt_interrupt_leave  irq.o
    0x08004f34   0x08004f34   0x00000008   Code   RO         1097    .text.rt_ipc_list_resume  ipc.o
    0x08004f3c   0x08004f3c   0x0000004e   Code   RO         1091    .text.rt_ipc_list_suspend  ipc.o
    0x08004f8a   0x08004f8a   0x00000002   PAD
    0x08004f8c   0x08004f8c   0x0000002c   Code   RO         1184    .text.rt_kprintf    kservice.o
    0x08004fb8   0x08004fb8   0x00000100   Code   RO         1228    .text.rt_malloc     mem.o
    0x080050b8   0x080050b8   0x00000088   Code   RO         1158    .text.rt_memset     kservice.o
    0x08005140   0x08005140   0x00000078   Code   RO         1276    .text.rt_object_allocate  object.o
    0x080051b8   0x080051b8   0x00000038   Code   RO         1278    .text.rt_object_delete  object.o
    0x080051f0   0x080051f0   0x00000034   Code   RO         1274    .text.rt_object_detach  object.o
    0x08005224   0x08005224   0x00000078   Code   RO         1272    .text.rt_object_init  object.o
    0x0800529c   0x0800529c   0x00000006   Code   RO         1280    .text.rt_object_is_systemobject  object.o
    0x080052a2   0x080052a2   0x00000002   PAD
    0x080052a4   0x080052a4   0x00000068   Code   RO         1309    .text.rt_schedule   scheduler.o
    0x0800530c   0x0800530c   0x00000044   Code   RO         1311    .text.rt_schedule_insert_thread  scheduler.o
    0x08005350   0x08005350   0x00000040   Code   RO         1313    .text.rt_schedule_remove_thread  scheduler.o
    0x08005390   0x08005390   0x0000001e   Code   RO         1085    .text.rt_sem_create  ipc.o
    0x080053ae   0x080053ae   0x00000020   Code   RO         1079    .text.rt_sem_init   ipc.o
    0x080053ce   0x080053ce   0x00000002   PAD
    0x080053d0   0x080053d0   0x00000058   Code   RO         1095    .text.rt_sem_release  ipc.o
    0x08005428   0x08005428   0x0000008c   Code   RO         1089    .text.rt_sem_take   ipc.o
    0x080054b4   0x080054b4   0x000000b0   Code   RO         1182    .text.rt_show_version  kservice.o
    0x08005564   0x08005564   0x00000034   Code   RO         1172    .text.rt_strncpy    kservice.o
    0x08005598   0x08005598   0x000000b0   Code   RO         1226    .text.rt_system_heap_init  mem.o
    0x08005648   0x08005648   0x00000034   Code   RO         1305    .text.rt_system_scheduler_init  scheduler.o
    0x0800567c   0x0800567c   0x0000002c   Code   RO         1307    .text.rt_system_scheduler_start  scheduler.o
    0x080056a8   0x080056a8   0x00000010   Code   RO         1416    .text.rt_system_timer_init  timer.o
    0x080056b8   0x080056b8   0x00000002   Code   RO         1418    .text.rt_system_timer_thread_init  timer.o
    0x080056ba   0x080056ba   0x00000042   Code   RO         1358    .text.rt_thread_create  thread.o
    0x080056fc   0x080056fc   0x0000000a   Code   RO         1368    .text.rt_thread_delay  thread.o
    0x08005706   0x08005706   0x00000002   PAD
    0x08005708   0x08005708   0x00000058   Code   RO         1342    .text.rt_thread_exit  thread.o
    0x08005760   0x08005760   0x00000020   Code   RO         1061    .text.rt_thread_idle_entry  idle.o
    0x08005780   0x08005780   0x00000044   Code   RO         1057    .text.rt_thread_idle_excute  idle.o
    0x080057c4   0x080057c4   0x00000044   Code   RO         1059    .text.rt_thread_idle_init  idle.o
    0x08005808   0x08005808   0x00000030   Code   RO         1053    .text.rt_thread_idle_sethook  idle.o
    0x08005838   0x08005838   0x0000002e   Code   RO         1346    .text.rt_thread_init  thread.o
    0x08005866   0x08005866   0x00000002   PAD
    0x08005868   0x08005868   0x00000054   Code   RO         1354    .text.rt_thread_resume  thread.o
    0x080058bc   0x080058bc   0x00000008   Code   RO         1350    .text.rt_thread_self  thread.o
    0x080058c4   0x080058c4   0x00000044   Code   RO         1364    .text.rt_thread_sleep  thread.o
    0x08005908   0x08005908   0x0000002c   Code   RO         1352    .text.rt_thread_startup  thread.o
    0x08005934   0x08005934   0x00000054   Code   RO         1366    .text.rt_thread_suspend  thread.o
    0x08005988   0x08005988   0x00000026   Code   RO         1376    .text.rt_thread_timeout  thread.o
    0x080059ae   0x080059ae   0x00000002   PAD
    0x080059b0   0x080059b0   0x00000064   Code   RO         1362    .text.rt_thread_yield  thread.o
    0x08005a14   0x08005a14   0x00000008   Code   RO          997    .text.rt_tick_get   clock.o
    0x08005a1c   0x08005a1c   0x0000002c   Code   RO         1001    .text.rt_tick_increase  clock.o
    0x08005a48   0x08005a48   0x000000b8   Code   RO         1412    .text.rt_timer_check  timer.o
    0x08005b00   0x08005b00   0x0000004a   Code   RO         1410    .text.rt_timer_control  timer.o
    0x08005b4a   0x08005b4a   0x00000030   Code   RO         1400    .text.rt_timer_detach  timer.o
    0x08005b7a   0x08005b7a   0x0000002e   Code   RO         1398    .text.rt_timer_init  timer.o
    0x08005ba8   0x08005ba8   0x00000094   Code   RO         1406    .text.rt_timer_start  timer.o
    0x08005c3c   0x08005c3c   0x00000048   Code   RO         1408    .text.rt_timer_stop  timer.o
    0x08005c84   0x08005c84   0x000002a8   Code   RO         1186    .text.rt_vsnprintf  kservice.o
    0x08005f2c   0x08005f2c   0x00000004   Code   RO         1021    .text.rti_board_end  components.o
    0x08005f30   0x08005f30   0x00000004   Code   RO         1019    .text.rti_board_start  components.o
    0x08005f34   0x08005f34   0x00000004   Code   RO         1023    .text.rti_end       components.o
    0x08005f38   0x08005f38   0x00000004   Code   RO         1017    .text.rti_start     components.o
    0x08005f3c   0x08005f3c   0x0000002a   Code   RO         1031    .text.rtthread_startup  components.o
    0x08005f66   0x08005f66   0x00000024   Code   RO         1188    .text.skip_atoi     kservice.o
    0x08005f8a   0x08005f8a   0x00000066   Code   RO          247    .text.update_sliding_average  dataprocess.o
    0x08005ff0   0x08005ff0   0x00000010   Code   RO          367    .text.watchdog_thread_entry  iwdg.o
    0x08006000   0x08006000   0x0000000e   Code   RO         1799    i.__scatterload_copy  mc_w.l(handlers.o)
    0x0800600e   0x0800600e   0x00000002   Code   RO         1800    i.__scatterload_null  mc_w.l(handlers.o)
    0x08006010   0x08006010   0x0000000e   Code   RO         1801    i.__scatterload_zeroinit  mc_w.l(handlers.o)
    0x0800601e   0x0800601e   0x00000010   Data   RO          982    .rodata.AHBPrescTable  system_stm32f1xx.o
    0x0800602e   0x0800602e   0x00000008   Data   RO          983    .rodata.APBPrescTable  system_stm32f1xx.o
    0x08006036   0x08006036   0x00000100   Data   RO         1210    .rodata.__lowest_bit_bitmap  kservice.o
    0x08006136   0x08006136   0x00000085   Data   RO         1447    .rodata.str1.1      cpuport.o
    0x080061bb   0x080061bb   0x00000001   PAD
    0x080061bc   0x080061bc   0x00000004   Data   RO         1037    .rti_fn.0           components.o
    0x080061c0   0x080061c0   0x00000004   Data   RO         1038    .rti_fn.0.end       components.o
    0x080061c4   0x080061c4   0x00000004   Data   RO         1039    .rti_fn.1.end       components.o
    0x080061c8   0x080061c8   0x00000004   Data   RO         1040    .rti_fn.6.end       components.o
    0x080061cc   0x080061cc   0x00000020   Data   RO         1797    Region$$Table       anon$$obj.o


    Execution Region RW_IRAM1 (Exec base: 0x20000000, Load base: 0x080061f0, Size: 0x000094e0, Max: 0x00010000, ABSOLUTE, COMPRESSED[0x000002d0])

    Exec Addr    Load Addr    Size         Type   Attr      Idx    E Section Name        Object

    0x20000000   COMPRESSED   0x0000000c   Data   RW           97    .data..L_MergedGlobals  eeprom.o
    0x2000000c   COMPRESSED   0x0000000c   Data   RW          524    .data..L_MergedGlobals  stm32f1xx_hal.o
    0x20000018   COMPRESSED   0x00000004   Data   RW          981    .data.SystemCoreClock  system_stm32f1xx.o
    0x2000001c   COMPRESSED   0x00000144   Data   RW          154    .data.ad7177_2_regs  initad7177.o
    0x20000160   COMPRESSED   0x00000200   Data   RW          266    .data.crc16_modbus_table  crc16.o
    0x20000360   COMPRESSED   0x0000000c   Data   RW          146    .data.device1       initad7177.o
    0x2000036c   COMPRESSED   0x0000000c   Data   RW          147    .data.device2       initad7177.o
    0x20000378   COMPRESSED   0x0000000c   Data   RW          148    .data.device3       initad7177.o
    0x20000384   COMPRESSED   0x0000000c   Data   RW          149    .data.device4       initad7177.o
    0x20000390   COMPRESSED   0x0000000c   Data   RW          150    .data.device5       initad7177.o
    0x2000039c   COMPRESSED   0x0000000c   Data   RW          151    .data.device6       initad7177.o
    0x200003a8   COMPRESSED   0x0000000c   Data   RW          152    .data.device7       initad7177.o
    0x200003b4   COMPRESSED   0x0000000c   Data   RW          153    .data.device8       initad7177.o
    0x200003c0   COMPRESSED   0x00000040   Data   RW         1291    .data.rt_object_container  object.o
    0x20000400        -       0x00000008   Zero   RW           41    .bss..L_MergedGlobals  cpu_usage.o
    0x20000408   COMPRESSED   0x00000008   PAD
    0x20000410        -       0x00000080   Zero   RW          233    .bss..L_MergedGlobals  dataconversion.o
    0x20000490        -       0x0000000c   Zero   RW          294    .bss..L_MergedGlobals  modbusrtu.o
    0x2000049c        -       0x00000010   Zero   RW          323    .bss..L_MergedGlobals  main.o
    0x200004ac   COMPRESSED   0x00000004   PAD
    0x200004b0        -       0x00000048   Zero   RW         1240    .bss..L_MergedGlobals  mem.o
    0x200004f8   COMPRESSED   0x00000008   PAD
    0x20000500        -       0x00000014   Zero   RW         1322    .bss..L_MergedGlobals  scheduler.o
    0x20000514   COMPRESSED   0x0000000c   PAD
    0x20000520        -       0x00000014   Zero   RW         1420    .bss..L_MergedGlobals  timer.o
    0x20000534        -       0x00000008   Zero   RW         1323    .bss..L_MergedGlobals.1  scheduler.o
    0x2000053c        -       0x00000100   Zero   RW          289    .bss.Data_Without_CRC  modbusrtu.o
    0x2000063c        -       0x0000001b   Zero   RW          252    .bss.Flag           dataprocess.o
    0x20000657        -       0x00000001   Zero   RW          227    .bss.Get_R1.R1_Channel_State  dataconversion.o
    0x20000658        -       0x00000001   Zero   RW          228    .bss.Get_R2.R2_Channel_State  dataconversion.o
    0x20000659        -       0x00000001   Zero   RW          229    .bss.Get_R3.R3_Channel_State  dataconversion.o
    0x2000065a        -       0x00000001   Zero   RW          230    .bss.Get_R4.R4_Channel_State  dataconversion.o
    0x2000065b        -       0x00000001   Zero   RW          231    .bss.Get_Voltage.Voltage_Channel_State  dataconversion.o
    0x2000065c        -       0x0000009c   Zero   RW          290    .bss.Register       modbusrtu.o
    0x200006f8        -       0x00000100   Zero   RW          291    .bss.Register_Array  modbusrtu.o
    0x200007f8        -       0x00000100   Zero   RW          292    .bss.Register_Value  modbusrtu.o
    0x200008f8        -       0x000000f0   Zero   RW          251    .bss.data           dataprocess.o
    0x200009e8        -       0x00000044   Zero   RW          388    .bss.hdma_usart3_rx  usart.o
    0x20000a2c        -       0x0000000c   Zero   RW          369    .bss.hiwdg          iwdg.o
    0x20000a38        -       0x00000048   Zero   RW          387    .bss.huart3         usart.o
    0x20000a80        -       0x00000088   Zero   RW         1066    .bss.idle           idle.o
    0x20000b08        -       0x00000010   Zero   RW         1065    .bss.idle_hook_list  idle.o
    0x20000b18        -       0x00000004   Zero   RW         1446    .bss.rt_exception_hook  cpuport.o
    0x20000b1c        -       0x00008000   Zero   RW           23    .bss.rt_heap        board.o
    0x20008b1c        -       0x00000004   Zero   RW         1138    .bss.rt_interrupt_enter_hook  irq.o
    0x20008b20        -       0x00000004   Zero   RW         1448    .bss.rt_interrupt_from_thread  cpuport.o
    0x20008b24        -       0x00000004   Zero   RW         1139    .bss.rt_interrupt_leave_hook  irq.o
    0x20008b28        -       0x00000001   Zero   RW         1140    .bss.rt_interrupt_nest  irq.o
    0x20008b29   COMPRESSED   0x00000003   PAD
    0x20008b2c        -       0x00000004   Zero   RW         1449    .bss.rt_interrupt_to_thread  cpuport.o
    0x20008b30        -       0x00000080   Zero   RW         1209    .bss.rt_kprintf.rt_log_buf  kservice.o
    0x20008bb0        -       0x00000004   Zero   RW         1286    .bss.rt_object_attach_hook  object.o
    0x20008bb4        -       0x00000004   Zero   RW         1287    .bss.rt_object_detach_hook  object.o
    0x20008bb8        -       0x00000004   Zero   RW         1290    .bss.rt_object_put_hook  object.o
    0x20008bbc        -       0x00000004   Zero   RW         1289    .bss.rt_object_take_hook  object.o
    0x20008bc0        -       0x00000004   Zero   RW         1288    .bss.rt_object_trytake_hook  object.o
    0x20008bc4        -       0x00000004   Zero   RW         1382    .bss.rt_thread_inited_hook  thread.o
    0x20008bc8        -       0x00000100   Zero   RW         1321    .bss.rt_thread_priority_table  scheduler.o
    0x20008cc8        -       0x00000004   Zero   RW         1381    .bss.rt_thread_resume_hook  thread.o
    0x20008ccc        -       0x00000100   Zero   RW         1067    .bss.rt_thread_stack  idle.o
    0x20008dcc        -       0x00000004   Zero   RW         1380    .bss.rt_thread_suspend_hook  thread.o
    0x20008dd0        -       0x00000004   Zero   RW         1450    .bss.rt_thread_switch_interrupt_flag  cpuport.o
    0x20008dd4        -       0x00000004   Zero   RW         1005    .bss.rt_tick        clock.o
    0x20008dd8        -       0x00000100   Zero   RW          293    .bss.tx_data        modbusrtu.o
    0x20008ed8        -       0x00000201   Zero   RW          288    .bss.uart3          modbusrtu.o
    0x200090d9   COMPRESSED   0x00000007   PAD
    0x200090e0        -       0x00000400   Zero   RW            1    STACK               startup_stm32f103xe.o


==============================================================================

Image component sizes


      Code (inc. data)   RO Data    RW Data    ZI Data      Debug   Object Name

       490          0          0          0          0       6549   ad717x.o
       242         28          0          0      32768       2556   board.o
        52          4          0          0          4       2827   clock.o
       168         24         16          0          0       3749   components.o
       244         28          0          0          0        756   context_rvds.o
       156          8          0          0          8       1628   cpu_usage.o
       404        204        133          0         16       2995   cpuport.o
        52          4          0        512          0       1143   crc16.o
      2300        260          0          0        133       8058   dataconversion.o
       402         16          0          0        267       4818   dataprocess.o
        48          4          0          0          0       2450   dma.o
      2400         28          0         12          0       8433   eeprom.o
       392         24          0          0          0       4383   gpio.o
       556         12          0          0          0       3191   i2c.o
       216         28          0          0        408       4169   idle.o
       164          8          0        420          0       2427   initad7177.o
       690         44          0          0          0       3421   iospi.o
       376         12          0          0          0      10413   ipc.o
        84         12          0          0          9       1661   irq.o
       116         40          0          0         12       1651   iwdg.o
      1544        206        256          0        128      13734   kservice.o
       832        216          0          0         16       6719   main.o
       748        156          0          0         72       5141   mem.o
      1552         54          0          0       1705       9162   modbusrtu.o
       354         12          0         64         20       7543   object.o
       420         24          0          0        284       5281   scheduler.o
        36          8        304          0       1024        780   startup_stm32f103xe.o
       104          8          0         12          0       6892   stm32f1xx_hal.o
       240         32          0          0          0       9213   stm32f1xx_hal_cortex.o
      1056         52          0          0          0       7164   stm32f1xx_hal_dma.o
       488         52          0          0          0       4772   stm32f1xx_hal_gpio.o
        96          0          0          0          0       1735   stm32f1xx_hal_iwdg.o
        64          8          0          0          0       1362   stm32f1xx_hal_msp.o
      1328         72          0          0          0       7675   stm32f1xx_hal_rcc.o
      2044         20          0          0          0      23849   stm32f1xx_hal_uart.o
       126         12          0          0          0       2403   stm32f1xx_it.o
        90         20         24          4          0       1722   system_stm32f1xx.o
       790         28          0          0         12       9794   thread.o
       590         26          0          0         20       8634   timer.o
       236         16          0          0        140       6321   usart.o

    ----------------------------------------------------------------------
     22330       1810        766       1024      37088     217174   Object Totals
         0          0         32          0          0          0   (incl. Generated)
        40          0          1          0         42          0   (incl. Padding)

    ----------------------------------------------------------------------

      Code (inc. data)   RO Data    RW Data    ZI Data      Debug   Library Member Name

        58          0          0          0          0          0   __dczerorl.o
         0          0          0          0          0          0   entry.o
         0          0          0          0          0          0   entry10a.o
         0          0          0          0          0          0   entry11a.o
         8          4          0          0          0          0   entry2.o
         4          0          0          0          0          0   entry5.o
         0          0          0          0          0          0   entry7b.o
         0          0          0          0          0          0   entry8b.o
         8          4          0          0          0          0   entry9a.o
        30          0          0          0          0          0   handlers.o
        36          8          0          0          0         68   init.o
         0          0          0          0          0          0   iusefp.o
        30          0          0          0          0         68   llshl.o
        36          0          0          0          0         68   llsshr.o
        32          0          0          0          0         68   llushr.o
        36          0          0          0          0         68   memcpya.o
        36          0          0          0          0        108   memseta.o
        56          0          0          0          0         88   d2f.o
       334          0          0          0          0        148   dadd.o
       222          0          0          0          0        100   ddiv.o
       186          0          0          0          0        176   depilogue.o
       228          0          0          0          0         96   dmul.o
        38          0          0          0          0         68   f2d.o
       176          0          0          0          0        140   fadd.o
        28          0          0          0          0         68   fcmpge.o
        28          0          0          0          0         68   fcmpgt.o
       124          0          0          0          0         88   fdiv.o
       110          0          0          0          0        168   fepilogue.o
        18          0          0          0          0         68   fflti.o
        10          0          0          0          0         68   ffltui.o
       100          0          0          0          0         76   fmul.o

    ----------------------------------------------------------------------
      1972         16          0          0          0       1868   Library Totals
         0          0          0          0          0          0   (incl. Padding)

    ----------------------------------------------------------------------

      Code (inc. data)   RO Data    RW Data    ZI Data      Debug   Library Name

       314         16          0          0          0        448   mc_w.l
      1658          0          0          0          0       1420   mf_w.l

    ----------------------------------------------------------------------
      1972         16          0          0          0       1868   Library Totals

    ----------------------------------------------------------------------

==============================================================================


      Code (inc. data)   RO Data    RW Data    ZI Data      Debug   

     24302       1826        766       1024      37088     217746   Grand Totals
     24302       1826        766        720      37088     217746   ELF Image Totals (compressed)
     24302       1826        766        720          0          0   ROM Totals

==============================================================================

    Total RO  Size (Code + RO Data)                25068 (  24.48kB)
    Total RW  Size (RW Data + ZI Data)             38112 (  37.22kB)
    Total ROM Size (Code + RO Data + RW Data)      25788 (  25.18kB)

==============================================================================

